<html>
<body>
<pre>
<h1>礦ision Build Log</h1>
<h2>Project:</h2>
E:\github\KeilRelay\USER\ATK-HC05.uvproj
Project File Date:  04/19/2015

<h2>Output:</h2>
Rebuild target 'ATK-HC05'
compiling main.c...
compiling stm32f4xx_it.c...
compiling system_stm32f4xx.c...
compiling led.c...
compiling key.c...
compiling lcd.c...
compiling timer.c...
compiling usart3.c...
compiling hc05.c...
compiling relay.c...
compiling delay.c...
compiling sys.c...
compiling usart.c...
assembling startup_stm32f40_41xxx.s...
compiling misc.c...
compiling stm32f4xx_gpio.c...
compiling stm32f4xx_fsmc.c...
compiling stm32f4xx_rcc.c...
compiling stm32f4xx_syscfg.c...
compiling stm32f4xx_usart.c...
compiling stm32f4xx_tim.c...
compiling usmart.c...
compiling usmart_config.c...
compiling usmart_str.c...
linking...
Program Size: Code=41422 RO-data=7202 RW-data=360 ZI-data=2648  
FromELF: creating hex file...
"..\OBJ\ATK-HC05.axf" - 0 Error(s), 0 Warning(s).
1 error
"main.c" - 1 Error(s), 1 Warning(s).
compiling main.c...
main.c(64): warning:  #223-D: function "RELAY_Init" declared implicitly
        RELAY_Init(void); 
main.c(64): error:  #29: expected an expression
        RELAY_Init(void); 
main.c(151): error:  #20: identifier "JDQ" is undefined
                                        JDQ=0;//打开继电器
main.c: 1 warning, 2 errors
"main.c" - 2 Error(s), 1 Warning(s).
RELAY_Init();               //初始化继电器
main.c(150): error:  #20: identifier "JDQ" is undefined
                                        JDQ=0;//打开继电器
main.c: 1 warning, 1 error
"main.c" - 1 Error(s), 1 Warning(s).
compiling relay.c...
..\HARDWARE\RELAY\relay.h(28): warning:  #1-D: last line of file ends without a newline
  #endif
..\HARDWARE\RELAY\relay.c: 1 warning, 0 errors
"..\HARDWARE\RELAY\relay.c" - 0 Error(s), 1 Warning(s).
