Product: MDK-ARM Professional 5.10
Component: ARM Compiler 5.04 update 1 (build 49)
Tool: armlink [5040049]

==============================================================================

Section Cross References

    main.o(.text) refers to _printf_percent.o(.ARM.Collect$$_printf_percent$$00000000) for _printf_percent
    main.o(.text) refers to _printf_d.o(.ARM.Collect$$_printf_percent$$00000009) for _printf_d
    main.o(.text) refers to _printf_dec.o(.text) for _printf_int_dec
    main.o(.text) refers to hc05.o(.text) for HC05_Get_Role
    main.o(.text) refers to lcd.o(.text) for LCD_ShowString
    main.o(.text) refers to __2printf.o(.text) for __2printf
    main.o(.text) refers to misc.o(.text) for NVIC_PriorityGroupConfig
    main.o(.text) refers to delay.o(.text) for delay_init
    main.o(.text) refers to usart.o(.text) for uart_init
    main.o(.text) refers to led.o(.text) for LED_Init
    main.o(.text) refers to key.o(.text) for KEY_Init
    main.o(.text) refers to __2sprintf.o(.text) for __2sprintf
    main.o(.text) refers to usart3.o(.text) for u3_printf
    main.o(.text) refers to strcmpv7m.o(.text) for strcmp
    main.o(.text) refers to usmart_config.o(.data) for usmart_dev
    main.o(.text) refers to lcd.o(.data) for POINT_COLOR
    main.o(.text) refers to usart3.o(.data) for USART3_RX_STA
    main.o(.text) refers to usart3.o(.bss) for USART3_RX_BUF
    system_stm32f4xx.o(.text) refers to system_stm32f4xx.o(.data) for SystemCoreClock
    led.o(.text) refers to stm32f4xx_rcc.o(.text) for RCC_AHB1PeriphClockCmd
    led.o(.text) refers to stm32f4xx_gpio.o(.text) for GPIO_Init
    key.o(.text) refers to stm32f4xx_rcc.o(.text) for RCC_AHB1PeriphClockCmd
    key.o(.text) refers to stm32f4xx_gpio.o(.text) for GPIO_Init
    key.o(.text) refers to delay.o(.text) for delay_ms
    key.o(.text) refers to key.o(.data) for key_up
    lcd.o(.text) refers to _printf_percent.o(.ARM.Collect$$_printf_percent$$00000000) for _printf_percent
    lcd.o(.text) refers to _printf_x.o(.ARM.Collect$$_printf_percent$$0000000C) for _printf_x
    lcd.o(.text) refers to _printf_hex_int_ll_ptr.o(.text) for _printf_longlong_hex
    lcd.o(.text) refers to delay.o(.text) for delay_us
    lcd.o(.text) refers to lcd.o(.bss) for lcddev
    lcd.o(.text) refers to lcd.o(.data) for POINT_COLOR
    lcd.o(.text) refers to stm32f4xx_rcc.o(.text) for RCC_AHB1PeriphClockCmd
    lcd.o(.text) refers to stm32f4xx_gpio.o(.text) for GPIO_Init
    lcd.o(.text) refers to stm32f4xx_fsmc.o(.text) for FSMC_NORSRAMInit
    lcd.o(.text) refers to __2printf.o(.text) for __2printf
    lcd.o(.text) refers to lcd.o(.constdata) for asc2_1206
    timer.o(.text) refers to stm32f4xx_tim.o(.text) for TIM_GetITStatus
    timer.o(.text) refers to stm32f4xx_rcc.o(.text) for RCC_APB1PeriphClockCmd
    timer.o(.text) refers to misc.o(.text) for NVIC_Init
    timer.o(.text) refers to usart3.o(.data) for USART3_RX_STA
    usart3.o(.text) refers to stm32f4xx_usart.o(.text) for USART_GetITStatus
    usart3.o(.text) refers to stm32f4xx_tim.o(.text) for TIM_SetCounter
    usart3.o(.text) refers to stm32f4xx_rcc.o(.text) for RCC_AHB1PeriphClockCmd
    usart3.o(.text) refers to stm32f4xx_gpio.o(.text) for GPIO_PinAFConfig
    usart3.o(.text) refers to misc.o(.text) for NVIC_Init
    usart3.o(.text) refers to timer.o(.text) for TIM7_Int_Init
    usart3.o(.text) refers to c89vsprintf.o(.text) for __c89vsprintf
    usart3.o(.text) refers to strlen.o(.text) for strlen
    usart3.o(.text) refers to usart3.o(.data) for USART3_RX_STA
    usart3.o(.text) refers to usart3.o(.bss) for USART3_RX_BUF
    hc05.o(.text) refers to _printf_percent.o(.ARM.Collect$$_printf_percent$$00000000) for _printf_percent
    hc05.o(.text) refers to _printf_s.o(.ARM.Collect$$_printf_percent$$00000014) for _printf_s
    hc05.o(.text) refers to _printf_str.o(.text) for _printf_str
    hc05.o(.text) refers to stm32f4xx_rcc.o(.text) for RCC_AHB1PeriphClockCmd
    hc05.o(.text) refers to stm32f4xx_gpio.o(.text) for GPIO_Init
    hc05.o(.text) refers to usart3.o(.text) for usart3_init
    hc05.o(.text) refers to delay.o(.text) for delay_ms
    hc05.o(.text) refers to __2printf.o(.text) for __2printf
    hc05.o(.text) refers to usart3.o(.data) for USART3_RX_STA
    hc05.o(.text) refers to usart3.o(.bss) for USART3_RX_BUF
    delay.o(.text) refers to misc.o(.text) for SysTick_CLKSourceConfig
    delay.o(.text) refers to delay.o(.data) for fac_us
    usart.o(.rev16_text) refers (Special) to use_no_semi_2.o(.text) for __use_no_semihosting
    usart.o(.revsh_text) refers (Special) to use_no_semi_2.o(.text) for __use_no_semihosting
    usart.o(.text) refers (Special) to use_no_semi_2.o(.text) for __use_no_semihosting
    usart.o(.text) refers to stm32f4xx_rcc.o(.text) for RCC_AHB1PeriphClockCmd
    usart.o(.text) refers to stm32f4xx_gpio.o(.text) for GPIO_PinAFConfig
    usart.o(.text) refers to stm32f4xx_usart.o(.text) for USART_Init
    usart.o(.text) refers to misc.o(.text) for NVIC_Init
[...]
    _printf_longlong_oct_internal            0x08009371   Thumb Code     0  _printf_oct_int_ll.o(.text)
    .text                                    0x080093e0   Section      138  lludiv10.o(.text)
    .text                                    0x0800946a   Section        0  _printf_fp_dec.o(.text)
    _fp_digits                               0x0800946d   Thumb Code   428  _printf_fp_dec.o(.text)
    .text                                    0x08009880   Section        0  _printf_wchar.o(.text)
    .text                                    0x080098ac   Section        0  ferror.o(.text)
    .text                                    0x080098b4   Section        0  _wcrtomb.o(.text)
    .text                                    0x080098f4   Section       74  sys_stackheap_outer.o(.text)
    .text                                    0x08009940   Section       16  rt_ctype_table.o(.text)
    .text                                    0x08009950   Section        8  rt_locale_intlibspace.o(.text)
    .text                                    0x08009958   Section        0  _printf_fp_infnan.o(.text)
    .text                                    0x080099d8   Section        0  bigflt0.o(.text)
    .text                                    0x08009ab0   Section        0  exit.o(.text)
    .text                                    0x08009abc   Section        8  libspace.o(.text)
    CL$$btod_d2e                             0x08009ac4   Section       62  btod.o(CL$$btod_d2e)
    CL$$btod_d2e_denorm_low                  0x08009b02   Section       70  btod.o(CL$$btod_d2e_denorm_low)
    CL$$btod_d2e_norm_op1                    0x08009b48   Section       96  btod.o(CL$$btod_d2e_norm_op1)
    CL$$btod_div_common                      0x08009ba8   Section      824  btod.o(CL$$btod_div_common)
    CL$$btod_e2e                             0x08009ee0   Section      198  btod.o(CL$$btod_e2e)
    CL$$btod_ediv                            0x08009fa6   Section       40  btod.o(CL$$btod_ediv)
    CL$$btod_emul                            0x08009fce   Section       40  btod.o(CL$$btod_emul)
    CL$$btod_mult_common                     0x08009ff6   Section      580  btod.o(CL$$btod_mult_common)
    i.__ARM_fpclassify                       0x0800a23a   Section        0  fpclassify.o(i.__ARM_fpclassify)
    i._is_digit                              0x0800a26a   Section        0  __printf_wp.o(i._is_digit)
    locale$$code                             0x0800a278   Section       44  lc_numeric_c.o(locale$$code)
    locale$$code                             0x0800a2a4   Section       44  lc_ctype_c.o(locale$$code)
    x$fpl$fpinit                             0x0800a2d0   Section       10  fpinit.o(x$fpl$fpinit)
    $v0                                      0x0800a2d0   Number         0  fpinit.o(x$fpl$fpinit)
    x$fpl$printf1                            0x0800a2da   Section        4  printf1.o(x$fpl$printf1)
    $v0                                      0x0800a2da   Number         0  printf1.o(x$fpl$printf1)
    .constdata                               0x0800a2de   Section     6080  lcd.o(.constdata)
    x$fpl$usenofp                            0x0800a2de   Section        0  usenofp.o(x$fpl$usenofp)
    .constdata                               0x0800baa0   Section       28  stm32f4xx_fsmc.o(.constdata)
    .constdata                               0x0800babc   Section       40  _printf_hex_int_ll_ptr.o(.constdata)
    uc_hextab                                0x0800babc   Data          20  _printf_hex_int_ll_ptr.o(.constdata)
    lc_hextab                                0x0800bad0   Data          20  _printf_hex_int_ll_ptr.o(.constdata)
    .constdata                               0x0800bae4   Section       17  __printf_flags_ss_wp.o(.constdata)
    maptable                                 0x0800bae4   Data          17  __printf_flags_ss_wp.o(.constdata)
    .constdata                               0x0800baf8   Section        8  _printf_wctomb.o(.constdata)
    initial_mbstate                          0x0800baf8   Data           8  _printf_wctomb.o(.constdata)
    .constdata                               0x0800bb00   Section      148  bigflt0.o(.constdata)
    tenpwrs_x                                0x0800bb00   Data          60  bigflt0.o(.constdata)
    tenpwrs_i                                0x0800bb3c   Data          64  bigflt0.o(.constdata)
    .conststring                             0x0800bb94   Section       40  usmart.o(.conststring)
    .conststring                             0x0800bbbc   Section      111  usmart_config.o(.conststring)
    locale$$data                             0x0800bc4c   Section       28  lc_numeric_c.o(locale$$data)
    __lcnum_c_name                           0x0800bc50   Data           2  lc_numeric_c.o(locale$$data)
    __lcnum_c_start                          0x0800bc58   Data           0  lc_numeric_c.o(locale$$data)
    __lcnum_c_point                          0x0800bc64   Data           0  lc_numeric_c.o(locale$$data)
    __lcnum_c_thousands                      0x0800bc66   Data           0  lc_numeric_c.o(locale$$data)
    __lcnum_c_grouping                       0x0800bc67   Data           0  lc_numeric_c.o(locale$$data)
    locale$$data                             0x0800bc68   Section      272  lc_ctype_c.o(locale$$data)
    __lcnum_c_end                            0x0800bc68   Data           0  lc_numeric_c.o(locale$$data)
    __lcctype_c_name                         0x0800bc6c   Data           2  lc_ctype_c.o(locale$$data)
    __lcctype_c_start                        0x0800bc74   Data           0  lc_ctype_c.o(locale$$data)
    __lcctype_c_end                          0x0800bd78   Data           0  lc_ctype_c.o(locale$$data)
    .data                                    0x20000000   Section       20  system_stm32f4xx.o(.data)
    .data                                    0x20000014   Section        1  key.o(.data)
    key_up                                   0x20000014   Data           1  key.o(.data)
    .data                                    0x20000016   Section        4  lcd.o(.data)
    .data                                    0x2000001a   Section        2  usart3.o(.data)
    .data                                    0x2000001c   Section        4  delay.o(.data)
    fac_us                                   0x2000001c   Data           1  delay.o(.data)
    fac_ms                                   0x2000001e   Data           2  delay.o(.data)
    .data                                    0x20000020   Section        6  usart.o(.data)
    .data                                    0x20000026   Section       16  stm32f4xx_rcc.o(.data)
    APBAHBPrescTable                         0x20000026   Data          16  stm32f4xx_rcc.o(.data)
    .data                                    0x20000038   Section       28  usmart.o(.data)
    .data                                    0x20000054   Section      276  usmart_config.o(.data)
    .bss                                     0x20000168   Section       14  lcd.o(.bss)
    .bss                                     0x20000178   Section      800  usart3.o(.bss)
    .bss                                     0x20000498   Section      200  usart.o(.bss)
    .bss                                     0x20000560   Section       96  libspace.o(.bss)
    HEAP                                     0x200005c0   Section      512  startup_stm32f40_41xxx.o(HEAP)
    Heap_Mem                                 0x200005c0   Data         512  startup_stm32f40_41xxx.o(HEAP)
    STACK                                    0x200007c0   Section     1024  startup_stm32f40_41xxx.o(STACK)
    Stack_Mem                                0x200007c0   Data        1024  startup_stm32f40_41xxx.o(STACK)
    __initial_sp                             0x20000bc0   Data           0  startup_stm32f40_41xxx.o(STACK)

    Global Symbols

    Symbol Name                              Value     Ov Type        Size  Object(Section)

    BuildAttributes$$THM_ISAv4$E$P$D$K$B$S$7EM$VFPi3$EXTD16$VFPS$VFMA$PE$A:L22UL41UL21$X:L11$S22US41US21$IEEE1$IW$USESV6$~STKCKD$USESV7$~SHL$OTIME$ROPI$IEEEJ$EBA8$UX$STANDARDLIB$REQ8$PRES8$EABIv2 0x00000000   Number         0  anon$$obj.o ABSOLUTE
    __ARM_use_no_argv                        0x00000000   Number         0  main.o ABSOLUTE
    _printf_flags                            0x00000000   Number         0  printf_stubs.o ABSOLUTE
    _printf_return_value                     0x00000000   Number         0  printf_stubs.o ABSOLUTE
    _printf_sizespec                         0x00000000   Number         0  printf_stubs.o ABSOLUTE
    _printf_widthprec                        0x00000000   Number         0  printf_stubs.o ABSOLUTE
    __ARM_exceptions_init                     - Undefined Weak Reference
    __alloca_initialize                       - Undefined Weak Reference
    __cpp_initialize__aeabi_                  - Undefined Weak Reference
    __cxa_finalize                            - Undefined Weak Reference
    __sigvec_lookup                           - Undefined Weak Reference
    _atexit_init                              - Undefined Weak Reference
    _call_atexit_fns                          - Undefined Weak Reference
    _clock_init                               - Undefined Weak Reference
    _fp_trap_init                             - Undefined Weak Reference
    _fp_trap_shutdown                         - Undefined Weak Reference
    _get_lc_collate                           - Undefined Weak Reference
    _get_lc_monetary                          - Undefined Weak Reference
    _get_lc_time                              - Undefined Weak Reference
    _getenv_init                              - Undefined Weak Reference
    _handle_redirection                       - Undefined Weak Reference
    _init_alloc                               - Undefined Weak Reference
    _init_user_alloc                          - Undefined Weak Reference
    _initio                                   - Undefined Weak Reference
    _mutex_acquire                            - Undefined Weak Reference
    _mutex_release                            - Undefined Weak Reference
    _printf_fp_hex                            - Undefined Weak Reference
    _printf_mbtowc                            - Undefined Weak Reference
    _printf_wc                                - Undefined Weak Reference
    _rand_init                                - Undefined Weak Reference
    _signal_finish                            - Undefined Weak Reference
    _signal_init                              - Undefined Weak Reference
    _terminate_alloc                          - Undefined Weak Reference
    _terminate_user_alloc                     - Undefined Weak Reference
    _terminateio                              - Undefined Weak Reference
    __Vectors_Size                           0x00000188   Number         0  startup_stm32f40_41xxx.o ABSOLUTE
    __Vectors                                0x08000000   Data           4  startup_stm32f40_41xxx.o(RESET)
    __Vectors_End                            0x08000188   Data           0  startup_stm32f40_41xxx.o(RESET)
    __main                                   0x08000189   Thumb Code     8  __main.o(!!!main)
    __scatterload                            0x08000191   Thumb Code     0  __scatter.o(!!!scatter)
    __scatterload_rt2                        0x08000191   Thumb Code    44  __scatter.o(!!!scatter)
    __scatterload_rt2_thumb_only             0x08000191   Thumb Code     0  __scatter.o(!!!scatter)
    __scatterload_null                       0x0800019f   Thumb Code     0  __scatter.o(!!!scatter)
    __decompress                             0x080001c5   Thumb Code    90  __dczerorl2.o(!!dczerorl2)
    __decompress1                            0x080001c5   Thumb Code     0  __dczerorl2.o(!!dczerorl2)
    __scatterload_zeroinit                   0x08000221   Thumb Code    28  __scatter_zi.o(!!handler_zi)
    _printf_n                                0x0800023d   Thumb Code     0  _printf_n.o(.ARM.Collect$$_printf_percent$$00000001)
    _printf_percent                          0x0800023d   Thumb Code     0  _printf_percent.o(.ARM.Collect$$_printf_percent$$00000000)
    _printf_p                                0x08000243   Thumb Code     0  _printf_p.o(.ARM.Collect$$_printf_percent$$00000002)
    _printf_f                                0x08000249   Thumb Code     0  _printf_f.o(.ARM.Collect$$_printf_percent$$00000003)
    _printf_e                                0x0800024f   Thumb Code     0  _printf_e.o(.ARM.Collect$$_printf_percent$$00000004)
    _printf_g                                0x08000255   Thumb Code     0  _printf_g.o(.ARM.Collect$$_printf_percent$$00000005)
    _printf_a                                0x0800025b   Thumb Code     0  _printf_a.o(.ARM.Collect$$_printf_percent$$00000006)
    _printf_ll                               0x08000261   Thumb Code     0  _printf_ll.o(.ARM.Collect$$_printf_percent$$00000007)
    _printf_i                                0x0800026b   Thumb Code     0  _printf_i.o(.ARM.Collect$$_printf_percent$$00000008)
    _printf_d                                0x08000271   Thumb Code     0  _printf_d.o(.ARM.Collect$$_printf_percent$$00000009)
    _printf_u                                0x08000277   Thumb Code     0  _printf_u.o(.ARM.Collect$$_printf_percent$$0000000A)
    _printf_o                                0x0800027d   Thumb Code     0  _printf_o.o(.ARM.Collect$$_printf_percent$$0000000B)
    _printf_x                                0x08000283   Thumb Code     0  _printf_x.o(.ARM.Collect$$_printf_percent$$0000000C)
    _printf_lli                              0x08000289   Thumb Code     0  _printf_lli.o(.ARM.Collect$$_printf_percent$$0000000D)
    _printf_lld                              0x0800028f   Thumb Code     0  _printf_lld.o(.ARM.Collect$$_printf_percent$$0000000E)
    _printf_llu                              0x08000295   Thumb Code     0  _printf_llu.o(.ARM.Collect$$_printf_percent$$0000000F)
    _printf_llo                              0x0800029b   Thumb Code     0  _printf_llo.o(.ARM.Collect$$_printf_percent$$00000010)
    _printf_llx                              0x080002a1   Thumb Code     0  _printf_llx.o(.ARM.Collect$$_printf_percent$$00000011)
    _printf_l                                0x080002a7   Thumb Code     0  _printf_l.o(.ARM.Collect$$_printf_percent$$00000012)
    _printf_c                                0x080002b1   Thumb Code     0  _printf_c.o(.ARM.Collect$$_printf_percent$$00000013)
    _printf_s                                0x080002b7   Thumb Code     0  _printf_s.o(.ARM.Collect$$_printf_percent$$00000014)
    _printf_lc                               0x080002bd   Thumb Code     0  _printf_lc.o(.ARM.Collect$$_printf_percent$$00000015)
    _printf_ls                               0x080002c3   Thumb Code     0  _printf_ls.o(.ARM.Collect$$_printf_percent$$00000016)
    _printf_percent_end                      0x080002c9   Thumb Code     0  _printf_percent_end.o(.ARM.Collect$$_printf_percent$$00000017)
    __rt_lib_init                            0x080002cd   Thumb Code     0  libinit.o(.ARM.Collect$$libinit$$00000000)
    __rt_lib_init_fp_1                       0x080002cf   Thumb Code     0  libinit2.o(.ARM.Collect$$libinit$$00000001)
    __rt_lib_init_heap_1                     0x080002d3   Thumb Code     0  libinit2.o(.ARM.Collect$$libinit$$00000008)
    __rt_lib_init_lc_common                  0x080002d3   Thumb Code     0  libinit2.o(.ARM.Collect$$libinit$$0000000D)
    __rt_lib_init_rand_1                     0x080002d3   Thumb Code     0  libinit2.o(.ARM.Collect$$libinit$$0000000C)
    __rt_lib_init_user_alloc_1               0x080002d3   Thumb Code     0  libinit2.o(.ARM.Collect$$libinit$$0000000A)
    __rt_lib_init_lc_collate_1               0x080002d9   Thumb Code     0  libinit2.o(.ARM.Collect$$libinit$$0000000F)
    __rt_lib_init_lc_ctype_2                 0x080002d9   Thumb Code     0  libinit2.o(.ARM.Collect$$libinit$$00000010)
    __rt_lib_init_lc_ctype_1                 0x080002e5   Thumb Code     0  libinit2.o(.ARM.Collect$$libinit$$00000011)
    __rt_lib_init_lc_monetary_1              0x080002e5   Thumb Code     0  libinit2.o(.ARM.Collect$$libinit$$00000013)
    __rt_lib_init_lc_numeric_2               0x080002e5   Thumb Code     0  libinit2.o(.ARM.Collect$$libinit$$00000014)
    __rt_lib_init_alloca_1                   0x080002ef   Thumb Code     0  libinit2.o(.ARM.Collect$$libinit$$0000002C)
    __rt_lib_init_argv_1                     0x080002ef   Thumb Code     0  libinit2.o(.ARM.Collect$$libinit$$0000002A)
    __rt_lib_init_atexit_1                   0x080002ef   Thumb Code     0  libinit2.o(.ARM.Collect$$libinit$$00000019)
    __rt_lib_init_clock_1                    0x080002ef   Thumb Code     0  libinit2.o(.ARM.Collect$$libinit$$0000001F)
    __rt_lib_init_cpp_1                      0x080002ef   Thumb Code     0  libinit2.o(.ARM.Collect$$libinit$$00000030)
    __rt_lib_init_exceptions_1               0x080002ef   Thumb Code     0  libinit2.o(.ARM.Collect$$libinit$$0000002E)
    __rt_lib_init_fp_trap_1                  0x080002ef   Thumb Code     0  libinit2.o(.ARM.Collect$$libinit$$0000001D)
    __rt_lib_init_getenv_1                   0x080002ef   Thumb Code     0  libinit2.o(.ARM.Collect$$libinit$$00000021)
    __rt_lib_init_lc_numeric_1               0x080002ef   Thumb Code     0  libinit2.o(.ARM.Collect$$libinit$$00000015)
    __rt_lib_init_lc_time_1                  0x080002ef   Thumb Code     0  libinit2.o(.ARM.Collect$$libinit$$00000017)
    __rt_lib_init_return                     0x080002ef   Thumb Code     0  libinit2.o(.ARM.Collect$$libinit$$00000031)
    __rt_lib_init_signal_1                   0x080002ef   Thumb Code     0  libinit2.o(.ARM.Collect$$libinit$$0000001B)
    __rt_lib_init_stdio_1                    0x080002ef   Thumb Code     0  libinit2.o(.ARM.Collect$$libinit$$00000023)
    __rt_lib_shutdown                        0x080002f1   Thumb Code     0  libshutdown.o(.ARM.Collect$$libshutdown$$00000000)
    __rt_lib_shutdown_fp_trap_1              0x080002f3   Thumb Code     0  libshutdown2.o(.ARM.Collect$$libshutdown$$00000006)
    __rt_lib_shutdown_heap_1                 0x080002f3   Thumb Code     0  libshutdown2.o(.ARM.Collect$$libshutdown$$0000000E)
    __rt_lib_shutdown_return                 0x080002f3   Thumb Code     0  libshutdown2.o(.ARM.Collect$$libshutdown$$0000000F)
    __rt_lib_shutdown_signal_1               0x080002f3   Thumb Code     0  libshutdown2.o(.ARM.Collect$$libshutdown$$00000009)
    __rt_lib_shutdown_stdio_1                0x080002f3   Thumb Code     0  libshutdown2.o(.ARM.Collect$$libshutdown$$00000003)
    __rt_lib_shutdown_user_alloc_1           0x080002f3   Thumb Code     0  libshutdown2.o(.ARM.Collect$$libshutdown$$0000000B)
    __rt_entry                               0x080002f5   Thumb Code     0  rtentry.o(.ARM.Collect$$rtentry$$00000000)
    __rt_entry_presh_1                       0x080002f5   Thumb Code     0  rtentry2.o(.ARM.Collect$$rtentry$$00000002)
    __rt_entry_sh                            0x080002f5   Thumb Code     0  rtentry4.o(.ARM.Collect$$rtentry$$00000004)
    __rt_entry_li                            0x080002fb   Thumb Code     0  rtentry2.o(.ARM.Collect$$rtentry$$0000000A)
    __rt_entry_postsh_1                      0x080002fb   Thumb Code     0  rtentry2.o(.ARM.Collect$$rtentry$$00000009)
    __rt_entry_main                          0x080002ff   Thumb Code     0  rtentry2.o(.ARM.Collect$$rtentry$$0000000D)
    __rt_entry_postli_1                      0x080002ff   Thumb Code     0  rtentry2.o(.ARM.Collect$$rtentry$$0000000C)
    __rt_exit                                0x08000307   Thumb Code     0  rtexit.o(.ARM.Collect$$rtexit$$00000000)
    __rt_exit_ls                             0x08000309   Thumb Code     0  rtexit2.o(.ARM.Collect$$rtexit$$00000003)
    __rt_exit_prels_1                        0x08000309   Thumb Code     0  rtexit2.o(.ARM.Collect$$rtexit$$00000002)
    __rt_exit_exit                           0x0800030d   Thumb Code     0  rtexit2.o(.ARM.Collect$$rtexit$$00000004)
    HC05_Role_Show                           0x08000315   Thumb Code    66  main.o(.text)
    HC05_Sta_Show                            0x08000357   Thumb Code    64  main.o(.text)
    main                                     0x08000397   Thumb Code   608  main.o(.text)
    NMI_Handler                              0x0800078d   Thumb Code     2  stm32f4xx_it.o(.text)
    HardFault_Handler                        0x0800078f   Thumb Code     4  stm32f4xx_it.o(.text)
    MemManage_Handler                        0x08000793   Thumb Code     4  stm32f4xx_it.o(.text)
    BusFault_Handler                         0x08000797   Thumb Code     4  stm32f4xx_it.o(.text)
    UsageFault_Handler                       0x0800079b   Thumb Code     4  stm32f4xx_it.o(.text)
    SVC_Handler                              0x0800079f   Thumb Code     2  stm32f4xx_it.o(.text)
    DebugMon_Handler                         0x080007a1   Thumb Code     2  stm32f4xx_it.o(.text)
    PendSV_Handler                           0x080007a3   Thumb Code     2  stm32f4xx_it.o(.text)
    SysTick_Handler                          0x080007a5   Thumb Code     2  stm32f4xx_it.o(.text)
    SystemInit                               0x08000885   Thumb Code    88  system_stm32f4xx.o(.text)
    SystemCoreClockUpdate                    0x080008dd   Thumb Code   174  system_stm32f4xx.o(.text)
    LED_Init                                 0x080009b9   Thumb Code    60  led.o(.text)
    KEY_Init                                 0x080009f9   Thumb Code    60  key.o(.text)
    KEY_Scan                                 0x08000a35   Thumb Code   188  key.o(.text)
    LCD_WR_REG                               0x08000afd   Thumb Code    18  lcd.o(.text)
    LCD_WR_DATA                              0x08000b0f   Thumb Code    20  lcd.o(.text)
    LCD_RD_DATA                              0x08000b23   Thumb Code    16  lcd.o(.text)
    LCD_WriteReg                             0x08000b33   Thumb Code    24  lcd.o(.text)
    LCD_ReadReg                              0x08000b4b   Thumb Code    22  lcd.o(.text)
    LCD_WriteRAM_Prepare                     0x08000b61   Thumb Code    10  lcd.o(.text)
    LCD_WriteRAM                             0x08000b6b   Thumb Code     8  lcd.o(.text)
    LCD_BGR2RGB                              0x08000b73   Thumb Code    26  lcd.o(.text)
    opt_delay                                0x08000b8d   Thumb Code    14  lcd.o(.text)
    LCD_SetCursor                            0x08000b9b   Thumb Code   262  lcd.o(.text)
    LCD_ReadPoint                            0x08000ca1   Thumb Code   356  lcd.o(.text)
    LCD_DisplayOn                            0x08000e05   Thumb Code    80  lcd.o(.text)
    LCD_DisplayOff                           0x08000e55   Thumb Code    78  lcd.o(.text)
    LCD_Scan_Dir                             0x08000ea3   Thumb Code   734  lcd.o(.text)
    LCD_DrawPoint                            0x08001181   Thumb Code    28  lcd.o(.text)
    LCD_Fast_DrawPoint                       0x0800119d   Thumb Code   282  lcd.o(.text)
    LCD_Display_Dir                          0x080012b7   Thumb Code   378  lcd.o(.text)
    LCD_Set_Window                           0x08001431   Thumb Code   382  lcd.o(.text)
    LCD_Clear                                0x080015af   Thumb Code   100  lcd.o(.text)
    LCD_Init                                 0x08001613   Thumb Code 14236  lcd.o(.text)
    LCD_Fill                                 0x08004daf   Thumb Code   180  lcd.o(.text)
    LCD_Color_Fill                           0x08004e63   Thumb Code    92  lcd.o(.text)
    LCD_DrawLine                             0x08004ebf   Thumb Code   176  lcd.o(.text)
    LCD_DrawRectangle                        0x08004f6f   Thumb Code    60  lcd.o(.text)
    LCD_Draw_Circle                          0x08004fab   Thumb Code   166  lcd.o(.text)
    LCD_ShowChar                             0x08005051   Thumb Code   272  lcd.o(.text)
    LCD_Pow                                  0x08005161   Thumb Code    22  lcd.o(.text)
    LCD_ShowNum                              0x08005177   Thumb Code   148  lcd.o(.text)
    LCD_ShowxNum                             0x0800520b   Thumb Code   190  lcd.o(.text)
    LCD_ShowString                           0x080052c9   Thumb Code   102  lcd.o(.text)
    TIM7_IRQHandler                          0x08005349   Thumb Code    42  timer.o(.text)
    TIM7_Int_Init                            0x08005373   Thumb Code    86  timer.o(.text)
    USART3_IRQHandler                        0x080053d1   Thumb Code    96  usart3.o(.text)
    usart3_init                              0x08005431   Thumb Code   196  usart3.o(.text)
    u3_printf                                0x080054f5   Thumb Code    72  usart3.o(.text)
    HC05_Init                                0x08005555   Thumb Code   220  hc05.o(.text)
    HC05_Get_Role                            0x08005631   Thumb Code   124  hc05.o(.text)
    HC05_Set_Cmd                             0x080056ad   Thumb Code   128  hc05.o(.text)
    HC05_CFG_CMD                             0x0800572d   Thumb Code    94  hc05.o(.text)
    delay_init                               0x080057c9   Thumb Code    52  delay.o(.text)
    delay_us                                 0x080057fd   Thumb Code    72  delay.o(.text)
    delay_xms                                0x08005845   Thumb Code    72  delay.o(.text)
    delay_ms                                 0x0800588d   Thumb Code    56  delay.o(.text)
    _sys_exit                                0x080058cd   Thumb Code     6  usart.o(.text)
    fputc                                    0x080058d3   Thumb Code    22  usart.o(.text)
    uart_init                                0x080058e9   Thumb Code   172  usart.o(.text)
    USART1_IRQHandler                        0x08005995   Thumb Code   122  usart.o(.text)
    Reset_Handler                            0x08005a21   Thumb Code     8  startup_stm32f40_41xxx.o(.text)
    ADC_IRQHandler                           0x08005a3b   Thumb Code     0  startup_stm32f40_41xxx.o(.text)
    CAN1_RX0_IRQHandler                      0x08005a3b   Thumb Code     0  startup_stm32f40_41xxx.o(.text)
    CAN1_RX1_IRQHandler                      0x08005a3b   Thumb Code     0  startup_stm32f40_41xxx.o(.text)
    CAN1_SCE_IRQHandler                      0x08005a3b   Thumb Code     0  startup_stm32f40_41xxx.o(.text)
    CAN1_TX_IRQHandler                       0x08005a3b   Thumb Code     0  startup_stm32f40_41xxx.o(.text)
    CAN2_RX0_IRQHandler                      0x08005a3b   Thumb Code     0  startup_stm32f40_41xxx.o(.text)
    CAN2_RX1_IRQHandler                      0x08005a3b   Thumb Code     0  startup_stm32f40_41xxx.o(.text)
    CAN2_SCE_IRQHandler                      0x08005a3b   Thumb Code     0  startup_stm32f40_41xxx.o(.text)
    CAN2_TX_IRQHandler                       0x08005a3b   Thumb Code     0  startup_stm32f40_41xxx.o(.text)
    CRYP_IRQHandler                          0x08005a3b   Thumb Code     0  startup_stm32f40_41xxx.o(.text)
    DCMI_IRQHandler                          0x08005a3b   Thumb Code     0  startup_stm32f40_41xxx.o(.text)
    DMA1_Stream0_IRQHandler                  0x08005a3b   Thumb Code     0  startup_stm32f40_41xxx.o(.text)
    DMA1_Stream1_IRQHandler                  0x08005a3b   Thumb Code     0  startup_stm32f40_41xxx.o(.text)
    DMA1_Stream2_IRQHandler                  0x08005a3b   Thumb Code     0  startup_stm32f40_41xxx.o(.text)
    DMA1_Stream3_IRQHandler                  0x08005a3b   Thumb Code     0  startup_stm32f40_41xxx.o(.text)
    DMA1_Stream4_IRQHandler                  0x08005a3b   Thumb Code     0  startup_stm32f40_41xxx.o(.text)
    DMA1_Stream5_IRQHandler                  0x08005a3b   Thumb Code     0  startup_stm32f40_41xxx.o(.text)
    DMA1_Stream6_IRQHandler                  0x08005a3b   Thumb Code     0  startup_stm32f40_41xxx.o(.text)
    DMA1_Stream7_IRQHandler                  0x08005a3b   Thumb Code     0  startup_stm32f40_41xxx.o(.text)
    DMA2_Stream0_IRQHandler                  0x08005a3b   Thumb Code     0  startup_stm32f40_41xxx.o(.text)
    DMA2_Stream1_IRQHandler                  0x08005a3b   Thumb Code     0  startup_stm32f40_41xxx.o(.text)
    DMA2_Stream2_IRQHandler                  0x08005a3b   Thumb Code     0  startup_stm32f40_41xxx.o(.text)
    DMA2_Stream3_IRQHandler                  0x08005a3b   Thumb Code     0  startup_stm32f40_41xxx.o(.text)
    DMA2_Stream4_IRQHandler                  0x08005a3b   Thumb Code     0  startup_stm32f40_41xxx.o(.text)
    DMA2_Stream5_IRQHandler                  0x08005a3b   Thumb Code     0  startup_stm32f40_41xxx.o(.text)
    DMA2_Stream6_IRQHandler                  0x08005a3b   Thumb Code     0  startup_stm32f40_41xxx.o(.text)
    DMA2_Stream7_IRQHandler                  0x08005a3b   Thumb Code     0  startup_stm32f40_41xxx.o(.text)
    ETH_IRQHandler                           0x08005a3b   Thumb Code     0  startup_stm32f40_41xxx.o(.text)
    ETH_WKUP_IRQHandler                      0x08005a3b   Thumb Code     0  startup_stm32f40_41xxx.o(.text)
    EXTI0_IRQHandler                         0x08005a3b   Thumb Code     0  startup_stm32f40_41xxx.o(.text)
    EXTI15_10_IRQHandler                     0x08005a3b   Thumb Code     0  startup_stm32f40_41xxx.o(.text)
    EXTI1_IRQHandler                         0x08005a3b   Thumb Code     0  startup_stm32f40_41xxx.o(.text)
    EXTI2_IRQHandler                         0x08005a3b   Thumb Code     0  startup_stm32f40_41xxx.o(.text)
    EXTI3_IRQHandler                         0x08005a3b   Thumb Code     0  startup_stm32f40_41xxx.o(.text)
    EXTI4_IRQHandler                         0x08005a3b   Thumb Code     0  startup_stm32f40_41xxx.o(.text)
    EXTI9_5_IRQHandler                       0x08005a3b   Thumb Code     0  startup_stm32f40_41xxx.o(.text)
    FLASH_IRQHandler                         0x08005a3b   Thumb Code     0  startup_stm32f40_41xxx.o(.text)
    FPU_IRQHandler                           0x08005a3b   Thumb Code     0  startup_stm32f40_41xxx.o(.text)
    FSMC_IRQHandler                          0x08005a3b   Thumb Code     0  startup_stm32f40_41xxx.o(.text)
    HASH_RNG_IRQHandler                      0x08005a3b   Thumb Code     0  startup_stm32f40_41xxx.o(.text)
    I2C1_ER_IRQHandler                       0x08005a3b   Thumb Code     0  startup_stm32f40_41xxx.o(.text)
    I2C1_EV_IRQHandler                       0x08005a3b   Thumb Code     0  startup_stm32f40_41xxx.o(.text)
    I2C2_ER_IRQHandler                       0x08005a3b   Thumb Code     0  startup_stm32f40_41xxx.o(.text)
    I2C2_EV_IRQHandler                       0x08005a3b   Thumb Code     0  startup_stm32f40_41xxx.o(.text)
    I2C3_ER_IRQHandler                       0x08005a3b   Thumb Code     0  startup_stm32f40_41xxx.o(.text)
    I2C3_EV_IRQHandler                       0x08005a3b   Thumb Code     0  startup_stm32f40_41xxx.o(.text)
    OTG_FS_IRQHandler                        0x08005a3b   Thumb Code     0  startup_stm32f40_41xxx.o(.text)
    OTG_FS_WKUP_IRQHandler                   0x08005a3b   Thumb Code     0  startup_stm32f40_41xxx.o(.text)
    OTG_HS_EP1_IN_IRQHandler                 0x08005a3b   Thumb Code     0  startup_stm32f40_41xxx.o(.text)
    OTG_HS_EP1_OUT_IRQHandler                0x08005a3b   Thumb Code     0  startup_stm32f40_41xxx.o(.text)
    OTG_HS_IRQHandler                        0x08005a3b   Thumb Code     0  startup_stm32f40_41xxx.o(.text)
    OTG_HS_WKUP_IRQHandler                   0x08005a3b   Thumb Code     0  startup_stm32f40_41xxx.o(.text)
    PVD_IRQHandler                           0x08005a3b   Thumb Code     0  startup_stm32f40_41xxx.o(.text)
    RCC_IRQHandler                           0x08005a3b   Thumb Code     0  startup_stm32f40_41xxx.o(.text)
    RTC_Alarm_IRQHandler                     0x08005a3b   Thumb Code     0  startup_stm32f40_41xxx.o(.text)
    RTC_WKUP_IRQHandler                      0x08005a3b   Thumb Code     0  startup_stm32f40_41xxx.o(.text)
    SDIO_IRQHandler                          0x08005a3b   Thumb Code     0  startup_stm32f40_41xxx.o(.text)
    SPI1_IRQHandler                          0x08005a3b   Thumb Code     0  startup_stm32f40_41xxx.o(.text)
    SPI2_IRQHandler                          0x08005a3b   Thumb Code     0  startup_stm32f40_41xxx.o(.text)
    SPI3_IRQHandler                          0x08005a3b   Thumb Code     0  startup_stm32f40_41xxx.o(.text)
    TAMP_STAMP_IRQHandler                    0x08005a3b   Thumb Code     0  startup_stm32f40_41xxx.o(.text)
    TIM1_BRK_TIM9_IRQHandler                 0x08005a3b   Thumb Code     0  startup_stm32f40_41xxx.o(.text)
    TIM1_CC_IRQHandler                       0x08005a3b   Thumb Code     0  startup_stm32f40_41xxx.o(.text)
    TIM1_TRG_COM_TIM11_IRQHandler            0x08005a3b   Thumb Code     0  startup_stm32f40_41xxx.o(.text)
    TIM1_UP_TIM10_IRQHandler                 0x08005a3b   Thumb Code     0  startup_stm32f40_41xxx.o(.text)
    TIM2_IRQHandler                          0x08005a3b   Thumb Code     0  startup_stm32f40_41xxx.o(.text)
    TIM3_IRQHandler                          0x08005a3b   Thumb Code     0  startup_stm32f40_41xxx.o(.text)
    TIM5_IRQHandler                          0x08005a3b   Thumb Code     0  startup_stm32f40_41xxx.o(.text)
    TIM6_DAC_IRQHandler                      0x08005a3b   Thumb Code     0  startup_stm32f40_41xxx.o(.text)
    TIM8_BRK_TIM12_IRQHandler                0x08005a3b   Thumb Code     0  startup_stm32f40_41xxx.o(.text)
    TIM8_CC_IRQHandler                       0x08005a3b   Thumb Code     0  startup_stm32f40_41xxx.o(.text)
    TIM8_TRG_COM_TIM14_IRQHandler            0x08005a3b   Thumb Code     0  startup_stm32f40_41xxx.o(.text)
    TIM8_UP_TIM13_IRQHandler                 0x08005a3b   Thumb Code     0  startup_stm32f40_41xxx.o(.text)
    UART4_IRQHandler                         0x08005a3b   Thumb Code     0  startup_stm32f40_41xxx.o(.text)
    UART5_IRQHandler                         0x08005a3b   Thumb Code     0  startup_stm32f40_41xxx.o(.text)
    USART2_IRQHandler                        0x08005a3b   Thumb Code     0  startup_stm32f40_41xxx.o(.text)
    USART6_IRQHandler                        0x08005a3b   Thumb Code     0  startup_stm32f40_41xxx.o(.text)
    WWDG_IRQHandler                          0x08005a3b   Thumb Code     0  startup_stm32f40_41xxx.o(.text)
    __user_initial_stackheap                 0x08005a3d   Thumb Code     0  startup_stm32f40_41xxx.o(.text)
    NVIC_PriorityGroupConfig                 0x08005a61   Thumb Code    10  misc.o(.text)
    NVIC_Init                                0x08005a6b   Thumb Code   106  misc.o(.text)
    NVIC_SetVectorTable                      0x08005ad5   Thumb Code    14  misc.o(.text)
    NVIC_SystemLPConfig                      0x08005ae3   Thumb Code    34  misc.o(.text)
    SysTick_CLKSourceConfig                  0x08005b05   Thumb Code    40  misc.o(.text)
    GPIO_DeInit                              0x08005b41   Thumb Code   268  stm32f4xx_gpio.o(.text)
    GPIO_Init                                0x08005c4d   Thumb Code   144  stm32f4xx_gpio.o(.text)
    GPIO_StructInit                          0x08005cdd   Thumb Code    18  stm32f4xx_gpio.o(.text)
    GPIO_PinLockConfig                       0x08005cef   Thumb Code    34  stm32f4xx_gpio.o(.text)
    GPIO_ReadInputDataBit                    0x08005d11   Thumb Code    18  stm32f4xx_gpio.o(.text)
    GPIO_ReadInputData                       0x08005d23   Thumb Code     8  stm32f4xx_gpio.o(.text)
    GPIO_ReadOutputDataBit                   0x08005d2b   Thumb Code    18  stm32f4xx_gpio.o(.text)
    GPIO_ReadOutputData                      0x08005d3d   Thumb Code     8  stm32f4xx_gpio.o(.text)
    GPIO_SetBits                             0x08005d45   Thumb Code     4  stm32f4xx_gpio.o(.text)
    GPIO_ResetBits                           0x08005d49   Thumb Code     4  stm32f4xx_gpio.o(.text)
    GPIO_WriteBit                            0x08005d4d   Thumb Code    10  stm32f4xx_gpio.o(.text)
    GPIO_Write                               0x08005d57   Thumb Code     4  stm32f4xx_gpio.o(.text)
    GPIO_ToggleBits                          0x08005d5b   Thumb Code     8  stm32f4xx_gpio.o(.text)
    GPIO_PinAFConfig                         0x08005d63   Thumb Code    70  stm32f4xx_gpio.o(.text)
    FSMC_NORSRAMDeInit                       0x08005dd5   Thumb Code    54  stm32f4xx_fsmc.o(.text)
    FSMC_NORSRAMInit                         0x08005e0b   Thumb Code   230  stm32f4xx_fsmc.o(.text)
    FSMC_NORSRAMStructInit                   0x08005ef1   Thumb Code    48  stm32f4xx_fsmc.o(.text)
    FSMC_NORSRAMCmd                          0x08005f21   Thumb Code    46  stm32f4xx_fsmc.o(.text)
    FSMC_NANDDeInit                          0x08005f4f   Thumb Code    62  stm32f4xx_fsmc.o(.text)
    FSMC_NANDInit                            0x08005f8d   Thumb Code   132  stm32f4xx_fsmc.o(.text)
    FSMC_NANDStructInit                      0x08006011   Thumb Code    54  stm32f4xx_fsmc.o(.text)
    FSMC_NANDCmd                             0x08006047   Thumb Code    86  stm32f4xx_fsmc.o(.text)
    FSMC_NANDECCCmd                          0x0800609d   Thumb Code    86  stm32f4xx_fsmc.o(.text)
    FSMC_GetECC                              0x080060f3   Thumb Code    24  stm32f4xx_fsmc.o(.text)
    FSMC_PCCARDDeInit                        0x0800610b   Thumb Code    36  stm32f4xx_fsmc.o(.text)
    FSMC_PCCARDInit                          0x0800612f   Thumb Code   130  stm32f4xx_fsmc.o(.text)
    FSMC_PCCARDStructInit                    0x080061b1   Thumb Code    60  stm32f4xx_fsmc.o(.text)
    FSMC_PCCARDCmd                           0x080061ed   Thumb Code    44  stm32f4xx_fsmc.o(.text)
    FSMC_ITConfig                            0x08006219   Thumb Code   128  stm32f4xx_fsmc.o(.text)
    FSMC_GetFlagStatus                       0x08006299   Thumb Code    54  stm32f4xx_fsmc.o(.text)
    FSMC_ClearFlag                           0x080062cf   Thumb Code    74  stm32f4xx_fsmc.o(.text)
    FSMC_GetITStatus                         0x08006319   Thumb Code    62  stm32f4xx_fsmc.o(.text)
    FSMC_ClearITPendingBit                   0x08006357   Thumb Code    66  stm32f4xx_fsmc.o(.text)
    RCC_DeInit                               0x0800639d   Thumb Code    82  stm32f4xx_rcc.o(.text)
    RCC_HSEConfig                            0x080063ef   Thumb Code    14  stm32f4xx_rcc.o(.text)
    RCC_GetFlagStatus                        0x080063fd   Thumb Code    60  stm32f4xx_rcc.o(.text)
    RCC_WaitForHSEStartUp                    0x08006439   Thumb Code    56  stm32f4xx_rcc.o(.text)
    RCC_AdjustHSICalibrationValue            0x08006471   Thumb Code    20  stm32f4xx_rcc.o(.text)
    RCC_HSICmd                               0x08006485   Thumb Code     6  stm32f4xx_rcc.o(.text)
    RCC_LSEConfig                            0x0800648b   Thumb Code    46  stm32f4xx_rcc.o(.text)
    RCC_LSICmd                               0x080064b9   Thumb Code     6  stm32f4xx_rcc.o(.text)
    RCC_PLLConfig                            0x080064bf   Thumb Code    32  stm32f4xx_rcc.o(.text)
    RCC_PLLCmd                               0x080064df   Thumb Code     6  stm32f4xx_rcc.o(.text)
    RCC_PLLI2SConfig                         0x080064e5   Thumb Code    14  stm32f4xx_rcc.o(.text)
    RCC_PLLI2SCmd                            0x080064f3   Thumb Code     6  stm32f4xx_rcc.o(.text)
    RCC_PLLSAIConfig                         0x080064f9   Thumb Code    20  stm32f4xx_rcc.o(.text)
    RCC_PLLSAICmd                            0x0800650d   Thumb Code     6  stm32f4xx_rcc.o(.text)
    RCC_ClockSecuritySystemCmd               0x08006513   Thumb Code     6  stm32f4xx_rcc.o(.text)
    RCC_MCO1Config                           0x08006519   Thumb Code    28  stm32f4xx_rcc.o(.text)
    RCC_MCO2Config                           0x08006535   Thumb Code    28  stm32f4xx_rcc.o(.text)
    RCC_SYSCLKConfig                         0x08006551   Thumb Code    20  stm32f4xx_rcc.o(.text)
    RCC_GetSYSCLKSource                      0x08006565   Thumb Code    12  stm32f4xx_rcc.o(.text)
    RCC_HCLKConfig                           0x08006571   Thumb Code    20  stm32f4xx_rcc.o(.text)
    RCC_PCLK1Config                          0x08006585   Thumb Code    20  stm32f4xx_rcc.o(.text)
    RCC_PCLK2Config                          0x08006599   Thumb Code    22  stm32f4xx_rcc.o(.text)
    RCC_GetClocksFreq                        0x080065af   Thumb Code   222  stm32f4xx_rcc.o(.text)
    RCC_RTCCLKConfig                         0x0800668d   Thumb Code    54  stm32f4xx_rcc.o(.text)
    RCC_RTCCLKCmd                            0x080066c3   Thumb Code     8  stm32f4xx_rcc.o(.text)
    RCC_BackupResetCmd                       0x080066cb   Thumb Code     8  stm32f4xx_rcc.o(.text)
    RCC_I2SCLKConfig                         0x080066d3   Thumb Code     6  stm32f4xx_rcc.o(.text)
    RCC_SAIPLLI2SClkDivConfig                0x080066d9   Thumb Code    26  stm32f4xx_rcc.o(.text)
    RCC_SAIPLLSAIClkDivConfig                0x080066f3   Thumb Code    28  stm32f4xx_rcc.o(.text)
    RCC_SAIBlockACLKConfig                   0x0800670f   Thumb Code    20  stm32f4xx_rcc.o(.text)
    RCC_SAIBlockBCLKConfig                   0x08006723   Thumb Code    20  stm32f4xx_rcc.o(.text)
    RCC_LTDCCLKDivConfig                     0x08006737   Thumb Code    20  stm32f4xx_rcc.o(.text)
    RCC_TIMCLKPresConfig                     0x0800674b   Thumb Code     6  stm32f4xx_rcc.o(.text)
    RCC_AHB1PeriphClockCmd                   0x08006751   Thumb Code    34  stm32f4xx_rcc.o(.text)
    RCC_AHB2PeriphClockCmd                   0x08006773   Thumb Code    78  stm32f4xx_rcc.o(.text)
    RCC_AHB3PeriphClockCmd                   0x080067c1   Thumb Code    34  stm32f4xx_rcc.o(.text)
    RCC_APB1PeriphClockCmd                   0x080067e3   Thumb Code    34  stm32f4xx_rcc.o(.text)
    RCC_APB2PeriphClockCmd                   0x08006805   Thumb Code    34  stm32f4xx_rcc.o(.text)
    RCC_AHB1PeriphResetCmd                   0x08006827   Thumb Code    34  stm32f4xx_rcc.o(.text)
    RCC_AHB2PeriphResetCmd                   0x08006849   Thumb Code    34  stm32f4xx_rcc.o(.text)
    RCC_AHB3PeriphResetCmd                   0x0800686b   Thumb Code    34  stm32f4xx_rcc.o(.text)
    RCC_APB1PeriphResetCmd                   0x0800688d   Thumb Code    34  stm32f4xx_rcc.o(.text)
    RCC_APB2PeriphResetCmd                   0x080068af   Thumb Code    34  stm32f4xx_rcc.o(.text)
    RCC_AHB1PeriphClockLPModeCmd             0x080068d1   Thumb Code    34  stm32f4xx_rcc.o(.text)
    RCC_AHB2PeriphClockLPModeCmd             0x080068f3   Thumb Code    34  stm32f4xx_rcc.o(.text)
    RCC_AHB3PeriphClockLPModeCmd             0x08006915   Thumb Code    34  stm32f4xx_rcc.o(.text)
    RCC_APB1PeriphClockLPModeCmd             0x08006937   Thumb Code    34  stm32f4xx_rcc.o(.text)
    RCC_APB2PeriphClockLPModeCmd             0x08006959   Thumb Code    34  stm32f4xx_rcc.o(.text)
    RCC_LSEModeConfig                        0x0800697b   Thumb Code    40  stm32f4xx_rcc.o(.text)
    RCC_ITConfig                             0x080069a3   Thumb Code    34  stm32f4xx_rcc.o(.text)
    RCC_ClearFlag                            0x080069c5   Thumb Code    18  stm32f4xx_rcc.o(.text)
    RCC_GetITStatus                          0x080069d7   Thumb Code    22  stm32f4xx_rcc.o(.text)
    RCC_ClearITPendingBit                    0x080069ed   Thumb Code     8  stm32f4xx_rcc.o(.text)
    USART_DeInit                             0x080069f9   Thumb Code   206  stm32f4xx_usart.o(.text)
    USART_Init                               0x08006ac7   Thumb Code   204  stm32f4xx_usart.o(.text)
    USART_StructInit                         0x08006b93   Thumb Code    24  stm32f4xx_usart.o(.text)
    USART_ClockInit                          0x08006bab   Thumb Code    32  stm32f4xx_usart.o(.text)
    USART_ClockStructInit                    0x08006bcb   Thumb Code    12  stm32f4xx_usart.o(.text)
    USART_Cmd                                0x08006bd7   Thumb Code    24  stm32f4xx_usart.o(.text)
    USART_SetPrescaler                       0x08006bef   Thumb Code    16  stm32f4xx_usart.o(.text)
    USART_OverSampling8Cmd                   0x08006bff   Thumb Code    22  stm32f4xx_usart.o(.text)
    USART_OneBitMethodCmd                    0x08006c15   Thumb Code    24  stm32f4xx_usart.o(.text)
    USART_SendData                           0x08006c2d   Thumb Code     8  stm32f4xx_usart.o(.text)
    USART_ReceiveData                        0x08006c35   Thumb Code    10  stm32f4xx_usart.o(.text)
    USART_SetAddress                         0x08006c3f   Thumb Code    18  stm32f4xx_usart.o(.text)
    USART_ReceiverWakeUpCmd                  0x08006c51   Thumb Code    24  stm32f4xx_usart.o(.text)
    USART_WakeUpConfig                       0x08006c69   Thumb Code    18  stm32f4xx_usart.o(.text)
    USART_LINBreakDetectLengthConfig         0x08006c7b   Thumb Code    18  stm32f4xx_usart.o(.text)
    USART_LINCmd                             0x08006c8d   Thumb Code    24  stm32f4xx_usart.o(.text)
    USART_SendBreak                          0x08006ca5   Thumb Code    10  stm32f4xx_usart.o(.text)
    USART_HalfDuplexCmd                      0x08006caf   Thumb Code    24  stm32f4xx_usart.o(.text)
    USART_SetGuardTime                       0x08006cc7   Thumb Code    16  stm32f4xx_usart.o(.text)
    USART_SmartCardCmd                       0x08006cd7   Thumb Code    24  stm32f4xx_usart.o(.text)
    USART_SmartCardNACKCmd                   0x08006cef   Thumb Code    24  stm32f4xx_usart.o(.text)
    USART_IrDAConfig                         0x08006d07   Thumb Code    18  stm32f4xx_usart.o(.text)
    USART_IrDACmd                            0x08006d19   Thumb Code    24  stm32f4xx_usart.o(.text)
    USART_DMACmd                             0x08006d31   Thumb Code    18  stm32f4xx_usart.o(.text)
    USART_ITConfig                           0x08006d43   Thumb Code    74  stm32f4xx_usart.o(.text)
    USART_GetFlagStatus                      0x08006d8d   Thumb Code    26  stm32f4xx_usart.o(.text)
    USART_ClearFlag                          0x08006da7   Thumb Code    18  stm32f4xx_usart.o(.text)
    USART_GetITStatus                        0x08006db9   Thumb Code   118  stm32f4xx_usart.o(.text)
    USART_ClearITPendingBit                  0x08006e2f   Thumb Code    30  stm32f4xx_usart.o(.text)
    TIM_DeInit                               0x08006e4d   Thumb Code   346  stm32f4xx_tim.o(.text)
    TIM_TimeBaseInit                         0x08006fa7   Thumb Code   104  stm32f4xx_tim.o(.text)
    TIM_TimeBaseStructInit                   0x0800700f   Thumb Code    18  stm32f4xx_tim.o(.text)
    TIM_PrescalerConfig                      0x08007021   Thumb Code     6  stm32f4xx_tim.o(.text)
    TIM_CounterModeConfig                    0x08007027   Thumb Code    18  stm32f4xx_tim.o(.text)
    TIM_SetCounter                           0x08007039   Thumb Code     4  stm32f4xx_tim.o(.text)
    TIM_SetAutoreload                        0x0800703d   Thumb Code     4  stm32f4xx_tim.o(.text)
    TIM_GetCounter                           0x08007041   Thumb Code     6  stm32f4xx_tim.o(.text)
    TIM_GetPrescaler                         0x08007047   Thumb Code     6  stm32f4xx_tim.o(.text)
    TIM_UpdateDisableConfig                  0x0800704d   Thumb Code    24  stm32f4xx_tim.o(.text)
    TIM_UpdateRequestConfig                  0x08007065   Thumb Code    24  stm32f4xx_tim.o(.text)
    TIM_ARRPreloadConfig                     0x0800707d   Thumb Code    24  stm32f4xx_tim.o(.text)
    TIM_SelectOnePulseMode                   0x08007095   Thumb Code    18  stm32f4xx_tim.o(.text)
    TIM_SetClockDivision                     0x080070a7   Thumb Code    18  stm32f4xx_tim.o(.text)
    TIM_Cmd                                  0x080070b9   Thumb Code    24  stm32f4xx_tim.o(.text)
    TIM_OC1Init                              0x080070d1   Thumb Code   114  stm32f4xx_tim.o(.text)
    TIM_OC2Init                              0x08007143   Thumb Code   154  stm32f4xx_tim.o(.text)
    TIM_OC3Init                              0x080071dd   Thumb Code   204  stm32f4xx_tim.o(.text)
    TIM_OC4Init                              0x080072a9   Thumb Code   112  stm32f4xx_tim.o(.text)
    TIM_OCStructInit                         0x08007319   Thumb Code    20  stm32f4xx_tim.o(.text)
    TIM_SelectOCxM                           0x0800732d   Thumb Code    86  stm32f4xx_tim.o(.text)
    TIM_SetCompare1                          0x08007383   Thumb Code     4  stm32f4xx_tim.o(.text)
    TIM_SetCompare2                          0x08007387   Thumb Code     4  stm32f4xx_tim.o(.text)
    TIM_SetCompare3                          0x0800738b   Thumb Code     4  stm32f4xx_tim.o(.text)
    TIM_SetCompare4                          0x0800738f   Thumb Code     4  stm32f4xx_tim.o(.text)
    TIM_ForcedOC1Config                      0x08007393   Thumb Code    18  stm32f4xx_tim.o(.text)
    TIM_ForcedOC2Config                      0x080073a5   Thumb Code    26  stm32f4xx_tim.o(.text)
    TIM_ForcedOC3Config                      0x080073bf   Thumb Code    18  stm32f4xx_tim.o(.text)
    TIM_ForcedOC4Config                      0x080073d1   Thumb Code    26  stm32f4xx_tim.o(.text)
    TIM_OC1PreloadConfig                     0x080073eb   Thumb Code    18  stm32f4xx_tim.o(.text)
    TIM_OC2PreloadConfig                     0x080073fd   Thumb Code    26  stm32f4xx_tim.o(.text)
    TIM_OC3PreloadConfig                     0x08007417   Thumb Code    18  stm32f4xx_tim.o(.text)
    TIM_OC4PreloadConfig                     0x08007429   Thumb Code    26  stm32f4xx_tim.o(.text)
    TIM_OC1FastConfig                        0x08007443   Thumb Code    18  stm32f4xx_tim.o(.text)
    TIM_OC2FastConfig                        0x08007455   Thumb Code    26  stm32f4xx_tim.o(.text)
    TIM_OC3FastConfig                        0x0800746f   Thumb Code    18  stm32f4xx_tim.o(.text)
    TIM_OC4FastConfig                        0x08007481   Thumb Code    26  stm32f4xx_tim.o(.text)
    TIM_ClearOC1Ref                          0x0800749b   Thumb Code    18  stm32f4xx_tim.o(.text)
    TIM_ClearOC2Ref                          0x080074ad   Thumb Code    24  stm32f4xx_tim.o(.text)
    TIM_ClearOC3Ref                          0x080074c5   Thumb Code    18  stm32f4xx_tim.o(.text)
    TIM_ClearOC4Ref                          0x080074d7   Thumb Code    24  stm32f4xx_tim.o(.text)
    TIM_OC1PolarityConfig                    0x080074ef   Thumb Code    18  stm32f4xx_tim.o(.text)
    TIM_OC1NPolarityConfig                   0x08007501   Thumb Code    18  stm32f4xx_tim.o(.text)
    TIM_OC2PolarityConfig                    0x08007513   Thumb Code    26  stm32f4xx_tim.o(.text)
    TIM_OC2NPolarityConfig                   0x0800752d   Thumb Code    26  stm32f4xx_tim.o(.text)
    TIM_OC3PolarityConfig                    0x08007547   Thumb Code    26  stm32f4xx_tim.o(.text)
    TIM_OC3NPolarityConfig                   0x08007561   Thumb Code    26  stm32f4xx_tim.o(.text)
    TIM_OC4PolarityConfig                    0x0800757b   Thumb Code    26  stm32f4xx_tim.o(.text)
    TIM_CCxCmd                               0x08007595   Thumb Code    30  stm32f4xx_tim.o(.text)
    TIM_CCxNCmd                              0x080075b3   Thumb Code    30  stm32f4xx_tim.o(.text)
    TIM_SetIC4Prescaler                      0x080075d1   Thumb Code    26  stm32f4xx_tim.o(.text)
    TIM_SetIC3Prescaler                      0x0800763b   Thumb Code    18  stm32f4xx_tim.o(.text)
    TIM_SetIC2Prescaler                      0x08007695   Thumb Code    26  stm32f4xx_tim.o(.text)
    TIM_SetIC1Prescaler                      0x08007709   Thumb Code    18  stm32f4xx_tim.o(.text)
    TIM_ICInit                               0x08007755   Thumb Code   110  stm32f4xx_tim.o(.text)
    TIM_ICStructInit                         0x080077c3   Thumb Code    18  stm32f4xx_tim.o(.text)
    TIM_PWMIConfig                           0x080077d5   Thumb Code   124  stm32f4xx_tim.o(.text)
    TIM_GetCapture1                          0x08007851   Thumb Code     6  stm32f4xx_tim.o(.text)
    TIM_GetCapture2                          0x08007857   Thumb Code     6  stm32f4xx_tim.o(.text)
    TIM_GetCapture3                          0x0800785d   Thumb Code     6  stm32f4xx_tim.o(.text)
    TIM_GetCapture4                          0x08007863   Thumb Code     6  stm32f4xx_tim.o(.text)
    TIM_BDTRConfig                           0x08007869   Thumb Code    32  stm32f4xx_tim.o(.text)
    TIM_BDTRStructInit                       0x08007889   Thumb Code    18  stm32f4xx_tim.o(.text)
    TIM_CtrlPWMOutputs                       0x0800789b   Thumb Code    30  stm32f4xx_tim.o(.text)
    TIM_SelectCOM                            0x080078b9   Thumb Code    24  stm32f4xx_tim.o(.text)
    TIM_CCPreloadControl                     0x080078d1   Thumb Code    24  stm32f4xx_tim.o(.text)
    TIM_ITConfig                             0x080078e9   Thumb Code    18  stm32f4xx_tim.o(.text)
    TIM_GenerateEvent                        0x080078fb   Thumb Code     4  stm32f4xx_tim.o(.text)
    TIM_GetFlagStatus                        0x080078ff   Thumb Code    18  stm32f4xx_tim.o(.text)
    TIM_ClearFlag                            0x08007911   Thumb Code     6  stm32f4xx_tim.o(.text)
    TIM_GetITStatus                          0x08007917   Thumb Code    34  stm32f4xx_tim.o(.text)
    TIM_ClearITPendingBit                    0x08007939   Thumb Code     6  stm32f4xx_tim.o(.text)
    TIM_DMAConfig                            0x0800793f   Thumb Code    10  stm32f4xx_tim.o(.text)
    TIM_DMACmd                               0x08007949   Thumb Code    18  stm32f4xx_tim.o(.text)
    TIM_SelectCCDMA                          0x0800795b   Thumb Code    24  stm32f4xx_tim.o(.text)
    TIM_InternalClockConfig                  0x08007973   Thumb Code    12  stm32f4xx_tim.o(.text)
    TIM_SelectInputTrigger                   0x0800797f   Thumb Code    18  stm32f4xx_tim.o(.text)
    TIM_ITRxExternalClockConfig              0x08007991   Thumb Code    24  stm32f4xx_tim.o(.text)
    TIM_TIxExternalClockConfig               0x080079a9   Thumb Code    62  stm32f4xx_tim.o(.text)
    TIM_ETRConfig                            0x080079e7   Thumb Code    28  stm32f4xx_tim.o(.text)
    TIM_ETRClockMode1Config                  0x08007a03   Thumb Code    54  stm32f4xx_tim.o(.text)
    TIM_ETRClockMode2Config                  0x08007a39   Thumb Code    32  stm32f4xx_tim.o(.text)
    TIM_SelectOutputTrigger                  0x08007a59   Thumb Code    18  stm32f4xx_tim.o(.text)
    TIM_SelectSlaveMode                      0x08007a6b   Thumb Code    18  stm32f4xx_tim.o(.text)
    TIM_SelectMasterSlaveMode                0x08007a7d   Thumb Code    18  stm32f4xx_tim.o(.text)
    TIM_EncoderInterfaceConfig               0x08007a8f   Thumb Code    66  stm32f4xx_tim.o(.text)
    TIM_SelectHallSensor                     0x08007ad1   Thumb Code    24  stm32f4xx_tim.o(.text)
    TIM_RemapConfig                          0x08007ae9   Thumb Code     6  stm32f4xx_tim.o(.text)
    usmart_sys_cmd_exe                       0x08007af1   Thumb Code  1554  usmart.o(.text)
    usmart_reset_runtime                     0x08008103   Thumb Code    38  usmart.o(.text)
    usmart_get_runtime                       0x08008129   Thumb Code    60  usmart.o(.text)
    TIM4_IRQHandler                          0x08008165   Thumb Code    46  usmart.o(.text)
    Timer4_Init                              0x08008193   Thumb Code    86  usmart.o(.text)
    usmart_init                              0x080081e9   Thumb Code    36  usmart.o(.text)
    usmart_cmd_rec                           0x0800820d   Thumb Code   170  usmart.o(.text)
    usmart_exe                               0x080082b7   Thumb Code   868  usmart.o(.text)
    usmart_scan                              0x0800861b   Thumb Code   120  usmart.o(.text)
    read_addr                                0x08008693   Thumb Code     6  usmart.o(.text)
    write_addr                               0x08008699   Thumb Code     4  usmart.o(.text)
    usmart_strcmp                            0x08008725   Thumb Code    34  usmart_str.o(.text)
    usmart_strcopy                           0x08008747   Thumb Code    22  usmart_str.o(.text)
    usmart_strlen                            0x0800875d   Thumb Code    24  usmart_str.o(.text)
    usmart_pow                               0x08008775   Thumb Code    22  usmart_str.o(.text)
    usmart_str2num                           0x0800878b   Thumb Code   202  usmart_str.o(.text)
    usmart_get_cmdname                       0x08008855   Thumb Code    54  usmart_str.o(.text)
    usmart_search_nextc                      0x0800888b   Thumb Code    22  usmart_str.o(.text)
    usmart_get_fname                         0x080088a1   Thumb Code   440  usmart_str.o(.text)
    usmart_get_aparm                         0x08008a59   Thumb Code   200  usmart_str.o(.text)
    usmart_get_parmpos                       0x08008b21   Thumb Code    26  usmart_str.o(.text)
    usmart_get_fparam                        0x08008b3b   Thumb Code   262  usmart_str.o(.text)
    __use_no_semihosting                     0x08008c4d   Thumb Code     2  use_no_semi_2.o(.text)
    __c89vsprintf                            0x08008c51   Thumb Code    32  c89vsprintf.o(.text)
    __2printf                                0x08008c75   Thumb Code    20  __2printf.o(.text)
    __2sprintf                               0x08008c8d   Thumb Code    38  __2sprintf.o(.text)
    _printf_pre_padding                      0x08008cb9   Thumb Code    44  _printf_pad.o(.text)
    _printf_post_padding                     0x08008ce5   Thumb Code    34  _printf_pad.o(.text)
    _printf_str                              0x08008d07   Thumb Code    82  _printf_str.o(.text)
    _printf_int_dec                          0x08008d59   Thumb Code   100  _printf_dec.o(.text)
    _printf_longlong_hex                     0x08008dcd   Thumb Code    86  _printf_hex_int_ll_ptr.o(.text)
    _printf_int_hex                          0x08008e23   Thumb Code    28  _printf_hex_int_ll_ptr.o(.text)
    _printf_ll_hex                           0x08008e3f   Thumb Code    12  _printf_hex_int_ll_ptr.o(.text)
    _printf_hex_ptr                          0x08008e4b   Thumb Code    18  _printf_hex_int_ll_ptr.o(.text)
    __printf                                 0x08008e61   Thumb Code   388  __printf_flags_ss_wp.o(.text)
    strlen                                   0x08008fe9   Thumb Code    62  strlen.o(.text)
    strcmp                                   0x08009029   Thumb Code   128  strcmpv7m.o(.text)
    __use_two_region_memory                  0x080090a9   Thumb Code     2  heapauxi.o(.text)
    __rt_heap_escrow$2region                 0x080090ab   Thumb Code     2  heapauxi.o(.text)
    __rt_heap_expand$2region                 0x080090ad   Thumb Code     2  heapauxi.o(.text)
    __I$use$semihosting                      0x080090af   Thumb Code     0  use_no_semi.o(.text)
    __use_no_semihosting_swi                 0x080090af   Thumb Code     2  use_no_semi.o(.text)
    _printf_truncate_signed                  0x080090b1   Thumb Code    18  _printf_truncate.o(.text)
    _printf_truncate_unsigned                0x080090c3   Thumb Code    18  _printf_truncate.o(.text)
    _printf_int_common                       0x080090d5   Thumb Code   178  _printf_intcommon.o(.text)
    _printf_charcount                        0x08009187   Thumb Code    40  _printf_charcount.o(.text)
    _printf_char_common                      0x080091bb   Thumb Code    32  _printf_char_common.o(.text)
    _sputc                                   0x080091e1   Thumb Code    10  _sputc.o(.text)
    _printf_cs_common                        0x080091eb   Thumb Code    20  _printf_char.o(.text)
    _printf_char                             0x080091ff   Thumb Code    16  _printf_char.o(.text)
    _printf_string                           0x0800920f   Thumb Code     8  _printf_char.o(.text)
    _printf_char_file                        0x08009219   Thumb Code    32  _printf_char_file.o(.text)
    _printf_wctomb                           0x0800923d   Thumb Code   182  _printf_wctomb.o(.text)
    _printf_longlong_dec                     0x080092f9   Thumb Code   104  _printf_longlong_dec.o(.text)
    _printf_longlong_oct                     0x08009371   Thumb Code    68  _printf_oct_int_ll.o(.text)
    _printf_int_oct                          0x080093b5   Thumb Code    24  _printf_oct_int_ll.o(.text)
    _printf_ll_oct                           0x080093cd   Thumb Code    12  _printf_oct_int_ll.o(.text)
    _ll_udiv10                               0x080093e1   Thumb Code   138  lludiv10.o(.text)
    __lib_sel_fp_printf                      0x0800946b   Thumb Code     2  _printf_fp_dec.o(.text)
    _printf_fp_dec_real                      0x08009619   Thumb Code   616  _printf_fp_dec.o(.text)
    _printf_lcs_common                       0x08009881   Thumb Code    20  _printf_wchar.o(.text)
    _printf_wchar                            0x08009895   Thumb Code    16  _printf_wchar.o(.text)
    _printf_wstring                          0x080098a5   Thumb Code     8  _printf_wchar.o(.text)
    ferror                                   0x080098ad   Thumb Code     8  ferror.o(.text)
    _wcrtomb                                 0x080098b5   Thumb Code    64  _wcrtomb.o(.text)
    __user_setup_stackheap                   0x080098f5   Thumb Code    74  sys_stackheap_outer.o(.text)
    __rt_ctype_table                         0x08009941   Thumb Code    16  rt_ctype_table.o(.text)
    __rt_locale                              0x08009951   Thumb Code     8  rt_locale_intlibspace.o(.text)
    _printf_fp_infnan                        0x08009959   Thumb Code   112  _printf_fp_infnan.o(.text)
    _btod_etento                             0x080099d9   Thumb Code   212  bigflt0.o(.text)
    exit                                     0x08009ab1   Thumb Code    12  exit.o(.text)
    __user_libspace                          0x08009abd   Thumb Code     8  libspace.o(.text)
    __user_perproc_libspace                  0x08009abd   Thumb Code     0  libspace.o(.text)
    __user_perthread_libspace                0x08009abd   Thumb Code     0  libspace.o(.text)
    _btod_d2e                                0x08009ac5   Thumb Code    62  btod.o(CL$$btod_d2e)
    _d2e_denorm_low                          0x08009b03   Thumb Code    70  btod.o(CL$$btod_d2e_denorm_low)
    _d2e_norm_op1                            0x08009b49   Thumb Code    96  btod.o(CL$$btod_d2e_norm_op1)
    __btod_div_common                        0x08009ba9   Thumb Code   696  btod.o(CL$$btod_div_common)
    _e2e                                     0x08009ee1   Thumb Code   198  btod.o(CL$$btod_e2e)
    _btod_ediv                               0x08009fa7   Thumb Code    40  btod.o(CL$$btod_ediv)
    _btod_emul                               0x08009fcf   Thumb Code    40  btod.o(CL$$btod_emul)
    __btod_mult_common                       0x08009ff7   Thumb Code   580  btod.o(CL$$btod_mult_common)
    __ARM_fpclassify                         0x0800a23b   Thumb Code    48  fpclassify.o(i.__ARM_fpclassify)
    _is_digit                                0x0800a26b   Thumb Code    14  __printf_wp.o(i._is_digit)
    _get_lc_numeric                          0x0800a279   Thumb Code    44  lc_numeric_c.o(locale$$code)
    _get_lc_ctype                            0x0800a2a5   Thumb Code    44  lc_ctype_c.o(locale$$code)
    _fp_init                                 0x0800a2d1   Thumb Code    10  fpinit.o(x$fpl$fpinit)
    __fplib_config_fpu_vfp                   0x0800a2d9   Thumb Code     0  fpinit.o(x$fpl$fpinit)
    __fplib_config_pureend_doubles           0x0800a2d9   Thumb Code     0  fpinit.o(x$fpl$fpinit)
    _printf_fp_dec                           0x0800a2db   Thumb Code     4  printf1.o(x$fpl$printf1)
    __I$use$fp                               0x0800a2de   Number         0  usenofp.o(x$fpl$usenofp)
    asc2_1206                                0x0800a2de   Data        1140  lcd.o(.constdata)
    asc2_1608                                0x0800a752   Data        1520  lcd.o(.constdata)
    asc2_2412                                0x0800ad42   Data        3420  lcd.o(.constdata)
    FSMC_DefaultTimingStruct                 0x0800baa0   Data          28  stm32f4xx_fsmc.o(.constdata)
    Region$$Table$$Base                      0x0800bc2c   Number         0  anon$$obj.o(Region$$Table)
    Region$$Table$$Limit                     0x0800bc4c   Number         0  anon$$obj.o(Region$$Table)
    __ctype                                  0x0800bc75   Data           0  lc_ctype_c.o(locale$$data)
    SystemCoreClock                          0x20000000   Data           4  system_stm32f4xx.o(.data)
    AHBPrescTable                            0x20000004   Data          16  system_stm32f4xx.o(.data)
    POINT_COLOR                              0x20000016   Data           2  lcd.o(.data)
    BACK_COLOR                               0x20000018   Data           2  lcd.o(.data)
    USART3_RX_STA                            0x2000001a   Data           2  usart3.o(.data)
    __stdout                                 0x20000020   Data           4  usart.o(.data)
    USART_RX_STA                             0x20000024   Data           2  usart.o(.data)
    sys_cmd_tab                              0x20000038   Data          28  usmart.o(.data)
    usmart_nametab                           0x20000054   Data          32  usmart_config.o(.data)
    usmart_dev                               0x20000074   Data         244  usmart_config.o(.data)
    lcddev                                   0x20000168   Data          14  lcd.o(.bss)
    USART3_TX_BUF                            0x20000178   Data         400  usart3.o(.bss)
    USART3_RX_BUF                            0x20000308   Data         400  usart3.o(.bss)
    USART_RX_BUF                             0x20000498   Data         200  usart.o(.bss)
    __libspace_start                         0x20000560   Data          96  libspace.o(.bss)
    __temporary_stack_top$libspace           0x200005c0   Data           0  libspace.o(.bss)



==============================================================================

Memory Map of the image

  Image Entry point : 0x08000189

  Load Region LR_IROM1 (Base: 0x08000000, Size: 0x0000bee0, Max: 0x00100000, ABSOLUTE, COMPRESSED[0x0000bddc])

    Execution Region ER_IROM1 (Base: 0x08000000, Size: 0x0000bd78, Max: 0x00100000, ABSOLUTE)

    Base Addr    Size         Type   Attr      Idx    E Section Name        Object

    0x08000000   0x00000188   Data   RO          481    RESET               startup_stm32f40_41xxx.o
    0x08000188   0x00000008   Code   RO          771  * !!!main             c_w.l(__main.o)
    0x08000190   0x00000034   Code   RO         1029    !!!scatter          c_w.l(__scatter.o)
    0x080001c4   0x0000005a   Code   RO         1027    !!dczerorl2         c_w.l(__dczerorl2.o)
    0x0800021e   0x00000002   PAD
    0x08000220   0x0000001c   Code   RO         1031    !!handler_zi        c_w.l(__scatter_zi.o)
    0x0800023c   0x00000000   Code   RO          764    .ARM.Collect$$_printf_percent$$00000000  c_w.l(_printf_percent.o)
    0x0800023c   0x00000006   Code   RO          801    .ARM.Collect$$_printf_percent$$00000001  c_w.l(_printf_n.o)
    0x08000242   0x00000006   Code   RO          802    .ARM.Collect$$_printf_percent$$00000002  c_w.l(_printf_p.o)
    0x08000248   0x00000006   Code   RO          805    .ARM.Collect$$_printf_percent$$00000003  c_w.l(_printf_f.o)
    0x0800024e   0x00000006   Code   RO          806    .ARM.Collect$$_printf_percent$$00000004  c_w.l(_printf_e.o)
    0x08000254   0x00000006   Code   RO          807    .ARM.Collect$$_printf_percent$$00000005  c_w.l(_printf_g.o)
    0x0800025a   0x00000006   Code   RO          808    .ARM.Collect$$_printf_percent$$00000006  c_w.l(_printf_a.o)
    0x08000260   0x0000000a   Code   RO          813    .ARM.Collect$$_printf_percent$$00000007  c_w.l(_printf_ll.o)
    0x0800026a   0x00000006   Code   RO          804    .ARM.Collect$$_printf_percent$$00000008  c_w.l(_printf_i.o)
    0x08000270   0x00000006   Code   RO          762    .ARM.Collect$$_printf_percent$$00000009  c_w.l(_printf_d.o)
    0x08000276   0x00000006   Code   RO          763    .ARM.Collect$$_printf_percent$$0000000A  c_w.l(_printf_u.o)
    0x0800027c   0x00000006   Code   RO          803    .ARM.Collect$$_printf_percent$$0000000B  c_w.l(_printf_o.o)
    0x08000282   0x00000006   Code   RO          761    .ARM.Collect$$_printf_percent$$0000000C  c_w.l(_printf_x.o)
    0x08000288   0x00000006   Code   RO          810    .ARM.Collect$$_printf_percent$$0000000D  c_w.l(_printf_lli.o)
    0x0800028e   0x00000006   Code   RO          811    .ARM.Collect$$_printf_percent$$0000000E  c_w.l(_printf_lld.o)
    0x08000294   0x00000006   Code   RO          812    .ARM.Collect$$_printf_percent$$0000000F  c_w.l(_printf_llu.o)
    0x0800029a   0x00000006   Code   RO          817    .ARM.Collect$$_printf_percent$$00000010  c_w.l(_printf_llo.o)
    0x080002a0   0x00000006   Code   RO          818    .ARM.Collect$$_printf_percent$$00000011  c_w.l(_printf_llx.o)
    0x080002a6   0x0000000a   Code   RO          814    .ARM.Collect$$_printf_percent$$00000012  c_w.l(_printf_l.o)
    0x080002b0   0x00000006   Code   RO          759    .ARM.Collect$$_printf_percent$$00000013  c_w.l(_printf_c.o)
    0x080002b6   0x00000006   Code   RO          760    .ARM.Collect$$_printf_percent$$00000014  c_w.l(_printf_s.o)
    0x080002bc   0x00000006   Code   RO          815    .ARM.Collect$$_printf_percent$$00000015  c_w.l(_printf_lc.o)
    0x080002c2   0x00000006   Code   RO          816    .ARM.Collect$$_printf_percent$$00000016  c_w.l(_printf_ls.o)
    0x080002c8   0x00000004   Code   RO          809    .ARM.Collect$$_printf_percent$$00000017  c_w.l(_printf_percent_end.o)
    0x080002cc   0x00000002   Code   RO          896    .ARM.Collect$$libinit$$00000000  c_w.l(libinit.o)
    0x080002ce   0x00000004   Code   RO          910    .ARM.Collect$$libinit$$00000001  c_w.l(libinit2.o)
    0x080002d2   0x00000000   Code   RO          914    .ARM.Collect$$libinit$$00000008  c_w.l(libinit2.o)
    0x080002d2   0x00000000   Code   RO          916    .ARM.Collect$$libinit$$0000000A  c_w.l(libinit2.o)
    0x080002d2   0x00000000   Code   RO          918    .ARM.Collect$$libinit$$0000000C  c_w.l(libinit2.o)
    0x080002d2   0x00000006   Code   RO          919    .ARM.Collect$$libinit$$0000000D  c_w.l(libinit2.o)
    0x080002d8   0x00000000   Code   RO          921    .ARM.Collect$$libinit$$0000000F  c_w.l(libinit2.o)
    0x080002d8   0x0000000c   Code   RO          922    .ARM.Collect$$libinit$$00000010  c_w.l(libinit2.o)
    0x080002e4   0x00000000   Code   RO          923    .ARM.Collect$$libinit$$00000011  c_w.l(libinit2.o)
    0x080002e4   0x00000000   Code   RO          925    .ARM.Collect$$libinit$$00000013  c_w.l(libinit2.o)
    0x080002e4   0x0000000a   Code   RO          926    .ARM.Collect$$libinit$$00000014  c_w.l(libinit2.o)
    0x080002ee   0x00000000   Code   RO          927    .ARM.Collect$$libinit$$00000015  c_w.l(libinit2.o)
    0x080002ee   0x00000000   Code   RO          929    .ARM.Collect$$libinit$$00000017  c_w.l(libinit2.o)
    0x080002ee   0x00000000   Code   RO          931    .ARM.Collect$$libinit$$00000019  c_w.l(libinit2.o)
    0x080002ee   0x00000000   Code   RO          933    .ARM.Collect$$libinit$$0000001B  c_w.l(libinit2.o)
    0x080002ee   0x00000000   Code   RO          935    .ARM.Collect$$libinit$$0000001D  c_w.l(libinit2.o)
    0x080002ee   0x00000000   Code   RO          937    .ARM.Collect$$libinit$$0000001F  c_w.l(libinit2.o)
    0x080002ee   0x00000000   Code   RO          939    .ARM.Collect$$libinit$$00000021  c_w.l(libinit2.o)
    0x080002ee   0x00000000   Code   RO          941    .ARM.Collect$$libinit$$00000023  c_w.l(libinit2.o)
    0x080002ee   0x00000000   Code   RO          945    .ARM.Collect$$libinit$$0000002A  c_w.l(libinit2.o)
    0x080002ee   0x00000000   Code   RO          947    .ARM.Collect$$libinit$$0000002C  c_w.l(libinit2.o)
    0x080002ee   0x00000000   Code   RO          949    .ARM.Collect$$libinit$$0000002E  c_w.l(libinit2.o)
    0x080002ee   0x00000000   Code   RO          951    .ARM.Collect$$libinit$$00000030  c_w.l(libinit2.o)
    0x080002ee   0x00000002   Code   RO          952    .ARM.Collect$$libinit$$00000031  c_w.l(libinit2.o)
    0x080002f0   0x00000002   Code   RO          970    .ARM.Collect$$libshutdown$$00000000  c_w.l(libshutdown.o)
    0x080002f2   0x00000000   Code   RO          981    .ARM.Collect$$libshutdown$$00000003  c_w.l(libshutdown2.o)
    0x080002f2   0x00000000   Code   RO          984    .ARM.Collect$$libshutdown$$00000006  c_w.l(libshutdown2.o)
    0x080002f2   0x00000000   Code   RO          987    .ARM.Collect$$libshutdown$$00000009  c_w.l(libshutdown2.o)
    0x080002f2   0x00000000   Code   RO          989    .ARM.Collect$$libshutdown$$0000000B  c_w.l(libshutdown2.o)
    0x080002f2   0x00000000   Code   RO          992    .ARM.Collect$$libshutdown$$0000000E  c_w.l(libshutdown2.o)
    0x080002f2   0x00000002   Code   RO          993    .ARM.Collect$$libshutdown$$0000000F  c_w.l(libshutdown2.o)
    0x080002f4   0x00000000   Code   RO          775    .ARM.Collect$$rtentry$$00000000  c_w.l(rtentry.o)
    0x080002f4   0x00000000   Code   RO          822    .ARM.Collect$$rtentry$$00000002  c_w.l(rtentry2.o)
    0x080002f4   0x00000006   Code   RO          834    .ARM.Collect$$rtentry$$00000004  c_w.l(rtentry4.o)
    0x080002fa   0x00000000   Code   RO          824    .ARM.Collect$$rtentry$$00000009  c_w.l(rtentry2.o)
    0x080002fa   0x00000004   Code   RO          825    .ARM.Collect$$rtentry$$0000000A  c_w.l(rtentry2.o)
    0x080002fe   0x00000000   Code   RO          827    .ARM.Collect$$rtentry$$0000000C  c_w.l(rtentry2.o)
    0x080002fe   0x00000008   Code   RO          828    .ARM.Collect$$rtentry$$0000000D  c_w.l(rtentry2.o)
    0x08000306   0x00000002   Code   RO          905    .ARM.Collect$$rtexit$$00000000  c_w.l(rtexit.o)
    0x08000308   0x00000000   Code   RO          954    .ARM.Collect$$rtexit$$00000002  c_w.l(rtexit2.o)
    0x08000308   0x00000004   Code   RO          955    .ARM.Collect$$rtexit$$00000003  c_w.l(rtexit2.o)
    0x0800030c   0x00000006   Code   RO          956    .ARM.Collect$$rtexit$$00000004  c_w.l(rtexit2.o)
    0x08000312   0x00000002   PAD
    0x08000314   0x00000478   Code   RO            3    .text               main.o
    0x0800078c   0x0000001a   Code   RO          174    .text               stm32f4xx_it.o
    0x080007a6   0x00000002   PAD
    0x080007a8   0x00000210   Code   RO          223    .text               system_stm32f4xx.o
    0x080009b8   0x00000040   Code   RO          249    .text               led.o
    0x080009f8   0x00000104   Code   RO          269    .text               key.o
    0x08000afc   0x0000484c   Code   RO          290    .text               lcd.o
    0x08005348   0x00000088   Code   RO          328    .text               timer.o
    0x080053d0   0x00000184   Code   RO          352    .text               usart3.o
    0x08005554   0x00000274   Code   RO          386    .text               hc05.o
    0x080057c8   0x00000104   Code   RO          410    .text               delay.o
    0x080058cc   0x00000154   Code   RO          450    .text               usart.o
    0x08005a20   0x00000040   Code   RO          482    .text               startup_stm32f40_41xxx.o
    0x08005a60   0x000000e0   Code   RO          488    .text               misc.o
    0x08005b40   0x00000294   Code   RO          508    .text               stm32f4xx_gpio.o
    0x08005dd4   0x000005c8   Code   RO          528    .text               stm32f4xx_fsmc.o
    0x0800639c   0x0000065c   Code   RO          551    .text               stm32f4xx_rcc.o
    0x080069f8   0x00000454   Code   RO          593    .text               stm32f4xx_usart.o
    0x08006e4c   0x00000ca2   Code   RO          613    .text               stm32f4xx_tim.o
    0x08007aee   0x00000002   PAD
    0x08007af0   0x00000c34   Code   RO          633    .text               usmart.o
    0x08008724   0x00000528   Code   RO          678    .text               usmart_str.o
    0x08008c4c   0x00000002   Code   RO          698    .text               c_w.l(use_no_semi_2.o)
    0x08008c4e   0x00000002   PAD
    0x08008c50   0x00000024   Code   RO          700    .text               c_w.l(c89vsprintf.o)
    0x08008c74   0x00000018   Code   RO          702    .text               c_w.l(__2printf.o)
    0x08008c8c   0x0000002c   Code   RO          704    .text               c_w.l(__2sprintf.o)
    0x08008cb8   0x0000004e   Code   RO          712    .text               c_w.l(_printf_pad.o)
    0x08008d06   0x00000052   Code   RO          714    .text               c_w.l(_printf_str.o)
    0x08008d58   0x00000074   Code   RO          716    .text               c_w.l(_printf_dec.o)
    0x08008dcc   0x00000094   Code   RO          736    .text               c_w.l(_printf_hex_int_ll_ptr.o)
    0x08008e60   0x00000188   Code   RO          756    .text               c_w.l(__printf_flags_ss_wp.o)
    0x08008fe8   0x0000003e   Code   RO          765    .text               c_w.l(strlen.o)
    0x08009026   0x00000002   PAD
    0x08009028   0x00000080   Code   RO          767    .text               c_w.l(strcmpv7m.o)
    0x080090a8   0x00000006   Code   RO          769    .text               c_w.l(heapauxi.o)
    0x080090ae   0x00000002   Code   RO          773    .text               c_w.l(use_no_semi.o)
    0x080090b0   0x00000024   Code   RO          776    .text               c_w.l(_printf_truncate.o)
    0x080090d4   0x000000b2   Code   RO          778    .text               c_w.l(_printf_intcommon.o)
    0x08009186   0x00000028   Code   RO          780    .text               c_w.l(_printf_charcount.o)
    0x080091ae   0x00000002   PAD
    0x080091b0   0x00000030   Code   RO          782    .text               c_w.l(_printf_char_common.o)
    0x080091e0   0x0000000a   Code   RO          784    .text               c_w.l(_sputc.o)
    0x080091ea   0x0000002c   Code   RO          786    .text               c_w.l(_printf_char.o)
    0x08009216   0x00000002   PAD
    0x08009218   0x00000024   Code   RO          788    .text               c_w.l(_printf_char_file.o)
    0x0800923c   0x000000bc   Code   RO          790    .text               c_w.l(_printf_wctomb.o)
    0x080092f8   0x00000078   Code   RO          793    .text               c_w.l(_printf_longlong_dec.o)
    0x08009370   0x00000070   Code   RO          799    .text               c_w.l(_printf_oct_int_ll.o)
    0x080093e0   0x0000008a   Code   RO          836    .text               c_w.l(lludiv10.o)
    0x0800946a   0x00000416   Code   RO          838    .text               c_w.l(_printf_fp_dec.o)
    0x08009880   0x0000002c   Code   RO          842    .text               c_w.l(_printf_wchar.o)
    0x080098ac   0x00000008   Code   RO          844    .text               c_w.l(ferror.o)
    0x080098b4   0x00000040   Code   RO          848    .text               c_w.l(_wcrtomb.o)
    0x080098f4   0x0000004a   Code   RO          850    .text               c_w.l(sys_stackheap_outer.o)
    0x0800993e   0x00000002   PAD
    0x08009940   0x00000010   Code   RO          852    .text               c_w.l(rt_ctype_table.o)
    0x08009950   0x00000008   Code   RO          857    .text               c_w.l(rt_locale_intlibspace.o)
    0x08009958   0x00000080   Code   RO          859    .text               c_w.l(_printf_fp_infnan.o)
    0x080099d8   0x000000d8   Code   RO          861    .text               c_w.l(bigflt0.o)
    0x08009ab0   0x0000000c   Code   RO          889    .text               c_w.l(exit.o)
    0x08009abc   0x00000008   Code   RO          902    .text               c_w.l(libspace.o)
    0x08009ac4   0x0000003e   Code   RO          864    CL$$btod_d2e        c_w.l(btod.o)
    0x08009b02   0x00000046   Code   RO          866    CL$$btod_d2e_denorm_low  c_w.l(btod.o)
    0x08009b48   0x00000060   Code   RO          865    CL$$btod_d2e_norm_op1  c_w.l(btod.o)
    0x08009ba8   0x00000338   Code   RO          874    CL$$btod_div_common  c_w.l(btod.o)
    0x08009ee0   0x000000c6   Code   RO          871    CL$$btod_e2e        c_w.l(btod.o)
    0x08009fa6   0x00000028   Code   RO          868    CL$$btod_ediv       c_w.l(btod.o)
    0x08009fce   0x00000028   Code   RO          867    CL$$btod_emul       c_w.l(btod.o)
    0x08009ff6   0x00000244   Code   RO          873    CL$$btod_mult_common  c_w.l(btod.o)
    0x0800a23a   0x00000030   Code   RO          900    i.__ARM_fpclassify  m_wm.l(fpclassify.o)
    0x0800a26a   0x0000000e   Code   RO          749    i._is_digit         c_w.l(__printf_wp.o)
    0x0800a278   0x0000002c   Code   RO          887    locale$$code        c_w.l(lc_numeric_c.o)
    0x0800a2a4   0x0000002c   Code   RO          908    locale$$code        c_w.l(lc_ctype_c.o)
    0x0800a2d0   0x0000000a   Code   RO          962    x$fpl$fpinit        fz_wm.l(fpinit.o)
    0x0800a2da   0x00000004   Code   RO          819    x$fpl$printf1       fz_wm.l(printf1.o)
    0x0800a2de   0x00000000   Code   RO          899    x$fpl$usenofp       fz_wm.l(usenofp.o)
    0x0800a2de   0x000017c0   Data   RO          292    .constdata          lcd.o
    0x0800ba9e   0x00000002   PAD
    0x0800baa0   0x0000001c   Data   RO          529    .constdata          stm32f4xx_fsmc.o
    0x0800babc   0x00000028   Data   RO          737    .constdata          c_w.l(_printf_hex_int_ll_ptr.o)
    0x0800bae4   0x00000011   Data   RO          757    .constdata          c_w.l(__printf_flags_ss_wp.o)
    0x0800baf5   0x00000003   PAD
    0x0800baf8   0x00000008   Data   RO          791    .constdata          c_w.l(_printf_wctomb.o)
    0x0800bb00   0x00000094   Data   RO          862    .constdata          c_w.l(bigflt0.o)
    0x0800bb94   0x00000028   Data   RO          634    .conststring        usmart.o
    0x0800bbbc   0x0000006f   Data   RO          657    .conststring        usmart_config.o
    0x0800bc2b   0x00000001   PAD
    0x0800bc2c   0x00000020   Data   RO         1025    Region$$Table       anon$$obj.o
    0x0800bc4c   0x0000001c   Data   RO          886    locale$$data        c_w.l(lc_numeric_c.o)
    0x0800bc68   0x00000110   Data   RO          907    locale$$data        c_w.l(lc_ctype_c.o)


    Execution Region RW_IRAM1 (Base: 0x20000000, Size: 0x00000bc0, Max: 0x00020000, ABSOLUTE, COMPRESSED[0x00000064])

    Base Addr    Size         Type   Attr      Idx    E Section Name        Object

    0x20000000   0x00000014   Data   RW          224    .data               system_stm32f4xx.o
    0x20000014   0x00000001   Data   RW          270    .data               key.o
    0x20000015   0x00000001   PAD
    0x20000016   0x00000004   Data   RW          293    .data               lcd.o
    0x2000001a   0x00000002   Data   RW          354    .data               usart3.o
    0x2000001c   0x00000004   Data   RW          411    .data               delay.o
    0x20000020   0x00000006   Data   RW          452    .data               usart.o
    0x20000026   0x00000010   Data   RW          552    .data               stm32f4xx_rcc.o
    0x20000036   0x00000002   PAD
    0x20000038   0x0000001c   Data   RW          635    .data               usmart.o
    0x20000054   0x00000114   Data   RW          658    .data               usmart_config.o
    0x20000168   0x0000000e   Zero   RW          291    .bss                lcd.o
    0x20000176   0x00000002   PAD
    0x20000178   0x00000320   Zero   RW          353    .bss                usart3.o
    0x20000498   0x000000c8   Zero   RW          451    .bss                usart.o
    0x20000560   0x00000060   Zero   RW          903    .bss                c_w.l(libspace.o)
    0x200005c0   0x00000200   Zero   RW          480    HEAP                startup_stm32f40_41xxx.o
    0x200007c0   0x00000400   Zero   RW          479    STACK               startup_stm32f40_41xxx.o


==============================================================================

Image component sizes


      Code (inc. data)   RO Data    RW Data    ZI Data      Debug   Object Name

       260          8          0          4          0       1897   delay.o
       628         62          0          0          0       2604   hc05.o
       260         12          0          1          0       1096   key.o
     18508        172       6080          4         14      23289   lcd.o
        64          4          0          0          0        759   led.o
      1144        406          0          0          0     292228   main.o
       224         20          0          0          0       2281   misc.o
        64         26        392          0       1536        960   startup_stm32f40_41xxx.o
      1480         18         28          0          0       6310   stm32f4xx_fsmc.o
       660         44          0          0          0       4561   stm32f4xx_gpio.o
        26          0          0          0          0       1454   stm32f4xx_it.o
      1628         52          0         16          0      13576   stm32f4xx_rcc.o
      3234         60          0          0          0      22764   stm32f4xx_tim.o
      1108         34          0          0          0       8260   stm32f4xx_usart.o
       528         46          0         20          0       2475   system_stm32f4xx.o
       136          8          0          0          0       1036   timer.o
       340         18          0          6        200       4014   usart.o
       388         24          0          2        800       3262   usart3.o
      3124       1286         40         28          0       5062   usmart.o
         0          0        111        276          0       2216   usmart_config.o
      1320         12          0          0          0       5629   usmart_str.o

    ----------------------------------------------------------------------
     35128       2312       6686        360       2552     405733   Object Totals
         0          0         32          0          0          0   (incl. Generated)
         4          0          3          3          2          0   (incl. Padding)

    ----------------------------------------------------------------------

      Code (inc. data)   RO Data    RW Data    ZI Data      Debug   Library Member Name

        24          4          0          0          0         84   __2printf.o
        44          6          0          0          0         84   __2sprintf.o
        90          0          0          0          0          0   __dczerorl2.o
         8          0          0          0          0         68   __main.o
       392          4         17          0          0         92   __printf_flags_ss_wp.o
        14          0          0          0          0         68   __printf_wp.o
        52          8          0          0          0          0   __scatter.o
        28          0          0          0          0          0   __scatter_zi.o
         6          0          0          0          0          0   _printf_a.o
         6          0          0          0          0          0   _printf_c.o
        44          0          0          0          0        108   _printf_char.o
        48          6          0          0          0         96   _printf_char_common.o
        36          4          0          0          0         80   _printf_char_file.o
        40          0          0          0          0         68   _printf_charcount.o
         6          0          0          0          0          0   _printf_d.o
       116         16          0          0          0         92   _printf_dec.o
         6          0          0          0          0          0   _printf_e.o
         6          0          0          0          0          0   _printf_f.o
      1046          0          0          0          0        216   _printf_fp_dec.o
       128         16          0          0          0         84   _printf_fp_infnan.o
         6          0          0          0          0          0   _printf_g.o
       148          4         40          0          0        160   _printf_hex_int_ll_ptr.o
         6          0          0          0          0          0   _printf_i.o
       178          0          0          0          0         88   _printf_intcommon.o
        10          0          0          0          0          0   _printf_l.o
         6          0          0          0          0          0   _printf_lc.o
        10          0          0          0          0          0   _printf_ll.o
         6          0          0          0          0          0   _printf_lld.o
         6          0          0          0          0          0   _printf_lli.o
         6          0          0          0          0          0   _printf_llo.o
         6          0          0          0          0          0   _printf_llu.o
         6          0          0          0          0          0   _printf_llx.o
       120         16          0          0          0         92   _printf_longlong_dec.o
         6          0          0          0          0          0   _printf_ls.o
         6          0          0          0          0          0   _printf_n.o
         6          0          0          0          0          0   _printf_o.o
       112          8          0          0          0        124   _printf_oct_int_ll.o
         6          0          0          0          0          0   _printf_p.o
        78          0          0          0          0        108   _printf_pad.o
         0          0          0          0          0          0   _printf_percent.o
         4          0          0          0          0          0   _printf_percent_end.o
         6          0          0          0          0          0   _printf_s.o
        82          0          0          0          0         80   _printf_str.o
        36          0          0          0          0         84   _printf_truncate.o
         6          0          0          0          0          0   _printf_u.o
        44          0          0          0          0        108   _printf_wchar.o
       188          6          8          0          0         92   _printf_wctomb.o
         6          0          0          0          0          0   _printf_x.o
        10          0          0          0          0         68   _sputc.o
        64          0          0          0          0         92   _wcrtomb.o
       216          4        148          0          0         96   bigflt0.o
      1910        128          0          0          0        672   btod.o
        36          4          0          0          0         76   c89vsprintf.o
        12          0          0          0          0         72   exit.o
         8          0          0          0          0         68   ferror.o
         6          0          0          0          0        152   heapauxi.o
        44         10        272          0          0         76   lc_ctype_c.o
        44         10         28          0          0         76   lc_numeric_c.o
         2          0          0          0          0          0   libinit.o
        34          0          0          0          0          0   libinit2.o
         2          0          0          0          0          0   libshutdown.o
         2          0          0          0          0          0   libshutdown2.o
         8          4          0          0         96         68   libspace.o
       138          0          0          0          0         80   lludiv10.o
        16          4          0          0          0         76   rt_ctype_table.o
         8          4          0          0          0         68   rt_locale_intlibspace.o
         0          0          0          0          0          0   rtentry.o
        12          0          0          0          0          0   rtentry2.o
         6          0          0          0          0          0   rtentry4.o
         2          0          0          0          0          0   rtexit.o
        10          0          0          0          0          0   rtexit2.o
       128          0          0          0          0         68   strcmpv7m.o
        62          0          0          0          0         76   strlen.o
        74          0          0          0          0         80   sys_stackheap_outer.o
         2          0          0          0          0         68   use_no_semi.o
         2          0          0          0          0         68   use_no_semi_2.o
        10          0          0          0          0        116   fpinit.o
         4          0          0          0          0        116   printf1.o
         0          0          0          0          0          0   usenofp.o
        48          0          0          0          0        124   fpclassify.o

    ----------------------------------------------------------------------
      6174        266        516          0         96       4532   Library Totals
        14          0          3          0          0          0   (incl. Padding)

    ----------------------------------------------------------------------

      Code (inc. data)   RO Data    RW Data    ZI Data      Debug   Library Name

      6098        266        513          0         96       4176   c_w.l
        14          0          0          0          0        232   fz_wm.l
        48          0          0          0          0        124   m_wm.l

    ----------------------------------------------------------------------
      6174        266        516          0         96       4532   Library Totals

    ----------------------------------------------------------------------

==============================================================================


      Code (inc. data)   RO Data    RW Data    ZI Data      Debug   

     41302       2578       7202        360       2648     403977   Grand Totals
     41302       2578       7202        100       2648     403977   ELF Image Totals (compressed)
     41302       2578       7202        100          0          0   ROM Totals

==============================================================================

    Total RO  Size (Code + RO Data)                48504 (  47.37kB)
    Total RW  Size (RW Data + ZI Data)              3008 (   2.94kB)
    Total ROM Size (Code + RO Data + RW Data)      48604 (  47.46kB)

==============================================================================

