Product: MDK-ARM Professional 5.10
Component: ARM Compiler 5.04 update 1 (build 49)
Tool: armlink [5040049]

==============================================================================

Section Cross References

    main.o(.text) refers to _printf_percent.o(.ARM.Collect$$_printf_percent$$00000000) for _printf_percent
    main.o(.text) refers to _printf_d.o(.ARM.Collect$$_printf_percent$$00000009) for _printf_d
    main.o(.text) refers to _printf_dec.o(.text) for _printf_int_dec
    main.o(.text) refers to hc05.o(.text) for HC05_Get_Role
    main.o(.text) refers to lcd.o(.text) for LCD_ShowString
    main.o(.text) refers to __2printf.o(.text) for __2printf
    main.o(.text) refers to misc.o(.text) for NVIC_PriorityGroupConfig
    main.o(.text) refers to delay.o(.text) for delay_init
    main.o(.text) refers to usart.o(.text) for uart_init
    main.o(.text) refers to relay.o(.text) for RELAY_Init
    main.o(.text) refers to led.o(.text) for LED_Init
    main.o(.text) refers to key.o(.text) for KEY_Init
    main.o(.text) refers to __2sprintf.o(.text) for __2sprintf
    main.o(.text) refers to dflt_clz.o(x$fpl$dfltu) for __aeabi_ui2d
    main.o(.text) refers to ddiv.o(x$fpl$ddiv) for __aeabi_ddiv
    main.o(.text) refers to usart3.o(.text) for u3_printf
    main.o(.text) refers to strcmpv7m.o(.text) for strcmp
    main.o(.text) refers to usmart_config.o(.data) for usmart_dev
    main.o(.text) refers to lcd.o(.data) for POINT_COLOR
    main.o(.text) refers to usart3.o(.data) for USART3_RX_STA
    main.o(.text) refers to usart3.o(.bss) for USART3_RX_BUF
    system_stm32f4xx.o(.text) refers to system_stm32f4xx.o(.data) for SystemCoreClock
    led.o(.text) refers to stm32f4xx_rcc.o(.text) for RCC_AHB1PeriphClockCmd
    led.o(.text) refers to stm32f4xx_gpio.o(.text) for GPIO_Init
    key.o(.text) refers to stm32f4xx_rcc.o(.text) for RCC_AHB1PeriphClockCmd
    key.o(.text) refers to stm32f4xx_gpio.o(.text) for GPIO_Init
    key.o(.text) refers to delay.o(.text) for delay_ms
    key.o(.text) refers to key.o(.data) for key_up
    lcd.o(.text) refers to _printf_percent.o(.ARM.Collect$$_printf_percent$$00000000) for _printf_percent
    lcd.o(.text) refers to _printf_x.o(.ARM.Collect$$_printf_percent$$0000000C) for _printf_x
    lcd.o(.text) refers to _printf_hex_int_ll_ptr.o(.text) for _printf_longlong_hex
    lcd.o(.text) refers to delay.o(.text) for delay_us
    lcd.o(.text) refers to lcd.o(.bss) for lcddev
    lcd.o(.text) refers to lcd.o(.data) for POINT_COLOR
    lcd.o(.text) refers to stm32f4xx_rcc.o(.text) for RCC_AHB1PeriphClockCmd
    lcd.o(.text) refers to stm32f4xx_gpio.o(.text) for GPIO_Init
    lcd.o(.text) refers to stm32f4xx_fsmc.o(.text) for FSMC_NORSRAMInit
    lcd.o(.text) refers to __2printf.o(.text) for __2printf
    lcd.o(.text) refers to lcd.o(.constdata) for asc2_1206
    timer.o(.text) refers to stm32f4xx_tim.o(.text) for TIM_GetITStatus
    timer.o(.text) refers to stm32f4xx_rcc.o(.text) for RCC_APB1PeriphClockCmd
    timer.o(.text) refers to misc.o(.text) for NVIC_Init
    timer.o(.text) refers to usart3.o(.data) for USART3_RX_STA
    usart3.o(.text) refers to stm32f4xx_usart.o(.text) for USART_GetITStatus
    usart3.o(.text) refers to stm32f4xx_tim.o(.text) for TIM_SetCounter
    usart3.o(.text) refers to stm32f4xx_rcc.o(.text) for RCC_AHB1PeriphClockCmd
    usart3.o(.text) refers to stm32f4xx_gpio.o(.text) for GPIO_PinAFConfig
    usart3.o(.text) refers to misc.o(.text) for NVIC_Init
    usart3.o(.text) refers to timer.o(.text) for TIM7_Int_Init
    usart3.o(.text) refers to c89vsprintf.o(.text) for __c89vsprintf
    usart3.o(.text) refers to strlen.o(.text) for strlen
    usart3.o(.text) refers to usart3.o(.data) for USART3_RX_STA
    usart3.o(.text) refers to usart3.o(.bss) for USART3_RX_BUF
    hc05.o(.text) refers to _printf_percent.o(.ARM.Collect$$_printf_percent$$00000000) for _printf_percent
    hc05.o(.text) refers to _printf_s.o(.ARM.Collect$$_printf_percent$$00000014) for _printf_s
    hc05.o(.text) refers to _printf_str.o(.text) for _printf_str
    hc05.o(.text) refers to stm32f4xx_rcc.o(.text) for RCC_AHB1PeriphClockCmd
    hc05.o(.text) refers to stm32f4xx_gpio.o(.text) for GPIO_Init
    hc05.o(.text) refers to usart3.o(.text) for usart3_init
    hc05.o(.text) refers to delay.o(.text) for delay_ms
    hc05.o(.text) refers to __2printf.o(.text) for __2printf
    hc05.o(.text) refers to usart3.o(.data) for USART3_RX_STA
    hc05.o(.text) refers to usart3.o(.bss) for USART3_RX_BUF
    relay.o(.text) refers to stm32f4xx_rcc.o(.text) for RCC_AHB1PeriphClockCmd
    relay.o(.text) refers to stm32f4xx_gpio.o(.text) for GPIO_Init
    delay.o(.text) refers to misc.o(.text) for SysTick_CLKSourceConfig
    delay.o(.text) refers to delay.o(.data) for fac_us
    usart.o(.rev16_text) refers (Special) to use_no_semi_2.o(.text) for __use_no_semihosting
    usart.o(.revsh_text) refers (Special) to use_no_semi_2.o(.text) for __use_no_semihosting
[...]
    locale$$code                             0x0800a390   Section       44  lc_numeric_c.o(locale$$code)
    locale$$code                             0x0800a3bc   Section       44  lc_ctype_c.o(locale$$code)
    x$fpl$ddiv                               0x0800a3e8   Section      688  ddiv.o(x$fpl$ddiv)
    $v0                                      0x0800a3e8   Number         0  ddiv.o(x$fpl$ddiv)
    ddiv_entry                               0x0800a3ef   Thumb Code     0  ddiv.o(x$fpl$ddiv)
    x$fpl$dfltu                              0x0800a698   Section       38  dflt_clz.o(x$fpl$dfltu)
    $v0                                      0x0800a698   Number         0  dflt_clz.o(x$fpl$dfltu)
    x$fpl$dnaninf                            0x0800a6be   Section      156  dnaninf.o(x$fpl$dnaninf)
    $v0                                      0x0800a6be   Number         0  dnaninf.o(x$fpl$dnaninf)
    x$fpl$dretinf                            0x0800a75a   Section       12  dretinf.o(x$fpl$dretinf)
    $v0                                      0x0800a75a   Number         0  dretinf.o(x$fpl$dretinf)
    x$fpl$fpinit                             0x0800a766   Section       10  fpinit.o(x$fpl$fpinit)
    $v0                                      0x0800a766   Number         0  fpinit.o(x$fpl$fpinit)
    x$fpl$printf1                            0x0800a770   Section        4  printf1.o(x$fpl$printf1)
    $v0                                      0x0800a770   Number         0  printf1.o(x$fpl$printf1)
    .constdata                               0x0800a774   Section     6080  lcd.o(.constdata)
    x$fpl$usenofp                            0x0800a774   Section        0  usenofp.o(x$fpl$usenofp)
    .constdata                               0x0800bf34   Section       28  stm32f4xx_fsmc.o(.constdata)
    .constdata                               0x0800bf50   Section       40  _printf_hex_int_ll_ptr.o(.constdata)
    uc_hextab                                0x0800bf50   Data          20  _printf_hex_int_ll_ptr.o(.constdata)
    lc_hextab                                0x0800bf64   Data          20  _printf_hex_int_ll_ptr.o(.constdata)
    .constdata                               0x0800bf78   Section       17  __printf_flags_ss_wp.o(.constdata)
    maptable                                 0x0800bf78   Data          17  __printf_flags_ss_wp.o(.constdata)
    .constdata                               0x0800bf8c   Section        8  _printf_wctomb.o(.constdata)
    initial_mbstate                          0x0800bf8c   Data           8  _printf_wctomb.o(.constdata)
    .constdata                               0x0800bf94   Section      148  bigflt0.o(.constdata)
    tenpwrs_x                                0x0800bf94   Data          60  bigflt0.o(.constdata)
    tenpwrs_i                                0x0800bfd0   Data          64  bigflt0.o(.constdata)
    .conststring                             0x0800c028   Section       40  usmart.o(.conststring)
    .conststring                             0x0800c050   Section      111  usmart_config.o(.conststring)
    locale$$data                             0x0800c0e0   Section       28  lc_numeric_c.o(locale$$data)
    __lcnum_c_name                           0x0800c0e4   Data           2  lc_numeric_c.o(locale$$data)
    __lcnum_c_start                          0x0800c0ec   Data           0  lc_numeric_c.o(locale$$data)
    __lcnum_c_point                          0x0800c0f8   Data           0  lc_numeric_c.o(locale$$data)
    __lcnum_c_thousands                      0x0800c0fa   Data           0  lc_numeric_c.o(locale$$data)
    __lcnum_c_grouping                       0x0800c0fb   Data           0  lc_numeric_c.o(locale$$data)
    locale$$data                             0x0800c0fc   Section      272  lc_ctype_c.o(locale$$data)
    __lcnum_c_end                            0x0800c0fc   Data           0  lc_numeric_c.o(locale$$data)
    __lcctype_c_name                         0x0800c100   Data           2  lc_ctype_c.o(locale$$data)
    __lcctype_c_start                        0x0800c108   Data           0  lc_ctype_c.o(locale$$data)
    __lcctype_c_end                          0x0800c20c   Data           0  lc_ctype_c.o(locale$$data)
    .data                                    0x20000000   Section       20  system_stm32f4xx.o(.data)
    .data                                    0x20000014   Section        1  key.o(.data)
    key_up                                   0x20000014   Data           1  key.o(.data)
    .data                                    0x20000016   Section        4  lcd.o(.data)
    .data                                    0x2000001a   Section        2  usart3.o(.data)
    .data                                    0x2000001c   Section        4  delay.o(.data)
    fac_us                                   0x2000001c   Data           1  delay.o(.data)
    fac_ms                                   0x2000001e   Data           2  delay.o(.data)
    .data                                    0x20000020   Section        6  usart.o(.data)
    .data                                    0x20000026   Section       16  stm32f4xx_rcc.o(.data)
    APBAHBPrescTable                         0x20000026   Data          16  stm32f4xx_rcc.o(.data)
    .data                                    0x20000038   Section       28  usmart.o(.data)
    .data                                    0x20000054   Section      276  usmart_config.o(.data)
    .bss                                     0x20000168   Section       14  lcd.o(.bss)
    .bss                                     0x20000178   Section      800  usart3.o(.bss)
    .bss                                     0x20000498   Section      200  usart.o(.bss)
    .bss                                     0x20000560   Section       96  libspace.o(.bss)
    HEAP                                     0x200005c0   Section      512  startup_stm32f40_41xxx.o(HEAP)
    Heap_Mem                                 0x200005c0   Data         512  startup_stm32f40_41xxx.o(HEAP)
    STACK                                    0x200007c0   Section     1024  startup_stm32f40_41xxx.o(STACK)
    Stack_Mem                                0x200007c0   Data        1024  startup_stm32f40_41xxx.o(STACK)
    __initial_sp                             0x20000bc0   Data           0  startup_stm32f40_41xxx.o(STACK)

    Global Symbols

    Symbol Name                              Value     Ov Type        Size  Object(Section)

    BuildAttributes$$THM_ISAv4$E$P$D$K$B$S$7EM$VFPi3$EXTD16$VFPS$VFMA$PE$A:L22UL41UL21$X:L11$S22US41US21$IEEE1$IW$USESV6$~STKCKD$USESV7$~SHL$OTIME$ROPI$IEEEJ$EBA8$UX$STANDARDLIB$REQ8$PRES8$EABIv2 0x00000000   Number         0  anon$$obj.o ABSOLUTE
    __ARM_use_no_argv                        0x00000000   Number         0  main.o ABSOLUTE
    _printf_flags                            0x00000000   Number         0  printf_stubs.o ABSOLUTE
    _printf_return_value                     0x00000000   Number         0  printf_stubs.o ABSOLUTE
    _printf_sizespec                         0x00000000   Number         0  printf_stubs.o ABSOLUTE
    _printf_widthprec                        0x00000000   Number         0  printf_stubs.o ABSOLUTE
    __ARM_exceptions_init                     - Undefined Weak Reference
    __alloca_initialize                       - Undefined Weak Reference
    __cpp_initialize__aeabi_                  - Undefined Weak Reference
    __cxa_finalize                            - Undefined Weak Reference
    __sigvec_lookup                           - Undefined Weak Reference
    _atexit_init                              - Undefined Weak Reference
    _call_atexit_fns                          - Undefined Weak Reference
    _clock_init                               - Undefined Weak Reference
    _fp_trap_init                             - Undefined Weak Reference
    _fp_trap_shutdown                         - Undefined Weak Reference
    _get_lc_collate                           - Undefined Weak Reference
    _get_lc_monetary                          - Undefined Weak Reference
    _get_lc_time                              - Undefined Weak Reference
    _getenv_init                              - Undefined Weak Reference
    _handle_redirection                       - Undefined Weak Reference
    _init_alloc                               - Undefined Weak Reference
    _init_user_alloc                          - Undefined Weak Reference
    _initio                                   - Undefined Weak Reference
    _mutex_acquire                            - Undefined Weak Reference
    _mutex_release                            - Undefined Weak Reference
    _printf_fp_hex                            - Undefined Weak Reference
    _printf_mbtowc                            - Undefined Weak Reference
    _printf_wc                                - Undefined Weak Reference
    _rand_init                                - Undefined Weak Reference
    _signal_finish                            - Undefined Weak Reference
    _signal_init                              - Undefined Weak Reference
    _terminate_alloc                          - Undefined Weak Reference
    _terminate_user_alloc                     - Undefined Weak Reference
    _terminateio                              - Undefined Weak Reference
    __Vectors_Size                           0x00000188   Number         0  startup_stm32f40_41xxx.o ABSOLUTE
    __Vectors                                0x08000000   Data           4  startup_stm32f40_41xxx.o(RESET)
    __Vectors_End                            0x08000188   Data           0  startup_stm32f40_41xxx.o(RESET)
    __main                                   0x08000189   Thumb Code     8  __main.o(!!!main)
    __scatterload                            0x08000191   Thumb Code     0  __scatter.o(!!!scatter)
    __scatterload_rt2                        0x08000191   Thumb Code    44  __scatter.o(!!!scatter)
    __scatterload_rt2_thumb_only             0x08000191   Thumb Code     0  __scatter.o(!!!scatter)
    __scatterload_null                       0x0800019f   Thumb Code     0  __scatter.o(!!!scatter)
    __decompress                             0x080001c5   Thumb Code    90  __dczerorl2.o(!!dczerorl2)
    __decompress1                            0x080001c5   Thumb Code     0  __dczerorl2.o(!!dczerorl2)
    __scatterload_zeroinit                   0x08000221   Thumb Code    28  __scatter_zi.o(!!handler_zi)
    _printf_n                                0x0800023d   Thumb Code     0  _printf_n.o(.ARM.Collect$$_printf_percent$$00000001)
    _printf_percent                          0x0800023d   Thumb Code     0  _printf_percent.o(.ARM.Collect$$_printf_percent$$00000000)
    _printf_p                                0x08000243   Thumb Code     0  _printf_p.o(.ARM.Collect$$_printf_percent$$00000002)
    _printf_f                                0x08000249   Thumb Code     0  _printf_f.o(.ARM.Collect$$_printf_percent$$00000003)
    _printf_e                                0x0800024f   Thumb Code     0  _printf_e.o(.ARM.Collect$$_printf_percent$$00000004)
    _printf_g                                0x08000255   Thumb Code     0  _printf_g.o(.ARM.Collect$$_printf_percent$$00000005)
    _printf_a                                0x0800025b   Thumb Code     0  _printf_a.o(.ARM.Collect$$_printf_percent$$00000006)
    _printf_ll                               0x08000261   Thumb Code     0  _printf_ll.o(.ARM.Collect$$_printf_percent$$00000007)
    _printf_i                                0x0800026b   Thumb Code     0  _printf_i.o(.ARM.Collect$$_printf_percent$$00000008)
    _printf_d                                0x08000271   Thumb Code     0  _printf_d.o(.ARM.Collect$$_printf_percent$$00000009)
    _printf_u                                0x08000277   Thumb Code     0  _printf_u.o(.ARM.Collect$$_printf_percent$$0000000A)
    _printf_o                                0x0800027d   Thumb Code     0  _printf_o.o(.ARM.Collect$$_printf_percent$$0000000B)
    _printf_x                                0x08000283   Thumb Code     0  _printf_x.o(.ARM.Collect$$_printf_percent$$0000000C)
    _printf_lli                              0x08000289   Thumb Code     0  _printf_lli.o(.ARM.Collect$$_printf_percent$$0000000D)
    _printf_lld                              0x0800028f   Thumb Code     0  _printf_lld.o(.ARM.Collect$$_printf_percent$$0000000E)
    _printf_llu                              0x08000295   Thumb Code     0  _printf_llu.o(.ARM.Collect$$_printf_percent$$0000000F)
    _printf_llo                              0x0800029b   Thumb Code     0  _printf_llo.o(.ARM.Collect$$_printf_percent$$00000010)
    _printf_llx                              0x080002a1   Thumb Code     0  _printf_llx.o(.ARM.Collect$$_printf_percent$$00000011)
    _printf_l                                0x080002a7   Thumb Code     0  _printf_l.o(.ARM.Collect$$_printf_percent$$00000012)
    _printf_c                                0x080002b1   Thumb Code     0  _printf_c.o(.ARM.Collect$$_printf_percent$$00000013)
    _printf_s                                0x080002b7   Thumb Code     0  _printf_s.o(.ARM.Collect$$_printf_percent$$00000014)
    _printf_lc                               0x080002bd   Thumb Code     0  _printf_lc.o(.ARM.Collect$$_printf_percent$$00000015)
    _printf_ls                               0x080002c3   Thumb Code     0  _printf_ls.o(.ARM.Collect$$_printf_percent$$00000016)
    _printf_percent_end                      0x080002c9   Thumb Code     0  _printf_percent_end.o(.ARM.Collect$$_printf_percent$$00000017)
    __rt_lib_init                            0x080002cd   Thumb Code     0  libinit.o(.ARM.Collect$$libinit$$00000000)
    __rt_lib_init_fp_1                       0x080002cf   Thumb Code     0  libinit2.o(.ARM.Collect$$libinit$$00000001)
    __rt_lib_init_heap_1                     0x080002d3   Thumb Code     0  libinit2.o(.ARM.Collect$$libinit$$00000008)
    __rt_lib_init_lc_common                  0x080002d3   Thumb Code     0  libinit2.o(.ARM.Collect$$libinit$$0000000D)
    __rt_lib_init_rand_1                     0x080002d3   Thumb Code     0  libinit2.o(.ARM.Collect$$libinit$$0000000C)
    __rt_lib_init_user_alloc_1               0x080002d3   Thumb Code     0  libinit2.o(.ARM.Collect$$libinit$$0000000A)
    __rt_lib_init_lc_collate_1               0x080002d9   Thumb Code     0  libinit2.o(.ARM.Collect$$libinit$$0000000F)
    __rt_lib_init_lc_ctype_2                 0x080002d9   Thumb Code     0  libinit2.o(.ARM.Collect$$libinit$$00000010)
    __rt_lib_init_lc_ctype_1                 0x080002e5   Thumb Code     0  libinit2.o(.ARM.Collect$$libinit$$00000011)
    __rt_lib_init_lc_monetary_1              0x080002e5   Thumb Code     0  libinit2.o(.ARM.Collect$$libinit$$00000013)
    __rt_lib_init_lc_numeric_2               0x080002e5   Thumb Code     0  libinit2.o(.ARM.Collect$$libinit$$00000014)
    __rt_lib_init_alloca_1                   0x080002ef   Thumb Code     0  libinit2.o(.ARM.Collect$$libinit$$0000002C)
    __rt_lib_init_argv_1                     0x080002ef   Thumb Code     0  libinit2.o(.ARM.Collect$$libinit$$0000002A)
    __rt_lib_init_atexit_1                   0x080002ef   Thumb Code     0  libinit2.o(.ARM.Collect$$libinit$$00000019)
    __rt_lib_init_clock_1                    0x080002ef   Thumb Code     0  libinit2.o(.ARM.Collect$$libinit$$0000001F)
    __rt_lib_init_cpp_1                      0x080002ef   Thumb Code     0  libinit2.o(.ARM.Collect$$libinit$$00000030)
    __rt_lib_init_exceptions_1               0x080002ef   Thumb Code     0  libinit2.o(.ARM.Collect$$libinit$$0000002E)
    __rt_lib_init_fp_trap_1                  0x080002ef   Thumb Code     0  libinit2.o(.ARM.Collect$$libinit$$0000001D)
    __rt_lib_init_getenv_1                   0x080002ef   Thumb Code     0  libinit2.o(.ARM.Collect$$libinit$$00000021)
    __rt_lib_init_lc_numeric_1               0x080002ef   Thumb Code     0  libinit2.o(.ARM.Collect$$libinit$$00000015)
    __rt_lib_init_lc_time_1                  0x080002ef   Thumb Code     0  libinit2.o(.ARM.Collect$$libinit$$00000017)
    __rt_lib_init_return                     0x080002ef   Thumb Code     0  libinit2.o(.ARM.Collect$$libinit$$00000031)
    __rt_lib_init_signal_1                   0x080002ef   Thumb Code     0  libinit2.o(.ARM.Collect$$libinit$$0000001B)
    __rt_lib_init_stdio_1                    0x080002ef   Thumb Code     0  libinit2.o(.ARM.Collect$$libinit$$00000023)
    __rt_lib_shutdown                        0x080002f1   Thumb Code     0  libshutdown.o(.ARM.Collect$$libshutdown$$00000000)
    __rt_lib_shutdown_fp_trap_1              0x080002f3   Thumb Code     0  libshutdown2.o(.ARM.Collect$$libshutdown$$00000006)
    __rt_lib_shutdown_heap_1                 0x080002f3   Thumb Code     0  libshutdown2.o(.ARM.Collect$$libshutdown$$0000000E)
    __rt_lib_shutdown_return                 0x080002f3   Thumb Code     0  libshutdown2.o(.ARM.Collect$$libshutdown$$0000000F)
    __rt_lib_shutdown_signal_1               0x080002f3   Thumb Code     0  libshutdown2.o(.ARM.Collect$$libshutdown$$00000009)
    __rt_lib_shutdown_stdio_1                0x080002f3   Thumb Code     0  libshutdown2.o(.ARM.Collect$$libshutdown$$00000003)
    __rt_lib_shutdown_user_alloc_1           0x080002f3   Thumb Code     0  libshutdown2.o(.ARM.Collect$$libshutdown$$0000000B)
    __rt_entry                               0x080002f5   Thumb Code     0  rtentry.o(.ARM.Collect$$rtentry$$00000000)
    __rt_entry_presh_1                       0x080002f5   Thumb Code     0  rtentry2.o(.ARM.Collect$$rtentry$$00000002)
    __rt_entry_sh                            0x080002f5   Thumb Code     0  rtentry4.o(.ARM.Collect$$rtentry$$00000004)
    __rt_entry_li                            0x080002fb   Thumb Code     0  rtentry2.o(.ARM.Collect$$rtentry$$0000000A)
    __rt_entry_postsh_1                      0x080002fb   Thumb Code     0  rtentry2.o(.ARM.Collect$$rtentry$$00000009)
    __rt_entry_main                          0x080002ff   Thumb Code     0  rtentry2.o(.ARM.Collect$$rtentry$$0000000D)
    __rt_entry_postli_1                      0x080002ff   Thumb Code     0  rtentry2.o(.ARM.Collect$$rtentry$$0000000C)
    __rt_exit                                0x08000307   Thumb Code     0  rtexit.o(.ARM.Collect$$rtexit$$00000000)
    __rt_exit_ls                             0x08000309   Thumb Code     0  rtexit2.o(.ARM.Collect$$rtexit$$00000003)
    __rt_exit_prels_1                        0x08000309   Thumb Code     0  rtexit2.o(.ARM.Collect$$rtexit$$00000002)
    __rt_exit_exit                           0x0800030d   Thumb Code     0  rtexit2.o(.ARM.Collect$$rtexit$$00000004)
    HC05_Role_Show                           0x08000315   Thumb Code    66  main.o(.text)
    HC05_Sta_Show                            0x08000357   Thumb Code    64  main.o(.text)
    main                                     0x08000397   Thumb Code   794  main.o(.text)
    NMI_Handler                              0x08000869   Thumb Code     2  stm32f4xx_it.o(.text)
    HardFault_Handler                        0x0800086b   Thumb Code     4  stm32f4xx_it.o(.text)
    MemManage_Handler                        0x0800086f   Thumb Code     4  stm32f4xx_it.o(.text)
    BusFault_Handler                         0x08000873   Thumb Code     4  stm32f4xx_it.o(.text)
    UsageFault_Handler                       0x08000877   Thumb Code     4  stm32f4xx_it.o(.text)
    SVC_Handler                              0x0800087b   Thumb Code     2  stm32f4xx_it.o(.text)
    DebugMon_Handler                         0x0800087d   Thumb Code     2  stm32f4xx_it.o(.text)
    PendSV_Handler                           0x0800087f   Thumb Code     2  stm32f4xx_it.o(.text)
    SysTick_Handler                          0x08000881   Thumb Code     2  stm32f4xx_it.o(.text)
    SystemInit                               0x08000961   Thumb Code    88  system_stm32f4xx.o(.text)
    SystemCoreClockUpdate                    0x080009b9   Thumb Code   174  system_stm32f4xx.o(.text)
    LED_Init                                 0x08000a95   Thumb Code    60  led.o(.text)
    KEY_Init                                 0x08000ad5   Thumb Code    60  key.o(.text)
    KEY_Scan                                 0x08000b11   Thumb Code   188  key.o(.text)
    LCD_WR_REG                               0x08000bd9   Thumb Code    18  lcd.o(.text)
    LCD_WR_DATA                              0x08000beb   Thumb Code    20  lcd.o(.text)
    LCD_RD_DATA                              0x08000bff   Thumb Code    16  lcd.o(.text)
    LCD_WriteReg                             0x08000c0f   Thumb Code    24  lcd.o(.text)
    LCD_ReadReg                              0x08000c27   Thumb Code    22  lcd.o(.text)
    LCD_WriteRAM_Prepare                     0x08000c3d   Thumb Code    10  lcd.o(.text)
    LCD_WriteRAM                             0x08000c47   Thumb Code     8  lcd.o(.text)
    LCD_BGR2RGB                              0x08000c4f   Thumb Code    26  lcd.o(.text)
    opt_delay                                0x08000c69   Thumb Code    14  lcd.o(.text)
    LCD_SetCursor                            0x08000c77   Thumb Code   262  lcd.o(.text)
    LCD_ReadPoint                            0x08000d7d   Thumb Code   356  lcd.o(.text)
    LCD_DisplayOn                            0x08000ee1   Thumb Code    80  lcd.o(.text)
    LCD_DisplayOff                           0x08000f31   Thumb Code    78  lcd.o(.text)
    LCD_Scan_Dir                             0x08000f7f   Thumb Code   734  lcd.o(.text)
    LCD_DrawPoint                            0x0800125d   Thumb Code    28  lcd.o(.text)
    LCD_Fast_DrawPoint                       0x08001279   Thumb Code   282  lcd.o(.text)
    LCD_Display_Dir                          0x08001393   Thumb Code   378  lcd.o(.text)
    LCD_Set_Window                           0x0800150d   Thumb Code   382  lcd.o(.text)
    LCD_Clear                                0x0800168b   Thumb Code   100  lcd.o(.text)
    LCD_Init                                 0x080016ef   Thumb Code 14236  lcd.o(.text)
    LCD_Fill                                 0x08004e8b   Thumb Code   180  lcd.o(.text)
    LCD_Color_Fill                           0x08004f3f   Thumb Code    92  lcd.o(.text)
    LCD_DrawLine                             0x08004f9b   Thumb Code   176  lcd.o(.text)
    LCD_DrawRectangle                        0x0800504b   Thumb Code    60  lcd.o(.text)
    LCD_Draw_Circle                          0x08005087   Thumb Code   166  lcd.o(.text)
    LCD_ShowChar                             0x0800512d   Thumb Code   272  lcd.o(.text)
    LCD_Pow                                  0x0800523d   Thumb Code    22  lcd.o(.text)
    LCD_ShowNum                              0x08005253   Thumb Code   148  lcd.o(.text)
    LCD_ShowxNum                             0x080052e7   Thumb Code   190  lcd.o(.text)
    LCD_ShowString                           0x080053a5   Thumb Code   102  lcd.o(.text)
    TIM7_IRQHandler                          0x08005425   Thumb Code    42  timer.o(.text)
    TIM7_Int_Init                            0x0800544f   Thumb Code    86  timer.o(.text)
    USART3_IRQHandler                        0x080054ad   Thumb Code    96  usart3.o(.text)
    usart3_init                              0x0800550d   Thumb Code   196  usart3.o(.text)
    u3_printf                                0x080055d1   Thumb Code    72  usart3.o(.text)
    HC05_Init                                0x08005631   Thumb Code   220  hc05.o(.text)
    HC05_Get_Role                            0x0800570d   Thumb Code   124  hc05.o(.text)
    HC05_Set_Cmd                             0x08005789   Thumb Code   128  hc05.o(.text)
    HC05_CFG_CMD                             0x08005809   Thumb Code    94  hc05.o(.text)
    RELAY_Init                               0x080058a5   Thumb Code    56  relay.o(.text)
    delay_init                               0x080058e1   Thumb Code    52  delay.o(.text)
    delay_us                                 0x08005915   Thumb Code    72  delay.o(.text)
    delay_xms                                0x0800595d   Thumb Code    72  delay.o(.text)
    delay_ms                                 0x080059a5   Thumb Code    56  delay.o(.text)
    _sys_exit                                0x080059e5   Thumb Code     6  usart.o(.text)
    fputc                                    0x080059eb   Thumb Code    22  usart.o(.text)
    uart_init                                0x08005a01   Thumb Code   172  usart.o(.text)
    USART1_IRQHandler                        0x08005aad   Thumb Code   122  usart.o(.text)
    Reset_Handler                            0x08005b39   Thumb Code     8  startup_stm32f40_41xxx.o(.text)
    ADC_IRQHandler                           0x08005b53   Thumb Code     0  startup_stm32f40_41xxx.o(.text)
    CAN1_RX0_IRQHandler                      0x08005b53   Thumb Code     0  startup_stm32f40_41xxx.o(.text)
    CAN1_RX1_IRQHandler                      0x08005b53   Thumb Code     0  startup_stm32f40_41xxx.o(.text)
    CAN1_SCE_IRQHandler                      0x08005b53   Thumb Code     0  startup_stm32f40_41xxx.o(.text)
    CAN1_TX_IRQHandler                       0x08005b53   Thumb Code     0  startup_stm32f40_41xxx.o(.text)
    CAN2_RX0_IRQHandler                      0x08005b53   Thumb Code     0  startup_stm32f40_41xxx.o(.text)
    CAN2_RX1_IRQHandler                      0x08005b53   Thumb Code     0  startup_stm32f40_41xxx.o(.text)
    CAN2_SCE_IRQHandler                      0x08005b53   Thumb Code     0  startup_stm32f40_41xxx.o(.text)
    CAN2_TX_IRQHandler                       0x08005b53   Thumb Code     0  startup_stm32f40_41xxx.o(.text)
    CRYP_IRQHandler                          0x08005b53   Thumb Code     0  startup_stm32f40_41xxx.o(.text)
    DCMI_IRQHandler                          0x08005b53   Thumb Code     0  startup_stm32f40_41xxx.o(.text)
    DMA1_Stream0_IRQHandler                  0x08005b53   Thumb Code     0  startup_stm32f40_41xxx.o(.text)
    DMA1_Stream1_IRQHandler                  0x08005b53   Thumb Code     0  startup_stm32f40_41xxx.o(.text)
    DMA1_Stream2_IRQHandler                  0x08005b53   Thumb Code     0  startup_stm32f40_41xxx.o(.text)
    DMA1_Stream3_IRQHandler                  0x08005b53   Thumb Code     0  startup_stm32f40_41xxx.o(.text)
    DMA1_Stream4_IRQHandler                  0x08005b53   Thumb Code     0  startup_stm32f40_41xxx.o(.text)
    DMA1_Stream5_IRQHandler                  0x08005b53   Thumb Code     0  startup_stm32f40_41xxx.o(.text)
    DMA1_Stream6_IRQHandler                  0x08005b53   Thumb Code     0  startup_stm32f40_41xxx.o(.text)
    DMA1_Stream7_IRQHandler                  0x08005b53   Thumb Code     0  startup_stm32f40_41xxx.o(.text)
    DMA2_Stream0_IRQHandler                  0x08005b53   Thumb Code     0  startup_stm32f40_41xxx.o(.text)
    DMA2_Stream1_IRQHandler                  0x08005b53   Thumb Code     0  startup_stm32f40_41xxx.o(.text)
    DMA2_Stream2_IRQHandler                  0x08005b53   Thumb Code     0  startup_stm32f40_41xxx.o(.text)
    DMA2_Stream3_IRQHandler                  0x08005b53   Thumb Code     0  startup_stm32f40_41xxx.o(.text)
    DMA2_Stream4_IRQHandler                  0x08005b53   Thumb Code     0  startup_stm32f40_41xxx.o(.text)
    DMA2_Stream5_IRQHandler                  0x08005b53   Thumb Code     0  startup_stm32f40_41xxx.o(.text)
    DMA2_Stream6_IRQHandler                  0x08005b53   Thumb Code     0  startup_stm32f40_41xxx.o(.text)
    DMA2_Stream7_IRQHandler                  0x08005b53   Thumb Code     0  startup_stm32f40_41xxx.o(.text)
    ETH_IRQHandler                           0x08005b53   Thumb Code     0  startup_stm32f40_41xxx.o(.text)
    ETH_WKUP_IRQHandler                      0x08005b53   Thumb Code     0  startup_stm32f40_41xxx.o(.text)
    EXTI0_IRQHandler                         0x08005b53   Thumb Code     0  startup_stm32f40_41xxx.o(.text)
    EXTI15_10_IRQHandler                     0x08005b53   Thumb Code     0  startup_stm32f40_41xxx.o(.text)
    EXTI1_IRQHandler                         0x08005b53   Thumb Code     0  startup_stm32f40_41xxx.o(.text)
    EXTI2_IRQHandler                         0x08005b53   Thumb Code     0  startup_stm32f40_41xxx.o(.text)
    EXTI3_IRQHandler                         0x08005b53   Thumb Code     0  startup_stm32f40_41xxx.o(.text)
    EXTI4_IRQHandler                         0x08005b53   Thumb Code     0  startup_stm32f40_41xxx.o(.text)
    EXTI9_5_IRQHandler                       0x08005b53   Thumb Code     0  startup_stm32f40_41xxx.o(.text)
    FLASH_IRQHandler                         0x08005b53   Thumb Code     0  startup_stm32f40_41xxx.o(.text)
    FPU_IRQHandler                           0x08005b53   Thumb Code     0  startup_stm32f40_41xxx.o(.text)
    FSMC_IRQHandler                          0x08005b53   Thumb Code     0  startup_stm32f40_41xxx.o(.text)
    HASH_RNG_IRQHandler                      0x08005b53   Thumb Code     0  startup_stm32f40_41xxx.o(.text)
    I2C1_ER_IRQHandler                       0x08005b53   Thumb Code     0  startup_stm32f40_41xxx.o(.text)
    I2C1_EV_IRQHandler                       0x08005b53   Thumb Code     0  startup_stm32f40_41xxx.o(.text)
    I2C2_ER_IRQHandler                       0x08005b53   Thumb Code     0  startup_stm32f40_41xxx.o(.text)
    I2C2_EV_IRQHandler                       0x08005b53   Thumb Code     0  startup_stm32f40_41xxx.o(.text)
    I2C3_ER_IRQHandler                       0x08005b53   Thumb Code     0  startup_stm32f40_41xxx.o(.text)
    I2C3_EV_IRQHandler                       0x08005b53   Thumb Code     0  startup_stm32f40_41xxx.o(.text)
    OTG_FS_IRQHandler                        0x08005b53   Thumb Code     0  startup_stm32f40_41xxx.o(.text)
    OTG_FS_WKUP_IRQHandler                   0x08005b53   Thumb Code     0  startup_stm32f40_41xxx.o(.text)
    OTG_HS_EP1_IN_IRQHandler                 0x08005b53   Thumb Code     0  startup_stm32f40_41xxx.o(.text)
    OTG_HS_EP1_OUT_IRQHandler                0x08005b53   Thumb Code     0  startup_stm32f40_41xxx.o(.text)
    OTG_HS_IRQHandler                        0x08005b53   Thumb Code     0  startup_stm32f40_41xxx.o(.text)
    OTG_HS_WKUP_IRQHandler                   0x08005b53   Thumb Code     0  startup_stm32f40_41xxx.o(.text)
    PVD_IRQHandler                           0x08005b53   Thumb Code     0  startup_stm32f40_41xxx.o(.text)
    RCC_IRQHandler                           0x08005b53   Thumb Code     0  startup_stm32f40_41xxx.o(.text)
    RTC_Alarm_IRQHandler                     0x08005b53   Thumb Code     0  startup_stm32f40_41xxx.o(.text)
    RTC_WKUP_IRQHandler                      0x08005b53   Thumb Code     0  startup_stm32f40_41xxx.o(.text)
    SDIO_IRQHandler                          0x08005b53   Thumb Code     0  startup_stm32f40_41xxx.o(.text)
    SPI1_IRQHandler                          0x08005b53   Thumb Code     0  startup_stm32f40_41xxx.o(.text)
    SPI2_IRQHandler                          0x08005b53   Thumb Code     0  startup_stm32f40_41xxx.o(.text)
    SPI3_IRQHandler                          0x08005b53   Thumb Code     0  startup_stm32f40_41xxx.o(.text)
    TAMP_STAMP_IRQHandler                    0x08005b53   Thumb Code     0  startup_stm32f40_41xxx.o(.text)
    TIM1_BRK_TIM9_IRQHandler                 0x08005b53   Thumb Code     0  startup_stm32f40_41xxx.o(.text)
    TIM1_CC_IRQHandler                       0x08005b53   Thumb Code     0  startup_stm32f40_41xxx.o(.text)
    TIM1_TRG_COM_TIM11_IRQHandler            0x08005b53   Thumb Code     0  startup_stm32f40_41xxx.o(.text)
    TIM1_UP_TIM10_IRQHandler                 0x08005b53   Thumb Code     0  startup_stm32f40_41xxx.o(.text)
    TIM2_IRQHandler                          0x08005b53   Thumb Code     0  startup_stm32f40_41xxx.o(.text)
    TIM3_IRQHandler                          0x08005b53   Thumb Code     0  startup_stm32f40_41xxx.o(.text)
    TIM5_IRQHandler                          0x08005b53   Thumb Code     0  startup_stm32f40_41xxx.o(.text)
    TIM6_DAC_IRQHandler                      0x08005b53   Thumb Code     0  startup_stm32f40_41xxx.o(.text)
    TIM8_BRK_TIM12_IRQHandler                0x08005b53   Thumb Code     0  startup_stm32f40_41xxx.o(.text)
    TIM8_CC_IRQHandler                       0x08005b53   Thumb Code     0  startup_stm32f40_41xxx.o(.text)
    TIM8_TRG_COM_TIM14_IRQHandler            0x08005b53   Thumb Code     0  startup_stm32f40_41xxx.o(.text)
    TIM8_UP_TIM13_IRQHandler                 0x08005b53   Thumb Code     0  startup_stm32f40_41xxx.o(.text)
    UART4_IRQHandler                         0x08005b53   Thumb Code     0  startup_stm32f40_41xxx.o(.text)
    UART5_IRQHandler                         0x08005b53   Thumb Code     0  startup_stm32f40_41xxx.o(.text)
    USART2_IRQHandler                        0x08005b53   Thumb Code     0  startup_stm32f40_41xxx.o(.text)
    USART6_IRQHandler                        0x08005b53   Thumb Code     0  startup_stm32f40_41xxx.o(.text)
    WWDG_IRQHandler                          0x08005b53   Thumb Code     0  startup_stm32f40_41xxx.o(.text)
    __user_initial_stackheap                 0x08005b55   Thumb Code     0  startup_stm32f40_41xxx.o(.text)
    NVIC_PriorityGroupConfig                 0x08005b79   Thumb Code    10  misc.o(.text)
    NVIC_Init                                0x08005b83   Thumb Code   106  misc.o(.text)
    NVIC_SetVectorTable                      0x08005bed   Thumb Code    14  misc.o(.text)
    NVIC_SystemLPConfig                      0x08005bfb   Thumb Code    34  misc.o(.text)
    SysTick_CLKSourceConfig                  0x08005c1d   Thumb Code    40  misc.o(.text)
    GPIO_DeInit                              0x08005c59   Thumb Code   268  stm32f4xx_gpio.o(.text)
    GPIO_Init                                0x08005d65   Thumb Code   144  stm32f4xx_gpio.o(.text)
    GPIO_StructInit                          0x08005df5   Thumb Code    18  stm32f4xx_gpio.o(.text)
    GPIO_PinLockConfig                       0x08005e07   Thumb Code    34  stm32f4xx_gpio.o(.text)
    GPIO_ReadInputDataBit                    0x08005e29   Thumb Code    18  stm32f4xx_gpio.o(.text)
    GPIO_ReadInputData                       0x08005e3b   Thumb Code     8  stm32f4xx_gpio.o(.text)
    GPIO_ReadOutputDataBit                   0x08005e43   Thumb Code    18  stm32f4xx_gpio.o(.text)
    GPIO_ReadOutputData                      0x08005e55   Thumb Code     8  stm32f4xx_gpio.o(.text)
    GPIO_SetBits                             0x08005e5d   Thumb Code     4  stm32f4xx_gpio.o(.text)
    GPIO_ResetBits                           0x08005e61   Thumb Code     4  stm32f4xx_gpio.o(.text)
    GPIO_WriteBit                            0x08005e65   Thumb Code    10  stm32f4xx_gpio.o(.text)
    GPIO_Write                               0x08005e6f   Thumb Code     4  stm32f4xx_gpio.o(.text)
    GPIO_ToggleBits                          0x08005e73   Thumb Code     8  stm32f4xx_gpio.o(.text)
    GPIO_PinAFConfig                         0x08005e7b   Thumb Code    70  stm32f4xx_gpio.o(.text)
    FSMC_NORSRAMDeInit                       0x08005eed   Thumb Code    54  stm32f4xx_fsmc.o(.text)
    FSMC_NORSRAMInit                         0x08005f23   Thumb Code   230  stm32f4xx_fsmc.o(.text)
    FSMC_NORSRAMStructInit                   0x08006009   Thumb Code    48  stm32f4xx_fsmc.o(.text)
    FSMC_NORSRAMCmd                          0x08006039   Thumb Code    46  stm32f4xx_fsmc.o(.text)
    FSMC_NANDDeInit                          0x08006067   Thumb Code    62  stm32f4xx_fsmc.o(.text)
    FSMC_NANDInit                            0x080060a5   Thumb Code   132  stm32f4xx_fsmc.o(.text)
    FSMC_NANDStructInit                      0x08006129   Thumb Code    54  stm32f4xx_fsmc.o(.text)
    FSMC_NANDCmd                             0x0800615f   Thumb Code    86  stm32f4xx_fsmc.o(.text)
    FSMC_NANDECCCmd                          0x080061b5   Thumb Code    86  stm32f4xx_fsmc.o(.text)
    FSMC_GetECC                              0x0800620b   Thumb Code    24  stm32f4xx_fsmc.o(.text)
    FSMC_PCCARDDeInit                        0x08006223   Thumb Code    36  stm32f4xx_fsmc.o(.text)
    FSMC_PCCARDInit                          0x08006247   Thumb Code   130  stm32f4xx_fsmc.o(.text)
    FSMC_PCCARDStructInit                    0x080062c9   Thumb Code    60  stm32f4xx_fsmc.o(.text)
    FSMC_PCCARDCmd                           0x08006305   Thumb Code    44  stm32f4xx_fsmc.o(.text)
    FSMC_ITConfig                            0x08006331   Thumb Code   128  stm32f4xx_fsmc.o(.text)
    FSMC_GetFlagStatus                       0x080063b1   Thumb Code    54  stm32f4xx_fsmc.o(.text)
    FSMC_ClearFlag                           0x080063e7   Thumb Code    74  stm32f4xx_fsmc.o(.text)
    FSMC_GetITStatus                         0x08006431   Thumb Code    62  stm32f4xx_fsmc.o(.text)
    FSMC_ClearITPendingBit                   0x0800646f   Thumb Code    66  stm32f4xx_fsmc.o(.text)
    RCC_DeInit                               0x080064b5   Thumb Code    82  stm32f4xx_rcc.o(.text)
    RCC_HSEConfig                            0x08006507   Thumb Code    14  stm32f4xx_rcc.o(.text)
    RCC_GetFlagStatus                        0x08006515   Thumb Code    60  stm32f4xx_rcc.o(.text)
    RCC_WaitForHSEStartUp                    0x08006551   Thumb Code    56  stm32f4xx_rcc.o(.text)
    RCC_AdjustHSICalibrationValue            0x08006589   Thumb Code    20  stm32f4xx_rcc.o(.text)
    RCC_HSICmd                               0x0800659d   Thumb Code     6  stm32f4xx_rcc.o(.text)
    RCC_LSEConfig                            0x080065a3   Thumb Code    46  stm32f4xx_rcc.o(.text)
    RCC_LSICmd                               0x080065d1   Thumb Code     6  stm32f4xx_rcc.o(.text)
    RCC_PLLConfig                            0x080065d7   Thumb Code    32  stm32f4xx_rcc.o(.text)
    RCC_PLLCmd                               0x080065f7   Thumb Code     6  stm32f4xx_rcc.o(.text)
    RCC_PLLI2SConfig                         0x080065fd   Thumb Code    14  stm32f4xx_rcc.o(.text)
    RCC_PLLI2SCmd                            0x0800660b   Thumb Code     6  stm32f4xx_rcc.o(.text)
    RCC_PLLSAIConfig                         0x08006611   Thumb Code    20  stm32f4xx_rcc.o(.text)
    RCC_PLLSAICmd                            0x08006625   Thumb Code     6  stm32f4xx_rcc.o(.text)
    RCC_ClockSecuritySystemCmd               0x0800662b   Thumb Code     6  stm32f4xx_rcc.o(.text)
    RCC_MCO1Config                           0x08006631   Thumb Code    28  stm32f4xx_rcc.o(.text)
    RCC_MCO2Config                           0x0800664d   Thumb Code    28  stm32f4xx_rcc.o(.text)
    RCC_SYSCLKConfig                         0x08006669   Thumb Code    20  stm32f4xx_rcc.o(.text)
    RCC_GetSYSCLKSource                      0x0800667d   Thumb Code    12  stm32f4xx_rcc.o(.text)
    RCC_HCLKConfig                           0x08006689   Thumb Code    20  stm32f4xx_rcc.o(.text)
    RCC_PCLK1Config                          0x0800669d   Thumb Code    20  stm32f4xx_rcc.o(.text)
    RCC_PCLK2Config                          0x080066b1   Thumb Code    22  stm32f4xx_rcc.o(.text)
    RCC_GetClocksFreq                        0x080066c7   Thumb Code   222  stm32f4xx_rcc.o(.text)
    RCC_RTCCLKConfig                         0x080067a5   Thumb Code    54  stm32f4xx_rcc.o(.text)
    RCC_RTCCLKCmd                            0x080067db   Thumb Code     8  stm32f4xx_rcc.o(.text)
    RCC_BackupResetCmd                       0x080067e3   Thumb Code     8  stm32f4xx_rcc.o(.text)
    RCC_I2SCLKConfig                         0x080067eb   Thumb Code     6  stm32f4xx_rcc.o(.text)
    RCC_SAIPLLI2SClkDivConfig                0x080067f1   Thumb Code    26  stm32f4xx_rcc.o(.text)
    RCC_SAIPLLSAIClkDivConfig                0x0800680b   Thumb Code    28  stm32f4xx_rcc.o(.text)
    RCC_SAIBlockACLKConfig                   0x08006827   Thumb Code    20  stm32f4xx_rcc.o(.text)
    RCC_SAIBlockBCLKConfig                   0x0800683b   Thumb Code    20  stm32f4xx_rcc.o(.text)
    RCC_LTDCCLKDivConfig                     0x0800684f   Thumb Code    20  stm32f4xx_rcc.o(.text)
    RCC_TIMCLKPresConfig                     0x08006863   Thumb Code     6  stm32f4xx_rcc.o(.text)
    RCC_AHB1PeriphClockCmd                   0x08006869   Thumb Code    34  stm32f4xx_rcc.o(.text)
    RCC_AHB2PeriphClockCmd                   0x0800688b   Thumb Code    78  stm32f4xx_rcc.o(.text)
    RCC_AHB3PeriphClockCmd                   0x080068d9   Thumb Code    34  stm32f4xx_rcc.o(.text)
    RCC_APB1PeriphClockCmd                   0x080068fb   Thumb Code    34  stm32f4xx_rcc.o(.text)
    RCC_APB2PeriphClockCmd                   0x0800691d   Thumb Code    34  stm32f4xx_rcc.o(.text)
    RCC_AHB1PeriphResetCmd                   0x0800693f   Thumb Code    34  stm32f4xx_rcc.o(.text)
    RCC_AHB2PeriphResetCmd                   0x08006961   Thumb Code    34  stm32f4xx_rcc.o(.text)
    RCC_AHB3PeriphResetCmd                   0x08006983   Thumb Code    34  stm32f4xx_rcc.o(.text)
    RCC_APB1PeriphResetCmd                   0x080069a5   Thumb Code    34  stm32f4xx_rcc.o(.text)
    RCC_APB2PeriphResetCmd                   0x080069c7   Thumb Code    34  stm32f4xx_rcc.o(.text)
    RCC_AHB1PeriphClockLPModeCmd             0x080069e9   Thumb Code    34  stm32f4xx_rcc.o(.text)
    RCC_AHB2PeriphClockLPModeCmd             0x08006a0b   Thumb Code    34  stm32f4xx_rcc.o(.text)
    RCC_AHB3PeriphClockLPModeCmd             0x08006a2d   Thumb Code    34  stm32f4xx_rcc.o(.text)
    RCC_APB1PeriphClockLPModeCmd             0x08006a4f   Thumb Code    34  stm32f4xx_rcc.o(.text)
    RCC_APB2PeriphClockLPModeCmd             0x08006a71   Thumb Code    34  stm32f4xx_rcc.o(.text)
    RCC_LSEModeConfig                        0x08006a93   Thumb Code    40  stm32f4xx_rcc.o(.text)
    RCC_ITConfig                             0x08006abb   Thumb Code    34  stm32f4xx_rcc.o(.text)
    RCC_ClearFlag                            0x08006add   Thumb Code    18  stm32f4xx_rcc.o(.text)
    RCC_GetITStatus                          0x08006aef   Thumb Code    22  stm32f4xx_rcc.o(.text)
    RCC_ClearITPendingBit                    0x08006b05   Thumb Code     8  stm32f4xx_rcc.o(.text)
    USART_DeInit                             0x08006b11   Thumb Code   206  stm32f4xx_usart.o(.text)
    USART_Init                               0x08006bdf   Thumb Code   204  stm32f4xx_usart.o(.text)
    USART_StructInit                         0x08006cab   Thumb Code    24  stm32f4xx_usart.o(.text)
    USART_ClockInit                          0x08006cc3   Thumb Code    32  stm32f4xx_usart.o(.text)
    USART_ClockStructInit                    0x08006ce3   Thumb Code    12  stm32f4xx_usart.o(.text)
    USART_Cmd                                0x08006cef   Thumb Code    24  stm32f4xx_usart.o(.text)
    USART_SetPrescaler                       0x08006d07   Thumb Code    16  stm32f4xx_usart.o(.text)
    USART_OverSampling8Cmd                   0x08006d17   Thumb Code    22  stm32f4xx_usart.o(.text)
    USART_OneBitMethodCmd                    0x08006d2d   Thumb Code    24  stm32f4xx_usart.o(.text)
    USART_SendData                           0x08006d45   Thumb Code     8  stm32f4xx_usart.o(.text)
    USART_ReceiveData                        0x08006d4d   Thumb Code    10  stm32f4xx_usart.o(.text)
    USART_SetAddress                         0x08006d57   Thumb Code    18  stm32f4xx_usart.o(.text)
    USART_ReceiverWakeUpCmd                  0x08006d69   Thumb Code    24  stm32f4xx_usart.o(.text)
    USART_WakeUpConfig                       0x08006d81   Thumb Code    18  stm32f4xx_usart.o(.text)
    USART_LINBreakDetectLengthConfig         0x08006d93   Thumb Code    18  stm32f4xx_usart.o(.text)
    USART_LINCmd                             0x08006da5   Thumb Code    24  stm32f4xx_usart.o(.text)
    USART_SendBreak                          0x08006dbd   Thumb Code    10  stm32f4xx_usart.o(.text)
    USART_HalfDuplexCmd                      0x08006dc7   Thumb Code    24  stm32f4xx_usart.o(.text)
    USART_SetGuardTime                       0x08006ddf   Thumb Code    16  stm32f4xx_usart.o(.text)
    USART_SmartCardCmd                       0x08006def   Thumb Code    24  stm32f4xx_usart.o(.text)
    USART_SmartCardNACKCmd                   0x08006e07   Thumb Code    24  stm32f4xx_usart.o(.text)
    USART_IrDAConfig                         0x08006e1f   Thumb Code    18  stm32f4xx_usart.o(.text)
    USART_IrDACmd                            0x08006e31   Thumb Code    24  stm32f4xx_usart.o(.text)
    USART_DMACmd                             0x08006e49   Thumb Code    18  stm32f4xx_usart.o(.text)
    USART_ITConfig                           0x08006e5b   Thumb Code    74  stm32f4xx_usart.o(.text)
    USART_GetFlagStatus                      0x08006ea5   Thumb Code    26  stm32f4xx_usart.o(.text)
    USART_ClearFlag                          0x08006ebf   Thumb Code    18  stm32f4xx_usart.o(.text)
    USART_GetITStatus                        0x08006ed1   Thumb Code   118  stm32f4xx_usart.o(.text)
    USART_ClearITPendingBit                  0x08006f47   Thumb Code    30  stm32f4xx_usart.o(.text)
    TIM_DeInit                               0x08006f65   Thumb Code   346  stm32f4xx_tim.o(.text)
    TIM_TimeBaseInit                         0x080070bf   Thumb Code   104  stm32f4xx_tim.o(.text)
    TIM_TimeBaseStructInit                   0x08007127   Thumb Code    18  stm32f4xx_tim.o(.text)
    TIM_PrescalerConfig                      0x08007139   Thumb Code     6  stm32f4xx_tim.o(.text)
    TIM_CounterModeConfig                    0x0800713f   Thumb Code    18  stm32f4xx_tim.o(.text)
    TIM_SetCounter                           0x08007151   Thumb Code     4  stm32f4xx_tim.o(.text)
    TIM_SetAutoreload                        0x08007155   Thumb Code     4  stm32f4xx_tim.o(.text)
    TIM_GetCounter                           0x08007159   Thumb Code     6  stm32f4xx_tim.o(.text)
    TIM_GetPrescaler                         0x0800715f   Thumb Code     6  stm32f4xx_tim.o(.text)
    TIM_UpdateDisableConfig                  0x08007165   Thumb Code    24  stm32f4xx_tim.o(.text)
    TIM_UpdateRequestConfig                  0x0800717d   Thumb Code    24  stm32f4xx_tim.o(.text)
    TIM_ARRPreloadConfig                     0x08007195   Thumb Code    24  stm32f4xx_tim.o(.text)
    TIM_SelectOnePulseMode                   0x080071ad   Thumb Code    18  stm32f4xx_tim.o(.text)
    TIM_SetClockDivision                     0x080071bf   Thumb Code    18  stm32f4xx_tim.o(.text)
    TIM_Cmd                                  0x080071d1   Thumb Code    24  stm32f4xx_tim.o(.text)
    TIM_OC1Init                              0x080071e9   Thumb Code   114  stm32f4xx_tim.o(.text)
    TIM_OC2Init                              0x0800725b   Thumb Code   154  stm32f4xx_tim.o(.text)
    TIM_OC3Init                              0x080072f5   Thumb Code   204  stm32f4xx_tim.o(.text)
    TIM_OC4Init                              0x080073c1   Thumb Code   112  stm32f4xx_tim.o(.text)
    TIM_OCStructInit                         0x08007431   Thumb Code    20  stm32f4xx_tim.o(.text)
    TIM_SelectOCxM                           0x08007445   Thumb Code    86  stm32f4xx_tim.o(.text)
    TIM_SetCompare1                          0x0800749b   Thumb Code     4  stm32f4xx_tim.o(.text)
    TIM_SetCompare2                          0x0800749f   Thumb Code     4  stm32f4xx_tim.o(.text)
    TIM_SetCompare3                          0x080074a3   Thumb Code     4  stm32f4xx_tim.o(.text)
    TIM_SetCompare4                          0x080074a7   Thumb Code     4  stm32f4xx_tim.o(.text)
    TIM_ForcedOC1Config                      0x080074ab   Thumb Code    18  stm32f4xx_tim.o(.text)
    TIM_ForcedOC2Config                      0x080074bd   Thumb Code    26  stm32f4xx_tim.o(.text)
    TIM_ForcedOC3Config                      0x080074d7   Thumb Code    18  stm32f4xx_tim.o(.text)
    TIM_ForcedOC4Config                      0x080074e9   Thumb Code    26  stm32f4xx_tim.o(.text)
    TIM_OC1PreloadConfig                     0x08007503   Thumb Code    18  stm32f4xx_tim.o(.text)
    TIM_OC2PreloadConfig                     0x08007515   Thumb Code    26  stm32f4xx_tim.o(.text)
    TIM_OC3PreloadConfig                     0x0800752f   Thumb Code    18  stm32f4xx_tim.o(.text)
    TIM_OC4PreloadConfig                     0x08007541   Thumb Code    26  stm32f4xx_tim.o(.text)
    TIM_OC1FastConfig                        0x0800755b   Thumb Code    18  stm32f4xx_tim.o(.text)
    TIM_OC2FastConfig                        0x0800756d   Thumb Code    26  stm32f4xx_tim.o(.text)
    TIM_OC3FastConfig                        0x08007587   Thumb Code    18  stm32f4xx_tim.o(.text)
    TIM_OC4FastConfig                        0x08007599   Thumb Code    26  stm32f4xx_tim.o(.text)
    TIM_ClearOC1Ref                          0x080075b3   Thumb Code    18  stm32f4xx_tim.o(.text)
    TIM_ClearOC2Ref                          0x080075c5   Thumb Code    24  stm32f4xx_tim.o(.text)
    TIM_ClearOC3Ref                          0x080075dd   Thumb Code    18  stm32f4xx_tim.o(.text)
    TIM_ClearOC4Ref                          0x080075ef   Thumb Code    24  stm32f4xx_tim.o(.text)
    TIM_OC1PolarityConfig                    0x08007607   Thumb Code    18  stm32f4xx_tim.o(.text)
    TIM_OC1NPolarityConfig                   0x08007619   Thumb Code    18  stm32f4xx_tim.o(.text)
    TIM_OC2PolarityConfig                    0x0800762b   Thumb Code    26  stm32f4xx_tim.o(.text)
    TIM_OC2NPolarityConfig                   0x08007645   Thumb Code    26  stm32f4xx_tim.o(.text)
    TIM_OC3PolarityConfig                    0x0800765f   Thumb Code    26  stm32f4xx_tim.o(.text)
    TIM_OC3NPolarityConfig                   0x08007679   Thumb Code    26  stm32f4xx_tim.o(.text)
    TIM_OC4PolarityConfig                    0x08007693   Thumb Code    26  stm32f4xx_tim.o(.text)
    TIM_CCxCmd                               0x080076ad   Thumb Code    30  stm32f4xx_tim.o(.text)
    TIM_CCxNCmd                              0x080076cb   Thumb Code    30  stm32f4xx_tim.o(.text)
    TIM_SetIC4Prescaler                      0x080076e9   Thumb Code    26  stm32f4xx_tim.o(.text)
    TIM_SetIC3Prescaler                      0x08007753   Thumb Code    18  stm32f4xx_tim.o(.text)
    TIM_SetIC2Prescaler                      0x080077ad   Thumb Code    26  stm32f4xx_tim.o(.text)
    TIM_SetIC1Prescaler                      0x08007821   Thumb Code    18  stm32f4xx_tim.o(.text)
    TIM_ICInit                               0x0800786d   Thumb Code   110  stm32f4xx_tim.o(.text)
    TIM_ICStructInit                         0x080078db   Thumb Code    18  stm32f4xx_tim.o(.text)
    TIM_PWMIConfig                           0x080078ed   Thumb Code   124  stm32f4xx_tim.o(.text)
    TIM_GetCapture1                          0x08007969   Thumb Code     6  stm32f4xx_tim.o(.text)
    TIM_GetCapture2                          0x0800796f   Thumb Code     6  stm32f4xx_tim.o(.text)
    TIM_GetCapture3                          0x08007975   Thumb Code     6  stm32f4xx_tim.o(.text)
    TIM_GetCapture4                          0x0800797b   Thumb Code     6  stm32f4xx_tim.o(.text)
    TIM_BDTRConfig                           0x08007981   Thumb Code    32  stm32f4xx_tim.o(.text)
    TIM_BDTRStructInit                       0x080079a1   Thumb Code    18  stm32f4xx_tim.o(.text)
    TIM_CtrlPWMOutputs                       0x080079b3   Thumb Code    30  stm32f4xx_tim.o(.text)
    TIM_SelectCOM                            0x080079d1   Thumb Code    24  stm32f4xx_tim.o(.text)
    TIM_CCPreloadControl                     0x080079e9   Thumb Code    24  stm32f4xx_tim.o(.text)
    TIM_ITConfig                             0x08007a01   Thumb Code    18  stm32f4xx_tim.o(.text)
    TIM_GenerateEvent                        0x08007a13   Thumb Code     4  stm32f4xx_tim.o(.text)
    TIM_GetFlagStatus                        0x08007a17   Thumb Code    18  stm32f4xx_tim.o(.text)
    TIM_ClearFlag                            0x08007a29   Thumb Code     6  stm32f4xx_tim.o(.text)
    TIM_GetITStatus                          0x08007a2f   Thumb Code    34  stm32f4xx_tim.o(.text)
    TIM_ClearITPendingBit                    0x08007a51   Thumb Code     6  stm32f4xx_tim.o(.text)
    TIM_DMAConfig                            0x08007a57   Thumb Code    10  stm32f4xx_tim.o(.text)
    TIM_DMACmd                               0x08007a61   Thumb Code    18  stm32f4xx_tim.o(.text)
    TIM_SelectCCDMA                          0x08007a73   Thumb Code    24  stm32f4xx_tim.o(.text)
    TIM_InternalClockConfig                  0x08007a8b   Thumb Code    12  stm32f4xx_tim.o(.text)
    TIM_SelectInputTrigger                   0x08007a97   Thumb Code    18  stm32f4xx_tim.o(.text)
    TIM_ITRxExternalClockConfig              0x08007aa9   Thumb Code    24  stm32f4xx_tim.o(.text)
    TIM_TIxExternalClockConfig               0x08007ac1   Thumb Code    62  stm32f4xx_tim.o(.text)
    TIM_ETRConfig                            0x08007aff   Thumb Code    28  stm32f4xx_tim.o(.text)
    TIM_ETRClockMode1Config                  0x08007b1b   Thumb Code    54  stm32f4xx_tim.o(.text)
    TIM_ETRClockMode2Config                  0x08007b51   Thumb Code    32  stm32f4xx_tim.o(.text)
    TIM_SelectOutputTrigger                  0x08007b71   Thumb Code    18  stm32f4xx_tim.o(.text)
    TIM_SelectSlaveMode                      0x08007b83   Thumb Code    18  stm32f4xx_tim.o(.text)
    TIM_SelectMasterSlaveMode                0x08007b95   Thumb Code    18  stm32f4xx_tim.o(.text)
    TIM_EncoderInterfaceConfig               0x08007ba7   Thumb Code    66  stm32f4xx_tim.o(.text)
    TIM_SelectHallSensor                     0x08007be9   Thumb Code    24  stm32f4xx_tim.o(.text)
    TIM_RemapConfig                          0x08007c01   Thumb Code     6  stm32f4xx_tim.o(.text)
    usmart_sys_cmd_exe                       0x08007c09   Thumb Code  1554  usmart.o(.text)
    usmart_reset_runtime                     0x0800821b   Thumb Code    38  usmart.o(.text)
    usmart_get_runtime                       0x08008241   Thumb Code    60  usmart.o(.text)
    TIM4_IRQHandler                          0x0800827d   Thumb Code    46  usmart.o(.text)
    Timer4_Init                              0x080082ab   Thumb Code    86  usmart.o(.text)
    usmart_init                              0x08008301   Thumb Code    36  usmart.o(.text)
    usmart_cmd_rec                           0x08008325   Thumb Code   170  usmart.o(.text)
    usmart_exe                               0x080083cf   Thumb Code   868  usmart.o(.text)
    usmart_scan                              0x08008733   Thumb Code   120  usmart.o(.text)
    read_addr                                0x080087ab   Thumb Code     6  usmart.o(.text)
    write_addr                               0x080087b1   Thumb Code     4  usmart.o(.text)
    usmart_strcmp                            0x0800883d   Thumb Code    34  usmart_str.o(.text)
    usmart_strcopy                           0x0800885f   Thumb Code    22  usmart_str.o(.text)
    usmart_strlen                            0x08008875   Thumb Code    24  usmart_str.o(.text)
    usmart_pow                               0x0800888d   Thumb Code    22  usmart_str.o(.text)
    usmart_str2num                           0x080088a3   Thumb Code   202  usmart_str.o(.text)
    usmart_get_cmdname                       0x0800896d   Thumb Code    54  usmart_str.o(.text)
    usmart_search_nextc                      0x080089a3   Thumb Code    22  usmart_str.o(.text)
    usmart_get_fname                         0x080089b9   Thumb Code   440  usmart_str.o(.text)
    usmart_get_aparm                         0x08008b71   Thumb Code   200  usmart_str.o(.text)
    usmart_get_parmpos                       0x08008c39   Thumb Code    26  usmart_str.o(.text)
    usmart_get_fparam                        0x08008c53   Thumb Code   262  usmart_str.o(.text)
    __use_no_semihosting                     0x08008d65   Thumb Code     2  use_no_semi_2.o(.text)
    __c89vsprintf                            0x08008d69   Thumb Code    32  c89vsprintf.o(.text)
    __2printf                                0x08008d8d   Thumb Code    20  __2printf.o(.text)
    __2sprintf                               0x08008da5   Thumb Code    38  __2sprintf.o(.text)
    _printf_pre_padding                      0x08008dd1   Thumb Code    44  _printf_pad.o(.text)
    _printf_post_padding                     0x08008dfd   Thumb Code    34  _printf_pad.o(.text)
    _printf_str                              0x08008e1f   Thumb Code    82  _printf_str.o(.text)
    _printf_int_dec                          0x08008e71   Thumb Code   100  _printf_dec.o(.text)
    _printf_longlong_hex                     0x08008ee5   Thumb Code    86  _printf_hex_int_ll_ptr.o(.text)
    _printf_int_hex                          0x08008f3b   Thumb Code    28  _printf_hex_int_ll_ptr.o(.text)
    _printf_ll_hex                           0x08008f57   Thumb Code    12  _printf_hex_int_ll_ptr.o(.text)
    _printf_hex_ptr                          0x08008f63   Thumb Code    18  _printf_hex_int_ll_ptr.o(.text)
    __printf                                 0x08008f79   Thumb Code   388  __printf_flags_ss_wp.o(.text)
    strlen                                   0x08009101   Thumb Code    62  strlen.o(.text)
    strcmp                                   0x08009141   Thumb Code   128  strcmpv7m.o(.text)
    __use_two_region_memory                  0x080091c1   Thumb Code     2  heapauxi.o(.text)
    __rt_heap_escrow$2region                 0x080091c3   Thumb Code     2  heapauxi.o(.text)
    __rt_heap_expand$2region                 0x080091c5   Thumb Code     2  heapauxi.o(.text)
    __I$use$semihosting                      0x080091c7   Thumb Code     0  use_no_semi.o(.text)
    __use_no_semihosting_swi                 0x080091c7   Thumb Code     2  use_no_semi.o(.text)
    _printf_truncate_signed                  0x080091c9   Thumb Code    18  _printf_truncate.o(.text)
    _printf_truncate_unsigned                0x080091db   Thumb Code    18  _printf_truncate.o(.text)
    _printf_int_common                       0x080091ed   Thumb Code   178  _printf_intcommon.o(.text)
    _printf_charcount                        0x0800929f   Thumb Code    40  _printf_charcount.o(.text)
    _printf_char_common                      0x080092d3   Thumb Code    32  _printf_char_common.o(.text)
    _sputc                                   0x080092f9   Thumb Code    10  _sputc.o(.text)
    _printf_cs_common                        0x08009303   Thumb Code    20  _printf_char.o(.text)
    _printf_char                             0x08009317   Thumb Code    16  _printf_char.o(.text)
    _printf_string                           0x08009327   Thumb Code     8  _printf_char.o(.text)
    _printf_char_file                        0x08009331   Thumb Code    32  _printf_char_file.o(.text)
    _printf_wctomb                           0x08009355   Thumb Code   182  _printf_wctomb.o(.text)
    _printf_longlong_dec                     0x08009411   Thumb Code   104  _printf_longlong_dec.o(.text)
    _printf_longlong_oct                     0x08009489   Thumb Code    68  _printf_oct_int_ll.o(.text)
    _printf_int_oct                          0x080094cd   Thumb Code    24  _printf_oct_int_ll.o(.text)
    _printf_ll_oct                           0x080094e5   Thumb Code    12  _printf_oct_int_ll.o(.text)
    _ll_udiv10                               0x080094f9   Thumb Code   138  lludiv10.o(.text)
    __lib_sel_fp_printf                      0x08009583   Thumb Code     2  _printf_fp_dec.o(.text)
    _printf_fp_dec_real                      0x08009731   Thumb Code   616  _printf_fp_dec.o(.text)
    _printf_lcs_common                       0x08009999   Thumb Code    20  _printf_wchar.o(.text)
    _printf_wchar                            0x080099ad   Thumb Code    16  _printf_wchar.o(.text)
    _printf_wstring                          0x080099bd   Thumb Code     8  _printf_wchar.o(.text)
    ferror                                   0x080099c5   Thumb Code     8  ferror.o(.text)
    _wcrtomb                                 0x080099cd   Thumb Code    64  _wcrtomb.o(.text)
    __user_setup_stackheap                   0x08009a0d   Thumb Code    74  sys_stackheap_outer.o(.text)
    __rt_ctype_table                         0x08009a59   Thumb Code    16  rt_ctype_table.o(.text)
    __rt_locale                              0x08009a69   Thumb Code     8  rt_locale_intlibspace.o(.text)
    _printf_fp_infnan                        0x08009a71   Thumb Code   112  _printf_fp_infnan.o(.text)
    _btod_etento                             0x08009af1   Thumb Code   212  bigflt0.o(.text)
    exit                                     0x08009bc9   Thumb Code    12  exit.o(.text)
    __user_libspace                          0x08009bd5   Thumb Code     8  libspace.o(.text)
    __user_perproc_libspace                  0x08009bd5   Thumb Code     0  libspace.o(.text)
    __user_perthread_libspace                0x08009bd5   Thumb Code     0  libspace.o(.text)
    _btod_d2e                                0x08009bdd   Thumb Code    62  btod.o(CL$$btod_d2e)
    _d2e_denorm_low                          0x08009c1b   Thumb Code    70  btod.o(CL$$btod_d2e_denorm_low)
    _d2e_norm_op1                            0x08009c61   Thumb Code    96  btod.o(CL$$btod_d2e_norm_op1)
    __btod_div_common                        0x08009cc1   Thumb Code   696  btod.o(CL$$btod_div_common)
    _e2e                                     0x08009ff9   Thumb Code   198  btod.o(CL$$btod_e2e)
    _btod_ediv                               0x0800a0bf   Thumb Code    40  btod.o(CL$$btod_ediv)
    _btod_emul                               0x0800a0e7   Thumb Code    40  btod.o(CL$$btod_emul)
    __btod_mult_common                       0x0800a10f   Thumb Code   580  btod.o(CL$$btod_mult_common)
    __ARM_fpclassify                         0x0800a353   Thumb Code    48  fpclassify.o(i.__ARM_fpclassify)
    _is_digit                                0x0800a383   Thumb Code    14  __printf_wp.o(i._is_digit)
    _get_lc_numeric                          0x0800a391   Thumb Code    44  lc_numeric_c.o(locale$$code)
    _get_lc_ctype                            0x0800a3bd   Thumb Code    44  lc_ctype_c.o(locale$$code)
    __aeabi_ddiv                             0x0800a3e9   Thumb Code     0  ddiv.o(x$fpl$ddiv)
    _ddiv                                    0x0800a3e9   Thumb Code   552  ddiv.o(x$fpl$ddiv)
    __aeabi_ui2d                             0x0800a699   Thumb Code     0  dflt_clz.o(x$fpl$dfltu)
    _dfltu                                   0x0800a699   Thumb Code    38  dflt_clz.o(x$fpl$dfltu)
    __fpl_dnaninf                            0x0800a6bf   Thumb Code   156  dnaninf.o(x$fpl$dnaninf)
    __fpl_dretinf                            0x0800a75b   Thumb Code    12  dretinf.o(x$fpl$dretinf)
    _fp_init                                 0x0800a767   Thumb Code    10  fpinit.o(x$fpl$fpinit)
    __fplib_config_fpu_vfp                   0x0800a76f   Thumb Code     0  fpinit.o(x$fpl$fpinit)
    __fplib_config_pureend_doubles           0x0800a76f   Thumb Code     0  fpinit.o(x$fpl$fpinit)
    _printf_fp_dec                           0x0800a771   Thumb Code     4  printf1.o(x$fpl$printf1)
    __I$use$fp                               0x0800a774   Number         0  usenofp.o(x$fpl$usenofp)
    asc2_1206                                0x0800a774   Data        1140  lcd.o(.constdata)
    asc2_1608                                0x0800abe8   Data        1520  lcd.o(.constdata)
    asc2_2412                                0x0800b1d8   Data        3420  lcd.o(.constdata)
    FSMC_DefaultTimingStruct                 0x0800bf34   Data          28  stm32f4xx_fsmc.o(.constdata)
    Region$$Table$$Base                      0x0800c0c0   Number         0  anon$$obj.o(Region$$Table)
    Region$$Table$$Limit                     0x0800c0e0   Number         0  anon$$obj.o(Region$$Table)
    __ctype                                  0x0800c109   Data           0  lc_ctype_c.o(locale$$data)
    SystemCoreClock                          0x20000000   Data           4  system_stm32f4xx.o(.data)
    AHBPrescTable                            0x20000004   Data          16  system_stm32f4xx.o(.data)
    POINT_COLOR                              0x20000016   Data           2  lcd.o(.data)
    BACK_COLOR                               0x20000018   Data           2  lcd.o(.data)
    USART3_RX_STA                            0x2000001a   Data           2  usart3.o(.data)
    __stdout                                 0x20000020   Data           4  usart.o(.data)
    USART_RX_STA                             0x20000024   Data           2  usart.o(.data)
    sys_cmd_tab                              0x20000038   Data          28  usmart.o(.data)
    usmart_nametab                           0x20000054   Data          32  usmart_config.o(.data)
    usmart_dev                               0x20000074   Data         244  usmart_config.o(.data)
    lcddev                                   0x20000168   Data          14  lcd.o(.bss)
    USART3_TX_BUF                            0x20000178   Data         400  usart3.o(.bss)
    USART3_RX_BUF                            0x20000308   Data         400  usart3.o(.bss)
    USART_RX_BUF                             0x20000498   Data         200  usart.o(.bss)
    __libspace_start                         0x20000560   Data          96  libspace.o(.bss)
    __temporary_stack_top$libspace           0x200005c0   Data           0  libspace.o(.bss)



==============================================================================

Memory Map of the image

  Image Entry point : 0x08000189

  Load Region LR_IROM1 (Base: 0x08000000, Size: 0x0000c374, Max: 0x00100000, ABSOLUTE, COMPRESSED[0x0000c26c])

    Execution Region ER_IROM1 (Base: 0x08000000, Size: 0x0000c20c, Max: 0x00100000, ABSOLUTE)

    Base Addr    Size         Type   Attr      Idx    E Section Name        Object

    0x08000000   0x00000188   Data   RO          504    RESET               startup_stm32f40_41xxx.o
    0x08000188   0x00000008   Code   RO          794  * !!!main             c_w.l(__main.o)
    0x08000190   0x00000034   Code   RO         1066    !!!scatter          c_w.l(__scatter.o)
    0x080001c4   0x0000005a   Code   RO         1064    !!dczerorl2         c_w.l(__dczerorl2.o)
    0x0800021e   0x00000002   PAD
    0x08000220   0x0000001c   Code   RO         1068    !!handler_zi        c_w.l(__scatter_zi.o)
    0x0800023c   0x00000000   Code   RO          787    .ARM.Collect$$_printf_percent$$00000000  c_w.l(_printf_percent.o)
    0x0800023c   0x00000006   Code   RO          834    .ARM.Collect$$_printf_percent$$00000001  c_w.l(_printf_n.o)
    0x08000242   0x00000006   Code   RO          835    .ARM.Collect$$_printf_percent$$00000002  c_w.l(_printf_p.o)
    0x08000248   0x00000006   Code   RO          838    .ARM.Collect$$_printf_percent$$00000003  c_w.l(_printf_f.o)
    0x0800024e   0x00000006   Code   RO          839    .ARM.Collect$$_printf_percent$$00000004  c_w.l(_printf_e.o)
    0x08000254   0x00000006   Code   RO          840    .ARM.Collect$$_printf_percent$$00000005  c_w.l(_printf_g.o)
    0x0800025a   0x00000006   Code   RO          841    .ARM.Collect$$_printf_percent$$00000006  c_w.l(_printf_a.o)
    0x08000260   0x0000000a   Code   RO          846    .ARM.Collect$$_printf_percent$$00000007  c_w.l(_printf_ll.o)
    0x0800026a   0x00000006   Code   RO          837    .ARM.Collect$$_printf_percent$$00000008  c_w.l(_printf_i.o)
    0x08000270   0x00000006   Code   RO          785    .ARM.Collect$$_printf_percent$$00000009  c_w.l(_printf_d.o)
    0x08000276   0x00000006   Code   RO          786    .ARM.Collect$$_printf_percent$$0000000A  c_w.l(_printf_u.o)
    0x0800027c   0x00000006   Code   RO          836    .ARM.Collect$$_printf_percent$$0000000B  c_w.l(_printf_o.o)
    0x08000282   0x00000006   Code   RO          784    .ARM.Collect$$_printf_percent$$0000000C  c_w.l(_printf_x.o)
    0x08000288   0x00000006   Code   RO          843    .ARM.Collect$$_printf_percent$$0000000D  c_w.l(_printf_lli.o)
    0x0800028e   0x00000006   Code   RO          844    .ARM.Collect$$_printf_percent$$0000000E  c_w.l(_printf_lld.o)
    0x08000294   0x00000006   Code   RO          845    .ARM.Collect$$_printf_percent$$0000000F  c_w.l(_printf_llu.o)
    0x0800029a   0x00000006   Code   RO          850    .ARM.Collect$$_printf_percent$$00000010  c_w.l(_printf_llo.o)
    0x080002a0   0x00000006   Code   RO          851    .ARM.Collect$$_printf_percent$$00000011  c_w.l(_printf_llx.o)
    0x080002a6   0x0000000a   Code   RO          847    .ARM.Collect$$_printf_percent$$00000012  c_w.l(_printf_l.o)
    0x080002b0   0x00000006   Code   RO          782    .ARM.Collect$$_printf_percent$$00000013  c_w.l(_printf_c.o)
    0x080002b6   0x00000006   Code   RO          783    .ARM.Collect$$_printf_percent$$00000014  c_w.l(_printf_s.o)
    0x080002bc   0x00000006   Code   RO          848    .ARM.Collect$$_printf_percent$$00000015  c_w.l(_printf_lc.o)
    0x080002c2   0x00000006   Code   RO          849    .ARM.Collect$$_printf_percent$$00000016  c_w.l(_printf_ls.o)
    0x080002c8   0x00000004   Code   RO          842    .ARM.Collect$$_printf_percent$$00000017  c_w.l(_printf_percent_end.o)
    0x080002cc   0x00000002   Code   RO          934    .ARM.Collect$$libinit$$00000000  c_w.l(libinit.o)
    0x080002ce   0x00000004   Code   RO          947    .ARM.Collect$$libinit$$00000001  c_w.l(libinit2.o)
    0x080002d2   0x00000000   Code   RO          951    .ARM.Collect$$libinit$$00000008  c_w.l(libinit2.o)
    0x080002d2   0x00000000   Code   RO          953    .ARM.Collect$$libinit$$0000000A  c_w.l(libinit2.o)
    0x080002d2   0x00000000   Code   RO          955    .ARM.Collect$$libinit$$0000000C  c_w.l(libinit2.o)
    0x080002d2   0x00000006   Code   RO          956    .ARM.Collect$$libinit$$0000000D  c_w.l(libinit2.o)
    0x080002d8   0x00000000   Code   RO          958    .ARM.Collect$$libinit$$0000000F  c_w.l(libinit2.o)
    0x080002d8   0x0000000c   Code   RO          959    .ARM.Collect$$libinit$$00000010  c_w.l(libinit2.o)
    0x080002e4   0x00000000   Code   RO          960    .ARM.Collect$$libinit$$00000011  c_w.l(libinit2.o)
    0x080002e4   0x00000000   Code   RO          962    .ARM.Collect$$libinit$$00000013  c_w.l(libinit2.o)
    0x080002e4   0x0000000a   Code   RO          963    .ARM.Collect$$libinit$$00000014  c_w.l(libinit2.o)
    0x080002ee   0x00000000   Code   RO          964    .ARM.Collect$$libinit$$00000015  c_w.l(libinit2.o)
    0x080002ee   0x00000000   Code   RO          966    .ARM.Collect$$libinit$$00000017  c_w.l(libinit2.o)
    0x080002ee   0x00000000   Code   RO          968    .ARM.Collect$$libinit$$00000019  c_w.l(libinit2.o)
    0x080002ee   0x00000000   Code   RO          970    .ARM.Collect$$libinit$$0000001B  c_w.l(libinit2.o)
    0x080002ee   0x00000000   Code   RO          972    .ARM.Collect$$libinit$$0000001D  c_w.l(libinit2.o)
    0x080002ee   0x00000000   Code   RO          974    .ARM.Collect$$libinit$$0000001F  c_w.l(libinit2.o)
    0x080002ee   0x00000000   Code   RO          976    .ARM.Collect$$libinit$$00000021  c_w.l(libinit2.o)
    0x080002ee   0x00000000   Code   RO          978    .ARM.Collect$$libinit$$00000023  c_w.l(libinit2.o)
    0x080002ee   0x00000000   Code   RO          982    .ARM.Collect$$libinit$$0000002A  c_w.l(libinit2.o)
    0x080002ee   0x00000000   Code   RO          984    .ARM.Collect$$libinit$$0000002C  c_w.l(libinit2.o)
    0x080002ee   0x00000000   Code   RO          986    .ARM.Collect$$libinit$$0000002E  c_w.l(libinit2.o)
    0x080002ee   0x00000000   Code   RO          988    .ARM.Collect$$libinit$$00000030  c_w.l(libinit2.o)
    0x080002ee   0x00000002   Code   RO          989    .ARM.Collect$$libinit$$00000031  c_w.l(libinit2.o)
    0x080002f0   0x00000002   Code   RO         1007    .ARM.Collect$$libshutdown$$00000000  c_w.l(libshutdown.o)
    0x080002f2   0x00000000   Code   RO         1018    .ARM.Collect$$libshutdown$$00000003  c_w.l(libshutdown2.o)
    0x080002f2   0x00000000   Code   RO         1021    .ARM.Collect$$libshutdown$$00000006  c_w.l(libshutdown2.o)
    0x080002f2   0x00000000   Code   RO         1024    .ARM.Collect$$libshutdown$$00000009  c_w.l(libshutdown2.o)
    0x080002f2   0x00000000   Code   RO         1026    .ARM.Collect$$libshutdown$$0000000B  c_w.l(libshutdown2.o)
    0x080002f2   0x00000000   Code   RO         1029    .ARM.Collect$$libshutdown$$0000000E  c_w.l(libshutdown2.o)
    0x080002f2   0x00000002   Code   RO         1030    .ARM.Collect$$libshutdown$$0000000F  c_w.l(libshutdown2.o)
    0x080002f4   0x00000000   Code   RO          808    .ARM.Collect$$rtentry$$00000000  c_w.l(rtentry.o)
    0x080002f4   0x00000000   Code   RO          860    .ARM.Collect$$rtentry$$00000002  c_w.l(rtentry2.o)
    0x080002f4   0x00000006   Code   RO          872    .ARM.Collect$$rtentry$$00000004  c_w.l(rtentry4.o)
    0x080002fa   0x00000000   Code   RO          862    .ARM.Collect$$rtentry$$00000009  c_w.l(rtentry2.o)
    0x080002fa   0x00000004   Code   RO          863    .ARM.Collect$$rtentry$$0000000A  c_w.l(rtentry2.o)
    0x080002fe   0x00000000   Code   RO          865    .ARM.Collect$$rtentry$$0000000C  c_w.l(rtentry2.o)
    0x080002fe   0x00000008   Code   RO          866    .ARM.Collect$$rtentry$$0000000D  c_w.l(rtentry2.o)
    0x08000306   0x00000002   Code   RO          942    .ARM.Collect$$rtexit$$00000000  c_w.l(rtexit.o)
    0x08000308   0x00000000   Code   RO          991    .ARM.Collect$$rtexit$$00000002  c_w.l(rtexit2.o)
    0x08000308   0x00000004   Code   RO          992    .ARM.Collect$$rtexit$$00000003  c_w.l(rtexit2.o)
    0x0800030c   0x00000006   Code   RO          993    .ARM.Collect$$rtexit$$00000004  c_w.l(rtexit2.o)
    0x08000312   0x00000002   PAD
    0x08000314   0x00000554   Code   RO            3    .text               main.o
    0x08000868   0x0000001a   Code   RO          177    .text               stm32f4xx_it.o
    0x08000882   0x00000002   PAD
    0x08000884   0x00000210   Code   RO          226    .text               system_stm32f4xx.o
    0x08000a94   0x00000040   Code   RO          252    .text               led.o
    0x08000ad4   0x00000104   Code   RO          272    .text               key.o
    0x08000bd8   0x0000484c   Code   RO          293    .text               lcd.o
    0x08005424   0x00000088   Code   RO          331    .text               timer.o
    0x080054ac   0x00000184   Code   RO          355    .text               usart3.o
    0x08005630   0x00000274   Code   RO          389    .text               hc05.o
    0x080058a4   0x0000003c   Code   RO          413    .text               relay.o
    0x080058e0   0x00000104   Code   RO          433    .text               delay.o
    0x080059e4   0x00000154   Code   RO          473    .text               usart.o
    0x08005b38   0x00000040   Code   RO          505    .text               startup_stm32f40_41xxx.o
    0x08005b78   0x000000e0   Code   RO          511    .text               misc.o
    0x08005c58   0x00000294   Code   RO          531    .text               stm32f4xx_gpio.o
    0x08005eec   0x000005c8   Code   RO          551    .text               stm32f4xx_fsmc.o
    0x080064b4   0x0000065c   Code   RO          574    .text               stm32f4xx_rcc.o
    0x08006b10   0x00000454   Code   RO          616    .text               stm32f4xx_usart.o
    0x08006f64   0x00000ca2   Code   RO          636    .text               stm32f4xx_tim.o
    0x08007c06   0x00000002   PAD
    0x08007c08   0x00000c34   Code   RO          656    .text               usmart.o
    0x0800883c   0x00000528   Code   RO          701    .text               usmart_str.o
    0x08008d64   0x00000002   Code   RO          721    .text               c_w.l(use_no_semi_2.o)
    0x08008d66   0x00000002   PAD
    0x08008d68   0x00000024   Code   RO          723    .text               c_w.l(c89vsprintf.o)
    0x08008d8c   0x00000018   Code   RO          725    .text               c_w.l(__2printf.o)
    0x08008da4   0x0000002c   Code   RO          727    .text               c_w.l(__2sprintf.o)
    0x08008dd0   0x0000004e   Code   RO          735    .text               c_w.l(_printf_pad.o)
    0x08008e1e   0x00000052   Code   RO          737    .text               c_w.l(_printf_str.o)
    0x08008e70   0x00000074   Code   RO          739    .text               c_w.l(_printf_dec.o)
    0x08008ee4   0x00000094   Code   RO          759    .text               c_w.l(_printf_hex_int_ll_ptr.o)
    0x08008f78   0x00000188   Code   RO          779    .text               c_w.l(__printf_flags_ss_wp.o)
    0x08009100   0x0000003e   Code   RO          788    .text               c_w.l(strlen.o)
    0x0800913e   0x00000002   PAD
    0x08009140   0x00000080   Code   RO          790    .text               c_w.l(strcmpv7m.o)
    0x080091c0   0x00000006   Code   RO          792    .text               c_w.l(heapauxi.o)
    0x080091c6   0x00000002   Code   RO          806    .text               c_w.l(use_no_semi.o)
    0x080091c8   0x00000024   Code   RO          809    .text               c_w.l(_printf_truncate.o)
    0x080091ec   0x000000b2   Code   RO          811    .text               c_w.l(_printf_intcommon.o)
    0x0800929e   0x00000028   Code   RO          813    .text               c_w.l(_printf_charcount.o)
    0x080092c6   0x00000002   PAD
    0x080092c8   0x00000030   Code   RO          815    .text               c_w.l(_printf_char_common.o)
    0x080092f8   0x0000000a   Code   RO          817    .text               c_w.l(_sputc.o)
    0x08009302   0x0000002c   Code   RO          819    .text               c_w.l(_printf_char.o)
    0x0800932e   0x00000002   PAD
    0x08009330   0x00000024   Code   RO          821    .text               c_w.l(_printf_char_file.o)
    0x08009354   0x000000bc   Code   RO          823    .text               c_w.l(_printf_wctomb.o)
    0x08009410   0x00000078   Code   RO          826    .text               c_w.l(_printf_longlong_dec.o)
    0x08009488   0x00000070   Code   RO          832    .text               c_w.l(_printf_oct_int_ll.o)
    0x080094f8   0x0000008a   Code   RO          874    .text               c_w.l(lludiv10.o)
    0x08009582   0x00000416   Code   RO          876    .text               c_w.l(_printf_fp_dec.o)
    0x08009998   0x0000002c   Code   RO          880    .text               c_w.l(_printf_wchar.o)
    0x080099c4   0x00000008   Code   RO          882    .text               c_w.l(ferror.o)
    0x080099cc   0x00000040   Code   RO          886    .text               c_w.l(_wcrtomb.o)
    0x08009a0c   0x0000004a   Code   RO          888    .text               c_w.l(sys_stackheap_outer.o)
    0x08009a56   0x00000002   PAD
    0x08009a58   0x00000010   Code   RO          890    .text               c_w.l(rt_ctype_table.o)
    0x08009a68   0x00000008   Code   RO          895    .text               c_w.l(rt_locale_intlibspace.o)
    0x08009a70   0x00000080   Code   RO          897    .text               c_w.l(_printf_fp_infnan.o)
    0x08009af0   0x000000d8   Code   RO          899    .text               c_w.l(bigflt0.o)
    0x08009bc8   0x0000000c   Code   RO          927    .text               c_w.l(exit.o)
    0x08009bd4   0x00000008   Code   RO          939    .text               c_w.l(libspace.o)
    0x08009bdc   0x0000003e   Code   RO          902    CL$$btod_d2e        c_w.l(btod.o)
    0x08009c1a   0x00000046   Code   RO          904    CL$$btod_d2e_denorm_low  c_w.l(btod.o)
    0x08009c60   0x00000060   Code   RO          903    CL$$btod_d2e_norm_op1  c_w.l(btod.o)
    0x08009cc0   0x00000338   Code   RO          912    CL$$btod_div_common  c_w.l(btod.o)
    0x08009ff8   0x000000c6   Code   RO          909    CL$$btod_e2e        c_w.l(btod.o)
    0x0800a0be   0x00000028   Code   RO          906    CL$$btod_ediv       c_w.l(btod.o)
    0x0800a0e6   0x00000028   Code   RO          905    CL$$btod_emul       c_w.l(btod.o)
    0x0800a10e   0x00000244   Code   RO          911    CL$$btod_mult_common  c_w.l(btod.o)
    0x0800a352   0x00000030   Code   RO          937    i.__ARM_fpclassify  m_wm.l(fpclassify.o)
    0x0800a382   0x0000000e   Code   RO          772    i._is_digit         c_w.l(__printf_wp.o)
    0x0800a390   0x0000002c   Code   RO          925    locale$$code        c_w.l(lc_numeric_c.o)
    0x0800a3bc   0x0000002c   Code   RO          945    locale$$code        c_w.l(lc_ctype_c.o)
    0x0800a3e8   0x000002b0   Code   RO          797    x$fpl$ddiv          fz_wm.l(ddiv.o)
    0x0800a698   0x00000026   Code   RO          800    x$fpl$dfltu         fz_wm.l(dflt_clz.o)
    0x0800a6be   0x0000009c   Code   RO          852    x$fpl$dnaninf       fz_wm.l(dnaninf.o)
    0x0800a75a   0x0000000c   Code   RO          854    x$fpl$dretinf       fz_wm.l(dretinf.o)
    0x0800a766   0x0000000a   Code   RO          999    x$fpl$fpinit        fz_wm.l(fpinit.o)
    0x0800a770   0x00000004   Code   RO          856    x$fpl$printf1       fz_wm.l(printf1.o)
    0x0800a774   0x00000000   Code   RO          858    x$fpl$usenofp       fz_wm.l(usenofp.o)
    0x0800a774   0x000017c0   Data   RO          295    .constdata          lcd.o
    0x0800bf34   0x0000001c   Data   RO          552    .constdata          stm32f4xx_fsmc.o
    0x0800bf50   0x00000028   Data   RO          760    .constdata          c_w.l(_printf_hex_int_ll_ptr.o)
    0x0800bf78   0x00000011   Data   RO          780    .constdata          c_w.l(__printf_flags_ss_wp.o)
    0x0800bf89   0x00000003   PAD
    0x0800bf8c   0x00000008   Data   RO          824    .constdata          c_w.l(_printf_wctomb.o)
    0x0800bf94   0x00000094   Data   RO          900    .constdata          c_w.l(bigflt0.o)
    0x0800c028   0x00000028   Data   RO          657    .conststring        usmart.o
    0x0800c050   0x0000006f   Data   RO          680    .conststring        usmart_config.o
    0x0800c0bf   0x00000001   PAD
    0x0800c0c0   0x00000020   Data   RO         1062    Region$$Table       anon$$obj.o
    0x0800c0e0   0x0000001c   Data   RO          924    locale$$data        c_w.l(lc_numeric_c.o)
    0x0800c0fc   0x00000110   Data   RO          944    locale$$data        c_w.l(lc_ctype_c.o)


    Execution Region RW_IRAM1 (Base: 0x20000000, Size: 0x00000bc0, Max: 0x00020000, ABSOLUTE, COMPRESSED[0x00000060])

    Base Addr    Size         Type   Attr      Idx    E Section Name        Object

    0x20000000   0x00000014   Data   RW          227    .data               system_stm32f4xx.o
    0x20000014   0x00000001   Data   RW          273    .data               key.o
    0x20000015   0x00000001   PAD
    0x20000016   0x00000004   Data   RW          296    .data               lcd.o
    0x2000001a   0x00000002   Data   RW          357    .data               usart3.o
    0x2000001c   0x00000004   Data   RW          434    .data               delay.o
    0x20000020   0x00000006   Data   RW          475    .data               usart.o
    0x20000026   0x00000010   Data   RW          575    .data               stm32f4xx_rcc.o
    0x20000036   0x00000002   PAD
    0x20000038   0x0000001c   Data   RW          658    .data               usmart.o
    0x20000054   0x00000114   Data   RW          681    .data               usmart_config.o
    0x20000168   0x0000000e   Zero   RW          294    .bss                lcd.o
    0x20000176   0x00000002   PAD
    0x20000178   0x00000320   Zero   RW          356    .bss                usart3.o
    0x20000498   0x000000c8   Zero   RW          474    .bss                usart.o
    0x20000560   0x00000060   Zero   RW          940    .bss                c_w.l(libspace.o)
    0x200005c0   0x00000200   Zero   RW          503    HEAP                startup_stm32f40_41xxx.o
    0x200007c0   0x00000400   Zero   RW          502    STACK               startup_stm32f40_41xxx.o


==============================================================================

Image component sizes


      Code (inc. data)   RO Data    RW Data    ZI Data      Debug   Object Name

       260          8          0          4          0       1393   delay.o
       628         62          0          0          0       2100   hc05.o
       260         12          0          1          0        840   key.o
     18508        172       6080          4         14      22017   lcd.o
        64          4          0          0          0        503   led.o
      1364        440          0          0          0     290352   main.o
       224         20          0          0          0       1773   misc.o
        60          4          0          0          0        517   relay.o
        64         26        392          0       1536        816   startup_stm32f40_41xxx.o
      1480         18         28          0          0       5550   stm32f4xx_fsmc.o
       660         44          0          0          0       4049   stm32f4xx_gpio.o
        26          0          0          0          0       1202   stm32f4xx_it.o
      1628         52          0         16          0      12816   stm32f4xx_rcc.o
      3234         60          0          0          0      22256   stm32f4xx_tim.o
      1108         34          0          0          0       7752   stm32f4xx_usart.o
       528         46          0         20          0       1711   system_stm32f4xx.o
       136          8          0          0          0        780   timer.o
       340         18          0          6        200       3254   usart.o
       388         24          0          2        800       2502   usart3.o
      3124       1286         40         28          0       4298   usmart.o
         0          0        111        276          0       1460   usmart_config.o
      1320         12          0          0          0       5121   usmart_str.o

    ----------------------------------------------------------------------
     35408       2350       6684        360       2552     393062   Object Totals
         0          0         32          0          0          0   (incl. Generated)
         4          0          1          3          2          0   (incl. Padding)

    ----------------------------------------------------------------------

      Code (inc. data)   RO Data    RW Data    ZI Data      Debug   Library Member Name

        24          4          0          0          0         84   __2printf.o
        44          6          0          0          0         84   __2sprintf.o
        90          0          0          0          0          0   __dczerorl2.o
         8          0          0          0          0         68   __main.o
       392          4         17          0          0         92   __printf_flags_ss_wp.o
        14          0          0          0          0         68   __printf_wp.o
        52          8          0          0          0          0   __scatter.o
        28          0          0          0          0          0   __scatter_zi.o
         6          0          0          0          0          0   _printf_a.o
         6          0          0          0          0          0   _printf_c.o
        44          0          0          0          0        108   _printf_char.o
        48          6          0          0          0         96   _printf_char_common.o
        36          4          0          0          0         80   _printf_char_file.o
        40          0          0          0          0         68   _printf_charcount.o
         6          0          0          0          0          0   _printf_d.o
       116         16          0          0          0         92   _printf_dec.o
         6          0          0          0          0          0   _printf_e.o
         6          0          0          0          0          0   _printf_f.o
      1046          0          0          0          0        216   _printf_fp_dec.o
       128         16          0          0          0         84   _printf_fp_infnan.o
         6          0          0          0          0          0   _printf_g.o
       148          4         40          0          0        160   _printf_hex_int_ll_ptr.o
         6          0          0          0          0          0   _printf_i.o
       178          0          0          0          0         88   _printf_intcommon.o
        10          0          0          0          0          0   _printf_l.o
         6          0          0          0          0          0   _printf_lc.o
        10          0          0          0          0          0   _printf_ll.o
         6          0          0          0          0          0   _printf_lld.o
         6          0          0          0          0          0   _printf_lli.o
         6          0          0          0          0          0   _printf_llo.o
         6          0          0          0          0          0   _printf_llu.o
         6          0          0          0          0          0   _printf_llx.o
       120         16          0          0          0         92   _printf_longlong_dec.o
         6          0          0          0          0          0   _printf_ls.o
         6          0          0          0          0          0   _printf_n.o
         6          0          0          0          0          0   _printf_o.o
       112          8          0          0          0        124   _printf_oct_int_ll.o
         6          0          0          0          0          0   _printf_p.o
        78          0          0          0          0        108   _printf_pad.o
         0          0          0          0          0          0   _printf_percent.o
         4          0          0          0          0          0   _printf_percent_end.o
         6          0          0          0          0          0   _printf_s.o
        82          0          0          0          0         80   _printf_str.o
        36          0          0          0          0         84   _printf_truncate.o
         6          0          0          0          0          0   _printf_u.o
        44          0          0          0          0        108   _printf_wchar.o
       188          6          8          0          0         92   _printf_wctomb.o
         6          0          0          0          0          0   _printf_x.o
        10          0          0          0          0         68   _sputc.o
        64          0          0          0          0         92   _wcrtomb.o
       216          4        148          0          0         96   bigflt0.o
      1910        128          0          0          0        672   btod.o
        36          4          0          0          0         76   c89vsprintf.o
        12          0          0          0          0         72   exit.o
         8          0          0          0          0         68   ferror.o
         6          0          0          0          0        152   heapauxi.o
        44         10        272          0          0         76   lc_ctype_c.o
        44         10         28          0          0         76   lc_numeric_c.o
         2          0          0          0          0          0   libinit.o
        34          0          0          0          0          0   libinit2.o
         2          0          0          0          0          0   libshutdown.o
         2          0          0          0          0          0   libshutdown2.o
         8          4          0          0         96         68   libspace.o
       138          0          0          0          0         80   lludiv10.o
        16          4          0          0          0         76   rt_ctype_table.o
         8          4          0          0          0         68   rt_locale_intlibspace.o
         0          0          0          0          0          0   rtentry.o
        12          0          0          0          0          0   rtentry2.o
         6          0          0          0          0          0   rtentry4.o
         2          0          0          0          0          0   rtexit.o
        10          0          0          0          0          0   rtexit2.o
       128          0          0          0          0         68   strcmpv7m.o
        62          0          0          0          0         76   strlen.o
        74          0          0          0          0         80   sys_stackheap_outer.o
         2          0          0          0          0         68   use_no_semi.o
         2          0          0          0          0         68   use_no_semi_2.o
       688        140          0          0          0        256   ddiv.o
        38          0          0          0          0        116   dflt_clz.o
       156          4          0          0          0        140   dnaninf.o
        12          0          0          0          0        116   dretinf.o
        10          0          0          0          0        116   fpinit.o
         4          0          0          0          0        116   printf1.o
         0          0          0          0          0          0   usenofp.o
        48          0          0          0          0        124   fpclassify.o

    ----------------------------------------------------------------------
      7068        410        516          0         96       5160   Library Totals
        14          0          3          0          0          0   (incl. Padding)

    ----------------------------------------------------------------------

      Code (inc. data)   RO Data    RW Data    ZI Data      Debug   Library Name

      6098        266        513          0         96       4176   c_w.l
       908        144          0          0          0        860   fz_wm.l
        48          0          0          0          0        124   m_wm.l

    ----------------------------------------------------------------------
      7068        410        516          0         96       5160   Library Totals

    ----------------------------------------------------------------------

==============================================================================


      Code (inc. data)   RO Data    RW Data    ZI Data      Debug   

     42476       2760       7200        360       2648     391434   Grand Totals
     42476       2760       7200         96       2648     391434   ELF Image Totals (compressed)
     42476       2760       7200         96          0          0   ROM Totals

==============================================================================

    Total RO  Size (Code + RO Data)                49676 (  48.51kB)
    Total RW  Size (RW Data + ZI Data)              3008 (   2.94kB)
    Total ROM Size (Code + RO Data + RW Data)      49772 (  48.61kB)

==============================================================================

